02-10 13:48:54.438   820   820 E SettingsState: invalid override flag name activity_manager/bg_current_drain_auto_restrict_abusive_apps_enabled
02-10 13:48:54.438   820   820 E SettingsState: invalid override flag name device_personalization_services/Captions__enable_duration_animation
02-10 13:48:54.438   820   820 E SettingsState: invalid override flag name adservices/sdk_request_permits_per_second
02-10 13:48:54.438   820   820 E SettingsState: invalid override flag name device_personalization_services/AicModels__clear_application_user_data_for_non_user0_profiles
02-10 13:48:54.438   820   820 E SettingsState: invalid override flag name aicore/AicCommon__schedule_shutdown_interval_seconds
02-10 13:48:54.439   820   820 E SettingsState: invalid override flag name aicore/AicDataRelease__build_id_9931783747856508885
02-10 13:48:54.439   820   820 E SettingsState: invalid override flag name adservices/measurement_enable_xna
02-10 13:48:54.439   820   820 E SettingsState: invalid override flag name device_personalization_services/WalletSuggestions__default_geofence_size_m
02-10 13:48:54.439   820   820 E SettingsState: invalid override flag name odad/hygienation_watchdog_seconds
02-10 13:48:54.439   820   820 E SettingsState: invalid override flag name adservices/cobalt_logging_job_period_ms
02-10 13:48:54.439   820   820 E SettingsState: invalid override flag name ipsec/config_auto_natt_keepalives_cellular_timeout_override_seconds
02-10 13:48:54.439   820   820 E SettingsState: invalid override flag name systemui/ssin_edit_choices_before_sending
02-10 13:48:54.440   820   820 E SettingsState: invalid override flag name aicore/AicOnDeviceIntelligence__reset_cache_after_background_download_enabled
02-10 13:48:54.440   820   820 E SettingsState: invalid override flag name device_personalization_services/EchoSmartspace__enable_loud_sound_alert
02-10 13:48:54.440   820   820 E SettingsState: invalid override flag name adservices/measurement_receiver_install_attribution_kill_switch
02-10 13:48:54.440   820   820 E SettingsState: invalid override flag name adservices/fledge_kanon_key_attestation_enabled
02-10 13:48:54.440   820   820 E SettingsState: invalid override flag name adservices/fledge_kanon_join_url_authoriy
02-10 13:48:54.440   820   820 E SettingsState: invalid override flag name aicore/AicModels__enable_consistent_data_update
02-10 13:48:54.440   820   820 E SettingsState: invalid override flag name adservices/kanon_get_challenge_url
02-10 13:48:54.441   820   820 E SettingsState: invalid override flag name adservices/fledge_auction_server_background_key_fetch_network_read_timeout_ms
02-10 13:48:54.441   820   820 E SettingsState: invalid override flag name device_personalization_services/Captions__surface_sound_events
02-10 13:48:54.441   820   820 E SettingsState: invalid override flag name aicore/AicSafety__deprecated_client_list
02-10 13:48:54.441   820   820 E SettingsState: invalid override flag name adservices/measurement_enable_vtc_configurable_max_event_reports_count
02-10 13:48:54.441   820   820 E SettingsState: invalid override flag name device_personalization_services/SmartNotification__default_bundle_to_unknown_threshold
02-10 13:48:54.442   820   820 E SettingsState: invalid override flag name device_personalization_services/Echo__smartspace_enable_echo_unified_settings
02-10 13:48:54.442   820   820 E SettingsState: invalid override flag name device_personalization_services/Captions__ec_duration_threshold_millis
02-10 13:48:54.442   820   820 E SettingsState: invalid override flag name storage_native_boot/transcode_compat_stale
02-10 13:48:54.442   820   820 E SettingsState: invalid override flag name tare/enable_tare_mode
02-10 13:48:54.442   820   820 E SettingsState: invalid override flag name adservices/fledge_custom_audience_max_activate_in_days
02-10 13:48:54.443   820   820 E SettingsState: invalid override flag name adservices/enable_logged_topic
02-10 13:48:54.443   820   820 E SettingsState: invalid override flag name device_personalization_services/Overview__enable_content_classification_actions
02-10 13:48:54.443   820   820 E SettingsState: invalid override flag name adservices/fledge_auction_server_ad_render_id_max_length
02-10 13:48:54.443   820   820 E SettingsState: invalid override flag name storage_native_boot/charging_required
02-10 13:48:54.443   820   820 E SettingsState: invalid override flag name device_personalization_services/People__pecan_cell_disabled_packages
02-10 13:48:54.444   820   820 E SettingsState: invalid override flag name device_personalization_services/SmartSelect__smart_select_brella_population_name_prefix
02-10 13:48:54.444   820   820 E SettingsState: invalid override flag name odad/log_model_version_westworld
02-10 13:48:54.444   820   820 E SettingsState: invalid override flag name adservices/mdd_logger_kill_switch
02-10 13:48:54.444   820   820 E SettingsState: invalid override flag name device_personalization_services/SmartNotification__app_specific_supported_categories
02-10 13:48:54.444   820   820 E SettingsState: invalid override flag name devicelock/enable_device_deregistration
02-10 13:48:54.444   820   820 E SettingsState: invalid override flag name launcher/ENABLE_SMARTSPACE_ENHANCED
02-10 13:48:54.444   820   820 E SettingsState: invalid override flag name adservices/fledge_auction_server_background_key_fetch_job_enabled
02-10 13:48:54.445   820   820 E SettingsState: invalid override flag name aicore/AicDataRelease__build_id_6098232831121113138
02-10 13:48:54.445   820   820 E SettingsState: invalid override flag name systemui/apply_sharing_app_limits_in_sysui
02-10 13:48:54.445   820   820 E SettingsState: invalid override flag name credential_manager/enable_credential_manager
02-10 13:48:54.445   820   820 E SettingsState: invalid override flag name odad/safety_center_redundant_notification_cancel_fix
02-10 13:48:54.445   820   820 E SettingsState: invalid override flag name adservices/Fledge__enable_schedule_custom_audience_update_additional_schedule_requests
02-10 13:48:54.446   820   820 E SettingsState: invalid override flag name device_personalization_services/PcsHttp__ipc_streaming_throttle_ms
02-10 13:48:54.446   820   820 E SettingsState: invalid override flag name adservices/adservice_system_service_enabled
02-10 13:48:54.446   820   820 E SettingsState: invalid override flag name device_policy_manager/ApplicationExemptions__enable_application_exemptions
02-10 13:48:54.446   820   820 E SettingsState: invalid override flag name adservices/fledge_custom_audience_default_expire_in_days
02-10 13:48:54.446   820   820 E SettingsState: invalid override flag name exo/app_streaming_task_navigation_blocked_components
02-10 13:48:54.446   820   820 E SettingsState: invalid override flag name odad/odad_home_most_recent_classification_fix
02-10 13:48:54.447   820   820 E SettingsState: invalid override flag name device_personalization_services/SmartNotification__max_word_count_for_summary
02-10 13:48:54.447   820   820 E SettingsState: invalid override flag name aicore/AicQuota__use_dynamic_request_costs
02-10 13:48:54.447   820   820 E SettingsState: invalid override flag name device_personalization_services/AicModels__set_file_defrag_override
02-10 13:48:54.448   820   820 E SettingsState: invalid override flag name device_personalization_services/SmartNotification__summaries_supported_languages
02-10 13:48:54.448   820   820 E SettingsState: invalid override flag name device_personalization_services/Pecan__enabled_packages_for_magic_recall_with_ime_zero_state
02-10 13:48:54.449   820   820 E SettingsState: invalid override flag name on_device_personalization/odp_enable_client_error_logging
02-10 13:48:54.449   820   820 E SettingsState: invalid override flag name device_personalization_services/Captions__model_version_v1
02-10 13:48:54.450   820   820 E SettingsState: invalid override flag name device_personalization_services/StatsLog__enable_new_logger_api
02-10 13:48:54.450   820   820 E SettingsState: invalid override flag name systemui/shortcut_appsearch_integration
02-10 13:48:54.450   820   820 E SettingsState: invalid override flag name aicore/AicCommon__service_aidl_timeout_seconds
02-10 13:48:54.450   820   820 E SettingsState: invalid override flag name device_personalization_services/AstreaNetworkUsageLog__reject_unknown_requests
02-10 13:48:54.450   820   820 E SettingsState: invalid override flag name odad/safety_center_persistence_v2_enabled
02-10 13:48:54.451   820   820 E SettingsState: invalid override flag name adservices/enable_back_compat_init
02-10 13:48:54.451   820   820 E SettingsState: invalid override flag name adservices/Measurement__enable_aggregate_debug_reporting
02-10 13:48:54.451   820   820 E SettingsState: invalid override flag name device_personalization_services/AstreaFeedback__enable_opt_in_ui_v2
02-10 13:48:54.451   820   820 E SettingsState: invalid override flag name tethering/mdns_advertiser_allowlist_presence_version
02-10 13:48:54.451   820   820 E SettingsState: invalid override flag name adservices/measurement_enable_preinstall_check
02-10 13:48:54.452   820   820 E SettingsState: invalid override flag name systemui/ssin_enabled
02-10 13:48:54.452   820   820 E SettingsState: invalid override flag name adservices/fledge_kanon_set_type_to_sign_join
02-10 13:48:54.452   820   820 E SettingsState: invalid override flag name telephony/ramping_ringer_enabled
02-10 13:48:54.452   820   820 E SettingsState: invalid override flag name on_device_personalization/render_flow_deadline_seconds
02-10 13:48:54.453   820   820 E SettingsState: invalid override flag name app_hibernation/app_hibernation_targets_pre_s_apps
02-10 13:48:54.453   820   820 E SettingsState: invalid override flag name odad/log_classification_latency_westworld
02-10 13:48:54.453   820   820 E SettingsState: invalid override flag name adservices/enable_mdd_encryption_keys
02-10 13:48:54.453   820   820 E SettingsState: invalid override flag name netd_native/dot_revalidation_threshold
02-10 13:48:54.454   820   820 E SettingsState: invalid override flag name device_personalization_services/Superpacks__require_idle_by_default
02-10 13:48:54.454   820   820 E SettingsState: invalid override flag name device_personalization_services/ViewSemantics__memory_reduction
02-10 13:48:54.454   820   820 E SettingsState: invalid override flag name device_personalization_services/PlatformLogging__enable_platform_logging_testing
02-10 13:48:54.454   820   820 E SettingsState: invalid override flag name odad/westworld_watchdog_seconds
02-10 13:48:54.454   820   820 E SettingsState: invalid override flag name pixel_pearl/AicInference__enable_compatibility_check
02-10 13:48:54.455   820   820 E SettingsState: invalid override flag name content_capture/enable_contentcapture
02-10 13:48:54.455   820   820 E SettingsState: invalid override flag name adservices/appsetid_kill_switch
02-10 13:48:54.455   820   820 E SettingsState: invalid override flag name adservices/fledge_debug_report_sender_job_flex_ms
02-10 13:48:54.455   820   820 E SettingsState: invalid override flag name device_personalization_services/SmartNotification__summary_model_download_when_unavailable_millis
02-10 13:48:54.455   820   820 E SettingsState: invalid override flag name device_personalization_services/AicModels__protected_download_v2_safe_base_model_switch_timeout_hours
02-10 13:48:54.455   820   820 E SettingsState: invalid override flag name device_personalization_services/SmartRecPixelSearch__enable_search_on_files
02-10 13:48:54.456   820   820 E SettingsState: invalid override flag name adservices/topics_api_app_request_permits_per_second
02-10 13:48:54.456   820   820 E SettingsState: invalid override flag name aicore/AicSafety__use_flexible_safety_tars_classifier
02-10 13:48:54.456   820   820 E SettingsState: invalid override flag name adservices/DownloadConfig__mdd_package_deny_registry_manifest_file_url
02-10 13:48:54.456   820   820 E SettingsState: invalid override flag name device_personalization_services/NotificationAssistant__enable_upgrade_importance
02-10 13:48:54.456   820   820 E SettingsState: invalid override flag name health_fitness/RateLimiter__max_write_requests_per_15m_foreground
02-10 13:48:54.457   820   820 E SettingsState: invalid override flag name health_fitness/count_migration_state_allowed
02-10 13:48:54.457   820   820 E SettingsState: invalid override flag name device_personalization_services/Overview__enable_proactive_hints
02-10 13:48:54.457   820   820 E SettingsState: invalid override flag name adservices/measurement_api_register_web_trigger_kill_switch
02-10 13:48:54.457   820   820 E SettingsState: invalid override flag name device_personalization_services/SmartNotification__min_string_length_for_private_summary
02-10 13:48:54.457   820   820 E SettingsState: invalid override flag name adservices/Measurement__adr_budget_window_length_ms
02-10 13:48:54.457   820   820 E SettingsState: invalid override flag name adservices/fledge_custom_audience_max_expire_in_days
02-10 13:48:54.457   820   820 E SettingsState: invalid override flag name odad/usage_events_risk_utf_score
02-10 13:48:54.457   820   820 E SettingsState: invalid override flag name device_personalization_services/EchoSmartspace__loud_sound_test_threshold_duration_seconds
02-10 13:48:54.458   820   820 E SettingsState: invalid override flag name adservices/fledge_custom_audience_max_num_ads
02-10 13:48:54.458   820   820 E SettingsState: invalid override flag name device_personalization_services/AicModels__filter_manifest_on_min_apk_version
02-10 13:48:54.458   820   820 E SettingsState: invalid override flag name storage_native_boot/dirty_reclaim_rate
02-10 13:48:54.458   820   820 E SettingsState: invalid override flag name captive_portal_login/use_any_custom_tab_provider
02-10 13:48:54.458   820   820 E SettingsState: invalid override flag name odad/phl_autofill_hint_suspicious_score
02-10 13:48:54.458   820   820 E SettingsState: invalid override flag name adservices/measurement_enable_odp_web_trigger_registration
02-10 13:48:54.459   820   820 E SettingsState: invalid override flag name adservices/enable_back_compat
02-10 13:48:54.459   820   820 E SettingsState: invalid override flag name aicore/AicModels__mdd_maintenance_at_init_enabled
02-10 13:48:54.459   820   820 E SettingsState: invalid override flag name adservices/measurement_enable_delete_reports_on_unrecoverable_exception
02-10 13:48:54.459   820   820 E SettingsState: invalid override flag name adservices/mdd_network_stats_logging_sample_interval
02-10 13:48:54.459   820   820 E SettingsState: invalid override flag name health_fitness/count_migration_state_in_progress
02-10 13:48:54.459   820   820 E SettingsState: invalid override flag name odad/phl_button_scores
02-10 13:48:54.459   820   820 E SettingsState: invalid override flag name input_method/InputMethodManager__hide_ime_when_no_editor_focus
02-10 13:48:54.460   820   820 E SettingsState: invalid override flag name odad/cp_debug_keywords
02-10 13:48:54.460   820   820 E SettingsState: invalid override flag name on_device_personalization/default_scheduling_period_secs
02-10 13:48:54.460   820   820 E SettingsState: invalid override flag name aicore/AicSafety__messages_custom_protection_enabled
02-10 13:48:54.460   820   820 E SettingsState: invalid override flag name device_personalization_services/AicModels__mdd_filter_filegroups_for_background_jobs
02-10 13:48:54.460   820   820 E SettingsState: invalid override flag name devicelock/enable_device_registration
02-10 13:48:54.461   820   820 E SettingsState: invalid override flag name media/player_metrics_per_app_user_media_activity_allowlist
02-10 13:48:54.461   820   820 E SettingsState: invalid override flag name notification_assistant/generate_actions
02-10 13:48:54.461   820   820 E SettingsState: invalid override flag name health_fitness/migration_completion_job_run_interval_days
02-10 13:48:54.461   820   820 E SettingsState: invalid override flag name adservices/fledge_auction_server_enable_pas_unlimited_egress
02-10 13:48:54.461   820   820 E SettingsState: invalid override flag name netd_native/max_cache_entries
02-10 13:48:54.461   820   820 E SettingsState: invalid override flag name device_personalization_services/PccFlogger__enable_pcc_flogger_backend
02-10 13:48:54.461   820   820 E SettingsState: invalid override flag name privacy/safety_center_show_subpages
02-10 13:48:54.462   820   820 E SettingsState: invalid override flag name device_personalization_services/VisualCortex__enable
02-10 13:48:54.462   820   820 E SettingsState: invalid override flag name aicore/AicSafety__use_flexible_safety_magic_rewrite_classifier
02-10 13:48:54.462   820   820 E SettingsState: invalid override flag name nnapi_native/telemetry_enable
02-10 13:48:54.462   820   820 E SettingsState: invalid override flag name odad/max_low_cost_scanning_apps
02-10 13:48:54.462   820   820 E SettingsState: invalid override flag name odad/max_classification_reports
02-10 13:48:54.462   820   820 E SettingsState: invalid override flag name health_fitness/RateLimiter__max_write_requests_per_24h_background
02-10 13:48:54.462   820   820 E SettingsState: invalid override flag name adservices/fledge_background_fetch_thread_pool_size
02-10 13:48:54.463   820   820 E SettingsState: invalid override flag name connectivity/ipclient_multicast_ns_version
02-10 13:48:54.463   820   820 E SettingsState: invalid override flag name health_fitness/RateLimiter__max_read_requests_per_15m_foreground
02-10 13:48:54.463   820   820 E SettingsState: invalid override flag name adservices/topics_number_of_random_topics
02-10 13:48:54.463   820   820 E SettingsState: invalid override flag name device_personalization_services/AicModels__mdd_enable_background_jobs
02-10 13:48:54.463   820   820 E SettingsState: invalid override flag name device_personalization_services/Captions__enable_ec_v3_integration
02-10 13:48:54.463   820   820 E SettingsState: invalid override flag name runtime_native_boot/iorap_perfetto_enable
02-10 13:48:54.463   820   820 E SettingsState: invalid override flag name odad/phl_text_box_score
02-10 13:48:54.464   820   820 E SettingsState: invalid override flag name privacy/safety_label_changes_job_interval_millis
02-10 13:48:54.464   820   820 E SettingsState: invalid override flag name on_device_personalization/fcp_enable_authentication
02-10 13:48:54.464   820   820 E SettingsState: invalid override flag name package_manager_service/Archiving__enable_archiving
02-10 13:48:54.464   820   820 E SettingsState: invalid override flag name adservices/mdd_enrollment_manifest_file_url
02-10 13:48:54.464   820   820 E SettingsState: invalid override flag name adservices/protected_signals_cleanup_enabled
02-10 13:48:54.464   820   820 E SettingsState: invalid override flag name exo/use_target_dpi
02-10 13:48:54.465   820   820 E SettingsState: invalid override flag name adservices/topics_on_device_classifier_kill_switch
02-10 13:48:54.465   820   820 E SettingsState: invalid override flag name odad/safety_center_bll_warnings_v2_enabled
02-10 13:48:54.465   820   820 E SettingsState: invalid override flag name textclassifier/manifest_download_max_attempts
02-10 13:48:54.465   820   820 E SettingsState: invalid override flag name content_capture/content_protection_optional_groups_config
02-10 13:48:54.465   820   820 E SettingsState: invalid override flag name adservices/enrollment_proto_file_enabled
02-10 13:48:54.466   820   820 E SettingsState: invalid override flag name odad/old_versioned_ww_data_enabled
02-10 13:48:54.467   820   820 E SettingsState: invalid override flag name adservices/measurement_async_registration_job_trigger_max_delay_ms
02-10 13:48:54.467   820   820 E SettingsState: invalid override flag name adservices/fledge_custom_audience_per_app_max_count
02-10 13:48:54.467   820   820 E SettingsState: invalid override flag name device_personalization_services/AicModels__enable_fsync_downloaded_files
02-10 13:48:54.467   820   820 E SettingsState: invalid override flag name wifi/abnormal_connection_failure_bugreport_enabled
02-10 13:48:54.467   820   820 E SettingsState: invalid override flag name adservices/measurement_job_aggregate_reporting_kill_switch
02-10 13:48:54.467   820   820 E SettingsState: invalid override flag name runtime_native_boot/force_disable_uffd_gc
02-10 13:48:54.468   820   820 E SettingsState: invalid override flag name device_personalization_services/SmartNotification__application_channel_verify_rules
02-10 13:48:54.468   820   820 E SettingsState: invalid override flag name aicore/AicFeatures__customer_packages
02-10 13:48:54.468   820   820 E SettingsState: invalid override flag name adservices/fledge_auction_server_key_fetch_metrics_enabled
02-10 13:48:54.468   820   820 E SettingsState: invalid override flag name odad/phl_clickable_text_view_score
02-10 13:48:54.469   820   820 E SettingsState: invalid override flag name connectivity/dhcp_init_reboot_enabled
02-10 13:48:54.469   820   820 E SettingsState: invalid override flag name adservices/measurement_enable_aggregatable_report_payload_padding
02-10 13:48:54.469   820   820 E SettingsState: invalid override flag name aicore/AicDataRelease__build_id_18103149225492435673
02-10 13:48:54.469   820   820 E SettingsState: invalid override flag name adservices/fledge_auction_server_join_key_fetch_uri
02-10 13:48:54.470   820   820 E SettingsState: invalid override flag name connectivity/dhcp_ip_conflict_detect_version
02-10 13:48:54.470   820   820 E SettingsState: invalid override flag name device_personalization_services/Captions__enable_drag_and_double_tap_to_resize
02-10 13:48:54.470   820   820 E SettingsState: invalid override flag name odad/enable_classification_initialization_in_gramophone
02-10 13:48:54.470   820   820 E SettingsState: invalid override flag name odad/bll_classifier_enabled
02-10 13:48:54.471   820   820 E SettingsState: invalid override flag name health_fitness/RateLimiter__max_read_requests_per_24h_background
02-10 13:48:54.471   820   820 E SettingsState: invalid override flag name adservices/measurement_max_sources_per_publisher
02-10 13:48:54.471   820   820 E SettingsState: invalid override flag name aicore/AicModels__enable_safety_initialization_check
02-10 13:48:54.471   820   820 E SettingsState: invalid override flag name privacy/safety_center_background_refresh_denied_sources
02-10 13:48:54.471   820   820 E SettingsState: invalid override flag name privacy/safety_center_background_requires_charging
02-10 13:48:54.471   820   820 E SettingsState: invalid override flag name odad/safety_center_killswitch
02-10 13:48:54.472   820   820 E SettingsState: invalid override flag name aicore/AicModels__mdd_manifest_config
02-10 13:48:54.472   820   820 E SettingsState: invalid override flag name aicore/AicCommon__serving_group_mismatch_exception_enabled
02-10 13:48:54.472   820   820 E SettingsState: invalid override flag name health_fitness/cloud_restore_enable
02-10 13:48:54.472   820   820 E SettingsState: invalid override flag name wifi/health_monitor_ratio_thr_numerator
02-10 13:48:54.472   820   820 E SettingsState: invalid override flag name credential_manager/credential_manager_service_search_uri
02-10 13:48:54.473   820   820 E SettingsState: invalid override flag name adservices/u18_ux_enabled
02-10 13:48:54.473   820   820 E SettingsState: invalid override flag name device_personalization_services/Captions__enable_augmented_modality_input
02-10 13:48:54.473   820   820 E SettingsState: invalid override flag name aicore/AicDataRelease__build_id_5398059663487363370
02-10 13:48:54.473   820   820 E SettingsState: invalid override flag name appsearch/contacts_indexer_enabled
02-10 13:48:54.473   820   820 E SettingsState: invalid override flag name aicore/AicSafety__messages_output_screen_classification_enabled
02-10 13:48:54.473   820   820 E SettingsState: invalid override flag name adservices/measurement_enable_event_level_epsilon_in_source
02-10 13:48:54.473   820   820 E SettingsState: invalid override flag name adservices/measurement_job_delete_uninstalled_kill_switch
02-10 13:48:54.474   820   820 E SettingsState: invalid override flag name connectivity/dhcp_rapid_commit_version
02-10 13:48:54.474   820   820 E SettingsState: invalid override flag name on_device_personalization/fcp_enable_encryption
02-10 13:48:54.474   820   820 E SettingsState: invalid override flag name device_personalization_services/NowPlaying__ambient_music_update_album_art_old_recognitions
02-10 13:48:54.474   820   820 E SettingsState: invalid override flag name adservices/measurement_max_triggers_per_destination
02-10 13:48:54.474   820   820 E SettingsState: invalid override flag name adservices/measurement_default_destination_limit_algorithm
02-10 13:48:54.474   820   820 E SettingsState: invalid override flag name adservices/fledge_debug_report_sender_job_period_ms
02-10 13:48:54.474   820   820 E SettingsState: invalid override flag name adservices/measurement_aggregate_reporting_job_required_network_type
02-10 13:48:54.475   820   820 E SettingsState: invalid override flag name odad/phl_autofill_hint_critical_score
02-10 13:48:54.475   820   820 E SettingsState: invalid override flag name adservices/fledge_background_fetch_network_connect_timeout_ms
02-10 13:48:54.475   820   820 E SettingsState: invalid override flag name device_personalization_services/NotificationAssistant__enable_service
02-10 13:48:54.475   820   820 E SettingsState: invalid override flag name on_device_personalization/web_trigger_flow_deadline_seconds
02-10 13:48:54.475   820   820 E SettingsState: invalid override flag name aicore/AicOnDeviceIntelligence__enable_fd_caching_for_lightweight_features
02-10 13:48:54.475   820   820 E SettingsState: invalid override flag name device_personalization_services/SmartNotification__excluded_packages
02-10 13:48:54.476   820   820 E SettingsState: invalid override flag name launcher_lily/HomeScreenShortcuts__enable_camera_block
02-10 13:48:54.476   820   820 E SettingsState: invalid override flag name adservices/measurement_enforce_foreground_status_register_source
02-10 13:48:54.476   820   820 E SettingsState: invalid override flag name adservices/measurement_event_reports_ctc_early_reporting_windows
02-10 13:48:54.476   820   820 E SettingsState: invalid override flag name adservices/measurement_enforce_foreground_status_register_web_source
02-10 13:48:54.476   820   820 E SettingsState: invalid override flag name device_personalization_services/NoOp__flag_for_droidfood
02-10 13:48:54.476   820   820 E SettingsState: invalid override flag name autofill/trigger_fill_request_on_unimportant_view
02-10 13:48:54.476   820   820 E SettingsState: invalid override flag name device_personalization_services/Superpacks__require_battery_not_low_by_default
02-10 13:48:54.477   820   820 E SettingsState: invalid override flag name configuration/beta_public_launch
02-10 13:48:54.477   820   820 E SettingsState: invalid override flag name device_personalization_services/ViewSemantics__model_version
02-10 13:48:54.477   820   820 E SettingsState: invalid override flag name device_personalization_services/SmartSelect__enable_smart_select_example_cache_on_suggest_selection
02-10 13:48:54.478   820   820 E SettingsState: invalid override flag name interaction_jank_monitor/trace_threshold_frame_time_millis
02-10 13:48:54.478   820   820 E SettingsState: invalid override flag name adservices/enable_appsearch_consent_data
02-10 13:48:54.478   820   820 E SettingsState: invalid override flag name uwb/device_error_bugreport_enabled
02-10 13:48:54.478   820   820 E SettingsState: invalid override flag name aicore/AicSafety__periodic_refresh_only_requested_clients_enabled
02-10 13:48:54.479   820   820 E SettingsState: invalid override flag name device_personalization_services/Overview__enable_pir_westworld_logging
02-10 13:48:54.479   820   820 E SettingsState: invalid override flag name activity_manager_native_boot/modern_queue_enabled
02-10 13:48:54.479   820   820 E SettingsState: invalid override flag name adservices/mdd_maintenance_gcm_task_period_seconds
02-10 13:48:54.479   820   820 E SettingsState: invalid override flag name media/player_metrics_per_app_use_time_allowlist
02-10 13:48:54.480   820   820 E SettingsState: invalid override flag name device_personalization_services/PccStorageStats__directory_report_known_directory_names
02-10 13:48:54.480   820   820 E SettingsState: invalid override flag name network_security/CertificateTransparencyLogList__service_enabled
02-10 13:48:54.480   820   820 E SettingsState: invalid override flag name device_personalization_services/EchoSmartspace__enable_ambient_data_predictor
02-10 13:48:54.481   820   820 E SettingsState: invalid override flag name textclassifier/manifest_url_annotator_universal
02-10 13:48:54.481   820   820 E SettingsState: invalid override flag name device_personalization_services/SpeechRecognitionService__max_concurrent_recognition_sessions
02-10 13:48:54.481   820   820 E SettingsState: invalid override flag name package_manager_service/MinInstallableTargetSdkStrictMode__install_block_strict_mode_enabled
02-10 13:48:54.482   820   820 E SettingsState: invalid override flag name adservices/fledge_report_impression_api_metrics_enabled
02-10 13:48:54.482   820   820 E SettingsState: invalid override flag name connectivity/ipclient_accept_ipv6_link_local_dns_version
02-10 13:48:54.570   820   820 E ashmem  : Pinning is deprecated since Android Q. Please use trim or other methods.
02-10 13:48:54.766   820   820 E system_server: Class descriptors 'com.android.server.inputflinger.IInputFlingerRust' match during associateClass, but they are different class objects (0x782bf3fe2d30 vs 0x782bf3fecc70). Class descriptor collision?
02-10 13:48:54.778   820   820 E system_server: Class descriptors 'com.android.server.inputflinger.IInputFilter' match during associateClass, but they are different class objects (0x782bf3fe22b0 vs 0x782bf3fec180). Class descriptor collision?
02-10 13:48:54.809   820   820 E DeviceStateManagerService: Cannot notify device state info change before the initial state has been committed.
02-10 13:48:56.666   820   820 E PowerManagerService: Tried to acquire wake lock for invalid display: 0
02-10 13:48:56.689   820   820 E SoundTriggerMiddlewareImpl: Failed to add a SoundTriggerModule instance
02-10 13:48:56.689   820   820 E SoundTriggerMiddlewareImpl: java.util.NoSuchElementException
02-10 13:48:56.689   820   820 E SoundTriggerMiddlewareImpl: 	at android.os.HwBinder.getService(Native Method)
02-10 13:48:56.689   820   820 E SoundTriggerMiddlewareImpl: 	at android.hardware.soundtrigger.V2_0.ISoundTriggerHw.getService(ISoundTriggerHw.java:57)
02-10 13:48:56.689   820   820 E SoundTriggerMiddlewareImpl: 	at android.hardware.soundtrigger.V2_0.ISoundTriggerHw.getService(ISoundTriggerHw.java:64)
02-10 13:48:56.689   820   820 E SoundTriggerMiddlewareImpl: 	at com.android.server.soundtrigger_middleware.DefaultHalFactory.create(DefaultHalFactory.java:76)
02-10 13:48:56.689   820   820 E SoundTriggerMiddlewareImpl: 	at com.android.server.soundtrigger_middleware.SoundTriggerModule.attachToHal(SoundTriggerModule.java:176)
02-10 13:48:56.689   820   820 E SoundTriggerMiddlewareImpl: 	at com.android.server.soundtrigger_middleware.SoundTriggerModule.<init>(SoundTriggerModule.java:105)
02-10 13:48:56.689   820   820 E SoundTriggerMiddlewareImpl: 	at com.android.server.soundtrigger_middleware.SoundTriggerMiddlewareImpl.<init>(SoundTriggerMiddlewareImpl.java:86)
02-10 13:48:56.689   820   820 E SoundTriggerMiddlewareImpl: 	at com.android.server.soundtrigger_middleware.SoundTriggerMiddlewareService$Lifecycle.onStart(SoundTriggerMiddlewareService.java:248)
02-10 13:48:56.689   820   820 E SoundTriggerMiddlewareImpl: 	at com.android.server.SystemServiceManager.startService(SystemServiceManager.java:280)
02-10 13:48:56.689   820   820 E SoundTriggerMiddlewareImpl: 	at com.android.server.SystemServiceManager.startService(SystemServiceManager.java:257)
02-10 13:48:56.689   820   820 E SoundTriggerMiddlewareImpl: 	at com.android.server.SystemServer.startOtherServices(SystemServer.java:2417)
02-10 13:48:56.689   820   820 E SoundTriggerMiddlewareImpl: 	at com.android.server.SystemServer.run(SystemServer.java:988)
02-10 13:48:56.689   820   820 E SoundTriggerMiddlewareImpl: 	at com.android.server.SystemServer.main(SystemServer.java:689)
02-10 13:48:56.689   820   820 E SoundTriggerMiddlewareImpl: 	at java.lang.reflect.Method.invoke(Native Method)
02-10 13:48:56.689   820   820 E SoundTriggerMiddlewareImpl: 	at com.android.internal.os.RuntimeInit$MethodAndArgsCaller.run(RuntimeInit.java:593)
02-10 13:48:56.689   820   820 E SoundTriggerMiddlewareImpl: 	at com.android.internal.os.ZygoteInit.main(ZygoteInit.java:910)
02-10 13:48:56.773   820   971 E UsbDeviceManager: connectToProxy: usb gadget hidl hal service not found.
02-10 13:48:56.773   820   971 E UsbDeviceManager: java.util.NoSuchElementException
02-10 13:48:56.773   820   971 E UsbDeviceManager: 	at android.os.HwBinder.getService(Native Method)
02-10 13:48:56.773   820   971 E UsbDeviceManager: 	at android.hardware.usb.gadget.V1_0.IUsbGadget.getService(IUsbGadget.java:57)
02-10 13:48:56.773   820   971 E UsbDeviceManager: 	at android.hardware.usb.gadget.V1_0.IUsbGadget.getService(IUsbGadget.java:64)
02-10 13:48:56.773   820   971 E UsbDeviceManager: 	at com.android.server.usb.hal.gadget.UsbGadgetHidl.isServicePresent(UsbGadgetHidl.java:128)
02-10 13:48:56.773   820   971 E UsbDeviceManager: 	at com.android.server.usb.hal.gadget.UsbGadgetHalInstance.getInstance(UsbGadgetHalInstance.java:39)
02-10 13:48:56.773   820   971 E UsbDeviceManager: 	at com.android.server.usb.UsbDeviceManager.<init>(UsbDeviceManager.java:349)
02-10 13:48:56.773   820   971 E UsbDeviceManager: 	at com.android.server.usb.UsbService.<init>(UsbService.java:219)
02-10 13:48:56.773   820   971 E UsbDeviceManager: 	at com.android.server.usb.UsbService$Lifecycle.lambda$onStart$0(UsbService.java:125)
02-10 13:48:56.773   820   971 E UsbDeviceManager: 	at com.android.server.usb.UsbService$Lifecycle.$r8$lambda$HIZVSW8uTg1XjWF6etZh-bC1WP4(UsbService.java:0)
02-10 13:48:56.773   820   971 E UsbDeviceManager: 	at com.android.server.usb.UsbService$Lifecycle$$ExternalSyntheticLambda0.run(R8$$SyntheticClass:0)
02-10 13:48:56.773   820   971 E UsbDeviceManager: 	at com.android.server.SystemServerInitThreadPool.lambda$submitTask$0(SystemServerInitThreadPool.java:107)
02-10 13:48:56.773   820   971 E UsbDeviceManager: 	at com.android.server.SystemServerInitThreadPool.$r8$lambda$KBkrFsHiqcxWyjNRg1WxRI4WNHA(SystemServerInitThreadPool.java:0)
02-10 13:48:56.773   820   971 E UsbDeviceManager: 	at com.android.server.SystemServerInitThreadPool$$ExternalSyntheticLambda1.run(R8$$SyntheticClass:0)
02-10 13:48:56.773   820   971 E UsbDeviceManager: 	at java.util.concurrent.Executors$RunnableAdapter.call(Executors.java:524)
02-10 13:48:56.773   820   971 E UsbDeviceManager: 	at java.util.concurrent.FutureTask.run(FutureTask.java:317)
02-10 13:48:56.773   820   971 E UsbDeviceManager: 	at java.util.concurrent.ThreadPoolExecutor.runWorker(ThreadPoolExecutor.java:1156)
02-10 13:48:56.773   820   971 E UsbDeviceManager: 	at java.util.concurrent.ThreadPoolExecutor$Worker.run(ThreadPoolExecutor.java:651)
02-10 13:48:56.773   820   971 E UsbDeviceManager: 	at com.android.internal.util.ConcurrentUtils$1$1.run(ConcurrentUtils.java:65)
02-10 13:48:56.774   820   971 E UsbPortManager: USB Gadget HAL AIDL/HIDL not present
02-10 13:48:56.775   820   971 E UsbDeviceManagerJNI: could not open control for mtp No such file or directory
02-10 13:48:56.776   820   971 E UsbDeviceManager: Failed to open control for mtp
02-10 13:48:56.776   820   971 E UsbDeviceManagerJNI: could not open control for ptp No such file or directory
02-10 13:48:56.776   820   971 E UsbDeviceManager: Failed to open control for ptp
02-10 13:48:56.788   820   971 E UsbDeviceManagerJNI: could not open /dev/usb_accessory
02-10 13:48:57.388   820   954 E BluetoothAdapter: Bluetooth service is null
02-10 13:48:57.464   820   820 E SystemServiceRegistry: No service published for: face
02-10 13:48:57.464   820   820 E SystemServiceRegistry: android.os.ServiceManager$ServiceNotFoundException: No service published for: face
02-10 13:48:57.464   820   820 E SystemServiceRegistry: 	at android.os.ServiceManager.getServiceOrThrow(ServiceManager.java:203)
02-10 13:48:57.464   820   820 E SystemServiceRegistry: 	at android.app.SystemServiceRegistry$72.createService(SystemServiceRegistry.java:993)
02-10 13:48:57.464   820   820 E SystemServiceRegistry: 	at android.app.SystemServiceRegistry$72.createService(SystemServiceRegistry.java:987)
02-10 13:48:57.464   820   820 E SystemServiceRegistry: 	at android.app.SystemServiceRegistry$CachedServiceFetcher.getService(SystemServiceRegistry.java:2343)
02-10 13:48:57.464   820   820 E SystemServiceRegistry: 	at android.app.SystemServiceRegistry.getSystemService(SystemServiceRegistry.java:1918)
02-10 13:48:57.464   820   820 E SystemServiceRegistry: 	at android.app.ContextImpl.getSystemService(ContextImpl.java:2315)
02-10 13:48:57.464   820   820 E SystemServiceRegistry: 	at android.content.Context.getSystemService(Context.java:4630)
02-10 13:48:57.464   820   820 E SystemServiceRegistry: 	at com.android.server.biometrics.BiometricService$Injector.getSettingObserver(BiometricService.java:1314)
02-10 13:48:57.464   820   820 E SystemServiceRegistry: 	at com.android.server.biometrics.BiometricService.<init>(BiometricService.java:1409)
02-10 13:48:57.464   820   820 E SystemServiceRegistry: 	at com.android.server.biometrics.BiometricService.<init>(BiometricService.java:1396)
02-10 13:48:57.464   820   820 E SystemServiceRegistry: 	at java.lang.reflect.Constructor.newInstance0(Native Method)
02-10 13:48:57.464   820   820 E SystemServiceRegistry: 	at java.lang.reflect.Constructor.newInstance(Constructor.java:343)
02-10 13:48:57.464   820   820 E SystemServiceRegistry: 	at com.android.server.SystemServiceManager.startService(SystemServiceManager.java:242)
02-10 13:48:57.464   820   820 E SystemServiceRegistry: 	at com.android.server.SystemServer.startOtherServices(SystemServer.java:2725)
02-10 13:48:57.464   820   820 E SystemServiceRegistry: 	at com.android.server.SystemServer.run(SystemServer.java:988)
02-10 13:48:57.464   820   820 E SystemServiceRegistry: 	at com.android.server.SystemServer.main(SystemServer.java:689)
02-10 13:48:57.464   820   820 E SystemServiceRegistry: 	at java.lang.reflect.Method.invoke(Native Method)
02-10 13:48:57.464   820   820 E SystemServiceRegistry: 	at com.android.internal.os.RuntimeInit$MethodAndArgsCaller.run(RuntimeInit.java:593)
02-10 13:48:57.464   820   820 E SystemServiceRegistry: 	at com.android.internal.os.ZygoteInit.main(ZygoteInit.java:910)
02-10 13:48:57.465   820   820 E SystemServiceRegistry: Manager wrapper not available: face
02-10 13:48:57.483   820  1089 E AuthService: Face configuration exists, but FaceService is null.
02-10 13:48:57.643  1091  1094 E fingerprint-service.ranchu: openFile:48 failure: open('/data/vendor_de/0/fpdata/sensor0.bin', output=0) failed with errno=2
02-10 13:48:57.737   820   820 E AutofillManagerServiceImpl: Bad service name: com.google.android.gms/.autofill.service.AutofillService
02-10 13:48:57.738   820   820 E RemoteAugmentedAutofillService: Bad service name for flags 1048704: com.google.android.as/com.google.android.apps.miphone.aiai.app.AiAiAugmentedAutofillService
02-10 13:48:57.956   820   820 E EnergyConsumerSnapshot: Unexpected battery voltage (0 mV) when taking energy consumer snapshot
02-10 13:48:57.975   820   896 E BatteryStatsService: Unable to load Power.Stats.HAL. Setting rail availability to false
02-10 13:48:57.976   820   896 E BluetoothAdapter: Bluetooth service is null
02-10 13:48:57.979   820   896 E EnergyConsumerSnapshot: Unexpected battery voltage (0 mV) when taking energy consumer snapshot
02-10 13:48:58.010   820   820 E DisplayPowerController[0]: failed to set up display white-balance: java.lang.IllegalStateException: cannot find sensor com.google.sensor.color
02-10 13:48:58.027   820   820 E DeviceConfig: Parsing int failed for location_mode
02-10 13:48:58.110   820   885 E AppWidgetManager: Notify service of inheritance info
02-10 13:48:58.110   820   885 E AppWidgetManager: java.lang.IllegalStateException: User 0 must be unlocked for widgets to be available
02-10 13:48:58.110   820   885 E AppWidgetManager: 	at com.android.server.appwidget.AppWidgetServiceImpl.ensureGroupStateLoadedLocked(AppWidgetServiceImpl.java:1059)
02-10 13:48:58.110   820   885 E AppWidgetManager: 	at com.android.server.appwidget.AppWidgetServiceImpl.ensureGroupStateLoadedLocked(AppWidgetServiceImpl.java:1044)
02-10 13:48:58.110   820   885 E AppWidgetManager: 	at com.android.server.appwidget.AppWidgetServiceImpl.getInstalledProvidersForProfile(AppWidgetServiceImpl.java:2536)
02-10 13:48:58.110   820   885 E AppWidgetManager: 	at android.appwidget.AppWidgetManager.getInstalledProvidersForProfile(AppWidgetManager.java:1107)
02-10 13:48:58.110   820   885 E AppWidgetManager: 	at android.appwidget.AppWidgetManager.getInstalledProvidersForPackage(AppWidgetManager.java:1041)
02-10 13:48:58.110   820   885 E AppWidgetManager: 	at android.appwidget.AppWidgetManager.lambda$new$3(AppWidgetManager.java:639)
02-10 13:48:58.110   820   885 E AppWidgetManager: 	at android.appwidget.AppWidgetManager.$r8$lambda$WKLPyaeqLNLNb3560d7QJuq2DwQ(Unknown Source:0)
02-10 13:48:58.110   820   885 E AppWidgetManager: 	at android.appwidget.AppWidgetManager$$ExternalSyntheticLambda7.run(D8$$SyntheticClass:0)
02-10 13:48:58.110   820   885 E AppWidgetManager: 	at android.os.Handler.handleCallback(Handler.java:995)
02-10 13:48:58.110   820   885 E AppWidgetManager: 	at android.os.Handler.dispatchMessage(Handler.java:103)
02-10 13:48:58.110   820   885 E AppWidgetManager: 	at android.os.Looper.loopOnce(Looper.java:248)
02-10 13:48:58.110   820   885 E AppWidgetManager: 	at android.os.Looper.loop(Looper.java:338)
02-10 13:48:58.110   820   885 E AppWidgetManager: 	at android.os.HandlerThread.run(HandlerThread.java:85)
02-10 13:48:58.262   820   820 E TestHarnessModeService: Failed to start Test Harness Mode; no implementation of PersistentDataBlockManagerInternal was bound!
02-10 13:48:58.272   820   896 E EnergyConsumerSnapshot: Unexpected battery voltage (0 mV) when taking energy consumer snapshot
02-10 13:48:58.320   820  1031 E WifiConfigManager: Cannot find network with networkId -1 or configKey "AndroidWifi"NONE or upgradable security type check
02-10 13:48:58.324   820  1031 E SupplicantStaIfaceHalAidlImpl: Can't call setDebugParams, ISupplicant is null
02-10 13:48:58.450   820   820 E SystemServiceRegistry: No service published for: face
02-10 13:48:58.450   820   820 E SystemServiceRegistry: android.os.ServiceManager$ServiceNotFoundException: No service published for: face
02-10 13:48:58.450   820   820 E SystemServiceRegistry: 	at android.os.ServiceManager.getServiceOrThrow(ServiceManager.java:203)
02-10 13:48:58.450   820   820 E SystemServiceRegistry: 	at android.app.SystemServiceRegistry$72.createService(SystemServiceRegistry.java:993)
02-10 13:48:58.450   820   820 E SystemServiceRegistry: 	at android.app.SystemServiceRegistry$72.createService(SystemServiceRegistry.java:987)
02-10 13:48:58.450   820   820 E SystemServiceRegistry: 	at android.app.SystemServiceRegistry$CachedServiceFetcher.getService(SystemServiceRegistry.java:2343)
02-10 13:48:58.450   820   820 E SystemServiceRegistry: 	at android.app.SystemServiceRegistry.getSystemService(SystemServiceRegistry.java:1918)
02-10 13:48:58.450   820   820 E SystemServiceRegistry: 	at android.app.ContextImpl.getSystemService(ContextImpl.java:2315)
02-10 13:48:58.450   820   820 E SystemServiceRegistry: 	at android.content.Context.getSystemService(Context.java:4630)
02-10 13:48:58.450   820   820 E SystemServiceRegistry: 	at com.android.server.trust.TrustManagerService.onBootPhase(TrustManagerService.java:353)
02-10 13:48:58.450   820   820 E SystemServiceRegistry: 	at com.android.server.SystemServiceManager.startBootPhase(SystemServiceManager.java:318)
02-10 13:48:58.450   820   820 E SystemServiceRegistry: 	at com.android.server.SystemServer.startOtherServices(SystemServer.java:3039)
02-10 13:48:58.450   820   820 E SystemServiceRegistry: 	at com.android.server.SystemServer.run(SystemServer.java:988)
02-10 13:48:58.450   820   820 E SystemServiceRegistry: 	at com.android.server.SystemServer.main(SystemServer.java:689)
02-10 13:48:58.450   820   820 E SystemServiceRegistry: 	at java.lang.reflect.Method.invoke(Native Method)
02-10 13:48:58.450   820   820 E SystemServiceRegistry: 	at com.android.internal.os.RuntimeInit$MethodAndArgsCaller.run(RuntimeInit.java:593)
02-10 13:48:58.450   820   820 E SystemServiceRegistry: 	at com.android.internal.os.ZygoteInit.main(ZygoteInit.java:910)
02-10 13:48:58.454   820   820 E SystemServiceRegistry: Manager wrapper not available: face
02-10 13:48:58.461   820  1031 E WifiChipAidlImpl: getMode failed with service-specific exception: android.os.ServiceSpecificException:  (code 5)
02-10 13:48:58.465   507   541 E android.hardware.wifi-service: Unknown iface name: wlan0
02-10 13:48:58.465   507   541 E android.hardware.wifi-service: Unknown iface name: wlan0
02-10 13:48:58.521   820  1031 E WifiChipAidlImpl: getMode failed with service-specific exception: android.os.ServiceSpecificException:  (code 5)
02-10 13:48:58.522   507   541 E android.hardware.wifi-service: Unknown iface name: wlan0
02-10 13:48:58.523   507   541 E android.hardware.wifi-service: Unknown iface name: wlan0
02-10 13:48:58.539   507   541 E android.hardware.wifi-service: Failed to register radio mode change callback
02-10 13:48:58.545   507   541 E android.hardware.wifi-service: Failed to get SupportedIfaceCombinations matrix from legacy HAL: NOT_SUPPORTED
02-10 13:48:58.552   820   820 E UserManagerService: Auto-lock preference updated but private space user not found
02-10 13:48:58.557  1120  1120 F ot-daemon: [C] P-SpinelDrive-: Software reset co-processor successfully
02-10 13:48:58.565   507   541 E android.hardware.wifi-service: Failed to set DFS flag; DFS channels may be unavailable.
02-10 13:48:58.585   507   541 E android.hardware.wifi-service: Failed to get chip capabilities from legacy HAL: NOT_SUPPORTED
02-10 13:48:58.586   820  1031 E WifiChipAidlImpl: getWifiChipCapabilities failed with service-specific exception: android.os.ServiceSpecificException:  (code 4)
02-10 13:48:58.598  1120  1120 F ot-daemon: [C] P-Resolver----: No domain name servers found in /etc/resolv.conf, default to 127.0.0.1
02-10 13:48:58.600   820   913 E DefaultPermGrantPolicy: Package not found: com.google.android.apps.pixelmigrate
02-10 13:48:58.601   820   913 E DefaultPermGrantPolicy: Package not found: com.google.android.adservices
02-10 13:48:58.601   820   913 E DefaultPermGrantPolicy: Package not found: com.google.android.apps.mediashell
02-10 13:48:58.604   820   913 E DefaultPermGrantPolicy: Package not found: com.google.android.apps.tips
02-10 13:48:58.606   820   913 E DefaultPermGrantPolicy: Package not found: com.google.android.apps.turbo
02-10 13:48:58.606   820   913 E DefaultPermGrantPolicy: Package not found: com.google.android.euicc
02-10 13:48:58.607   820   913 E DefaultPermGrantPolicy: Package not found: com.google.android.volta
02-10 13:48:58.615   820  1031 E SupplicantStaIfaceHalAidlImpl: Can't call getKeyMgmtCapabilities, ISupplicantStaIface is null for iface=wlan0
02-10 13:48:58.617   820  1031 E SupplicantStaIfaceHalAidlImpl: Can't call getWpaDriverCapabilities, ISupplicantStaIface is null for iface=wlan0
02-10 13:48:58.641   507   541 E android.hardware.wifi-service: Failed to get SupportedRadioCombinations matrix from legacy HAL: NOT_SUPPORTED
02-10 13:48:58.642   820  1031 E WifiChipAidlImpl: getSupportedRadioCombinations failed with service-specific exception: android.os.ServiceSpecificException:  (code 4)
02-10 13:48:58.643   820  1031 E WifiStaIfaceAidlImpl: getTwtCapabilities failed with service-specific exception: android.os.ServiceSpecificException:  (code 4)
02-10 13:48:58.645   820  1031 E WifiChipAidlImpl: getUsableChannels failed with service-specific exception: android.os.ServiceSpecificException:  (code 4)
02-10 13:48:58.662   820  1031 E WifiChipAidlImpl: enableStaChannelForPeerNetwork failed with service-specific exception: android.os.ServiceSpecificException:  (code 4)
02-10 13:48:58.928  1134  1134 E wpa_supplicant: p2p-dev-wlan0: nl80211: kernel reports: Registration to specific type not supported
02-10 13:48:58.974   820  1031 E WifiStaIfaceAidlImpl: getTwtCapabilities failed with service-specific exception: android.os.ServiceSpecificException:  (code 4)
02-10 13:48:58.975   820  1031 E WifiChipAidlImpl: getUsableChannels failed with service-specific exception: android.os.ServiceSpecificException:  (code 4)
02-10 13:48:59.019   820  1031 E WifiChipAidlImpl: setMultiStaUseCase failed with service-specific exception: android.os.ServiceSpecificException:  (code 4)
02-10 13:48:59.020   820  1031 E WifiChipAidlImpl: setMultiStaPrimaryConnection failed with service-specific exception: android.os.ServiceSpecificException:  (code 4)
02-10 13:48:59.024   820  1039 E WifiStaIfaceAidlImpl: getBackgroundScanCapabilities failed with service-specific exception: android.os.ServiceSpecificException:  (code 4)
02-10 13:48:59.387   820   967 E NativeTombstoneManager: Tombstone's UID (1002) not an app, ignoring
02-10 13:48:59.406   820   967 E NativeTombstoneManager: Tombstone's UID (1002) not an app, ignoring
