02-10 13:48:59.434   820   967 E NativeTombstoneManager: Tombstone's UID (1002) not an app, ignoring
02-10 13:48:59.447   820   967 E NativeTombstoneManager: Tombstone's UID (1002) not an app, ignoring
02-10 13:48:59.478   820   967 E NativeTombstoneManager: Tombstone's UID (1002) not an app, ignoring
02-10 13:48:59.488   820   967 E NativeTombstoneManager: Tombstone's UID (1002) not an app, ignoring
02-10 13:48:59.527   820   967 E NativeTombstoneManager: Tombstone's UID (1002) not an app, ignoring
02-10 13:48:59.542   820   967 E NativeTombstoneManager: Tombstone's UID (1002) not an app, ignoring
02-10 13:48:59.573   820   967 E NativeTombstoneManager: Tombstone's UID (1002) not an app, ignoring
02-10 13:48:59.590   820   967 E NativeTombstoneManager: Tombstone's UID (1002) not an app, ignoring
02-10 13:48:59.618   820   967 E NativeTombstoneManager: Tombstone's UID (1002) not an app, ignoring
02-10 13:48:59.634   820   967 E NativeTombstoneManager: Tombstone's UID (1002) not an app, ignoring
02-10 13:48:59.658   820   967 E NativeTombstoneManager: Tombstone's UID (1002) not an app, ignoring
02-10 13:48:59.660   820   967 E NativeTombstoneManager: Tombstone's UID (1002) not an app, ignoring
02-10 13:48:59.674   820   967 E NativeTombstoneManager: Tombstone's UID (1002) not an app, ignoring
02-10 13:48:59.675   820   967 E NativeTombstoneManager: Tombstone's UID (1002) not an app, ignoring
02-10 13:48:59.685   820   967 E NativeTombstoneManager: Tombstone's UID (1002) not an app, ignoring
02-10 13:48:59.686   820   967 E NativeTombstoneManager: Tombstone's UID (1002) not an app, ignoring
02-10 13:48:59.696   820   967 E NativeTombstoneManager: Tombstone's UID (1002) not an app, ignoring
02-10 13:48:59.697   820   967 E NativeTombstoneManager: Tombstone's UID (1002) not an app, ignoring
02-10 13:48:59.708   820   967 E NativeTombstoneManager: Tombstone's UID (1002) not an app, ignoring
02-10 13:48:59.711   820   967 E NativeTombstoneManager: Tombstone's UID (1002) not an app, ignoring
02-10 13:48:59.718   820   967 E NativeTombstoneManager: Tombstone's UID (1002) not an app, ignoring
02-10 13:48:59.719   820   967 E NativeTombstoneManager: Tombstone's UID (1002) not an app, ignoring
02-10 13:48:59.726   820   967 E NativeTombstoneManager: Tombstone's UID (1002) not an app, ignoring
02-10 13:48:59.727   820   967 E NativeTombstoneManager: Tombstone's UID (1002) not an app, ignoring
02-10 13:49:00.503   820   820 E BitmapFactory: Unable to decode file: java.io.FileNotFoundException: /data/system/users/0/wallpaper_orig: open failed: ENOENT (No such file or directory)
02-10 13:49:00.503   820   820 E WallpaperCropper: Unable to apply new wallpaper
02-10 13:49:00.714     0     0 E servicemanager: VINTF HALs require names in the format type/instance (e.g. some.package.foo.IFoo/default) but got: media_quality
02-10 13:49:00.745   820  1159 E MediaCodec: Media Quality Service not found.
02-10 13:49:00.756   820  1174 E system_server: Failed to query component interface for required system resources: 6
02-10 13:49:00.733     0     0 E servicemanager: VINTF HALs require names in the format type/instance (e.g. some.package.foo.IFoo/default) but got: media_quality
02-10 13:49:00.765   820  1160 E MediaCodec: Media Quality Service not found.
02-10 13:49:00.787   605   702 E Codec2-ComponentInterface: We have a failed config
02-10 13:49:00.789   820  1173 E system_server: Failed to query component interface for required system resources: 6
02-10 13:49:00.820   605   636 E Codec2-ComponentInterface: We have a failed config
02-10 13:49:01.095     0     0 E servicemanager: VINTF HALs require names in the format type/instance (e.g. some.package.foo.IFoo/default) but got: media_quality
02-10 13:49:01.120   820  1159 E MediaCodec: Media Quality Service not found.
02-10 13:49:01.146   820  1197 E system_server: Failed to query component interface for required system resources: 6
02-10 13:49:01.154   605   702 E Codec2-ComponentInterface: We have a failed config
02-10 13:49:01.168     0     0 E servicemanager: VINTF HALs require names in the format type/instance (e.g. some.package.foo.IFoo/default) but got: media_quality
02-10 13:49:01.217   820  1160 E MediaCodec: Media Quality Service not found.
02-10 13:49:01.231   820  1202 E system_server: Failed to query component interface for required system resources: 6
02-10 13:49:01.248   605   636 E Codec2-ComponentInterface: We have a failed config
02-10 13:49:01.307   820   943 E AppOps  : Bad call made by uid 1000. Package "android" does not belong to uid 1037.
02-10 13:49:01.307   820   943 E AppOps  : Cannot getAppOpMode: non-application UID 1037
02-10 13:49:01.372  1206  1206 E WebViewLoader-x: Not starting debugger since process cannot load the jdwp agent.
02-10 13:49:01.413   820  1159 E MediaCodec: Media Quality Service not found.
02-10 13:49:01.380     0     0 E servicemanager: VINTF HALs require names in the format type/instance (e.g. some.package.foo.IFoo/default) but got: media_quality
02-10 13:49:01.459   820  1207 E system_server: Failed to query component interface for required system resources: 6
02-10 13:49:01.489   605  1184 E Codec2-ComponentInterface: We have a failed config
02-10 13:49:01.594   820  1160 E MediaCodec: Media Quality Service not found.
02-10 13:49:01.566     0     0 E servicemanager: VINTF HALs require names in the format type/instance (e.g. some.package.foo.IFoo/default) but got: media_quality
02-10 13:49:01.623   820  1226 E system_server: Failed to query component interface for required system resources: 6
02-10 13:49:01.631  1158  1158 E ashmem  : Pinning is deprecated since Android Q. Please use trim or other methods.
02-10 13:49:01.652   605   732 E Codec2-ComponentInterface: We have a failed config
02-10 13:49:01.853   820   820 E LocationManagerService: no population density provider found
02-10 13:49:01.854   820   820 E ActivityRecognitionHardware: activity_recognition HAL is deprecated. is_supported is effectively a no-op
02-10 13:49:02.103  1158  1158 E UdfpsOverlayInteractor: invalid pixelPitch: -1.0. Pixel pitch must be updated per device.
02-10 13:49:02.122  1158  1225 E ViewRootImpl: SensitiveContentProtectionService shouldn't be null
02-10 13:49:02.398   820  1117 E TransitionChain: Can't collect into a chain with no transition
02-10 13:49:02.399   820  1117 E TransitionChain: Can't collect into a chain with no transition
02-10 13:49:02.491   820  1278 E StatsCompanionService: Could not get installer for package: com.google.android.trichromelibrary
02-10 13:49:02.491   820  1278 E StatsCompanionService: android.content.pm.PackageManager$NameNotFoundException: com.google.android.trichromelibrary
02-10 13:49:02.491   820  1278 E StatsCompanionService: 	at android.app.ApplicationPackageManager.getInstallSourceInfo(ApplicationPackageManager.java:2687)
02-10 13:49:02.491   820  1278 E StatsCompanionService: 	at com.android.server.stats.StatsCompanionService.getInstallerPackageName(StatsCompanionService.java:153)
02-10 13:49:02.491   820  1278 E StatsCompanionService: 	at com.android.server.stats.StatsCompanionService.$r8$lambda$MBPStrBhgnmbybdtzkoTAe-YOYw(StatsCompanionService.java:229)
02-10 13:49:02.491   820  1278 E StatsCompanionService: 	at com.android.server.stats.StatsCompanionService$$ExternalSyntheticLambda1.run(R8$$SyntheticClass:0)
02-10 13:49:02.491   820  1278 E StatsCompanionService: 	at android.os.Handler.handleCallback(Handler.java:995)
02-10 13:49:02.491   820  1278 E StatsCompanionService: 	at android.os.Handler.dispatchMessage(Handler.java:103)
02-10 13:49:02.491   820  1278 E StatsCompanionService: 	at android.os.Looper.loopOnce(Looper.java:248)
02-10 13:49:02.491   820  1278 E StatsCompanionService: 	at android.os.Looper.loop(Looper.java:338)
02-10 13:49:02.491   820  1278 E StatsCompanionService: 	at android.os.HandlerThread.run(HandlerThread.java:85)
02-10 13:49:02.574   820   896 E BluetoothPowerStatsCollector: Cannot acquire BluetoothActivityEnergyInfo
02-10 13:49:02.574   820   896 E BluetoothPowerStatsCollector: java.util.concurrent.ExecutionException: java.lang.RuntimeException: error: 9
02-10 13:49:02.574   820   896 E BluetoothPowerStatsCollector: 	at java.util.concurrent.CompletableFuture.reportGet(CompletableFuture.java:372)
02-10 13:49:02.574   820   896 E BluetoothPowerStatsCollector: 	at java.util.concurrent.CompletableFuture.get(CompletableFuture.java:2072)
02-10 13:49:02.574   820   896 E BluetoothPowerStatsCollector: 	at com.android.server.power.stats.BluetoothPowerStatsCollector.collectBluetoothActivityInfo(BluetoothPowerStatsCollector.java:192)
02-10 13:49:02.574   820   896 E BluetoothPowerStatsCollector: 	at com.android.server.power.stats.BluetoothPowerStatsCollector.collectStats(BluetoothPowerStatsCollector.java:155)
02-10 13:49:02.574   820   896 E BluetoothPowerStatsCollector: 	at com.android.server.power.stats.PowerStatsCollector.collectAndDeliverStats(PowerStatsCollector.java:176)
02-10 13:49:02.574   820   896 E BluetoothPowerStatsCollector: 	at com.android.server.power.stats.PowerStatsCollector$$ExternalSyntheticLambda0.run(R8$$SyntheticClass:0)
02-10 13:49:02.574   820   896 E BluetoothPowerStatsCollector: 	at android.os.Handler.handleCallback(Handler.java:995)
02-10 13:49:02.574   820   896 E BluetoothPowerStatsCollector: 	at android.os.Handler.dispatchMessage(Handler.java:103)
02-10 13:49:02.574   820   896 E BluetoothPowerStatsCollector: 	at android.os.Looper.loopOnce(Looper.java:248)
02-10 13:49:02.574   820   896 E BluetoothPowerStatsCollector: 	at android.os.Looper.loop(Looper.java:338)
02-10 13:49:02.574   820   896 E BluetoothPowerStatsCollector: 	at android.os.HandlerThread.run(HandlerThread.java:85)
02-10 13:49:02.574   820   896 E BluetoothPowerStatsCollector: Caused by: java.lang.RuntimeException: error: 9
02-10 13:49:02.574   820   896 E BluetoothPowerStatsCollector: 	at com.android.server.power.stats.BluetoothPowerStatsCollector$1.onBluetoothActivityEnergyInfoError(BluetoothPowerStatsCollector.java:181)
02-10 13:49:02.574   820   896 E BluetoothPowerStatsCollector: 	at android.bluetooth.BluetoothAdapter$OnBluetoothActivityEnergyInfoProxy.lambda$onError$2(BluetoothAdapter.java:1059)
02-10 13:49:02.574   820   896 E BluetoothPowerStatsCollector: 	at android.bluetooth.BluetoothAdapter$OnBluetoothActivityEnergyInfoProxy$$ExternalSyntheticLambda0.run(D8$$SyntheticClass:0)
02-10 13:49:02.574   820   896 E BluetoothPowerStatsCollector: 	at android.bluetooth.BluetoothUtils.lambda$executeFromBinder$0(BluetoothUtils.java:343)
02-10 13:49:02.574   820   896 E BluetoothPowerStatsCollector: 	at android.bluetooth.BluetoothUtils$$ExternalSyntheticLambda1.run(D8$$SyntheticClass:0)
02-10 13:49:02.574   820   896 E BluetoothPowerStatsCollector: 	at com.android.server.SystemServerInitThreadPool$$ExternalSyntheticLambda0.execute(R8$$SyntheticClass:0)
02-10 13:49:02.574   820   896 E BluetoothPowerStatsCollector: 	at android.bluetooth.BluetoothUtils.executeFromBinder(BluetoothUtils.java:343)
02-10 13:49:02.574   820   896 E BluetoothPowerStatsCollector: 	at android.bluetooth.BluetoothAdapter$OnBluetoothActivityEnergyInfoProxy.onError(BluetoothAdapter.java:1058)
02-10 13:49:02.574   820   896 E BluetoothPowerStatsCollector: 	at android.bluetooth.BluetoothAdapter.requestControllerActivityEnergyInfo(BluetoothAdapter.java:2694)
02-10 13:49:02.574   820   896 E BluetoothPowerStatsCollector: 	at com.android.server.power.stats.BatteryStatsImpl$BluetoothStatsRetrieverImpl.requestControllerActivityEnergyInfo(BatteryStatsImpl.java:485)
02-10 13:49:02.574   820   896 E BluetoothPowerStatsCollector: 	at com.android.server.power.stats.BluetoothPowerStatsCollector.collectBluetoothActivityInfo(BluetoothPowerStatsCollector.java:170)
02-10 13:49:02.574   820   896 E BluetoothPowerStatsCollector: 	... 8 more
02-10 13:49:02.663  1282  1282 E rkstack.process: Not starting debugger since process cannot load the jdwp agent.
02-10 13:49:02.671   820   885 E CountryDetector: Could not instantiate the custom country detector class
02-10 13:49:02.806  1299  1299 E droid.bluetooth: Not starting debugger since process cannot load the jdwp agent.
02-10 13:49:03.118  1314  1314 E com.android.se: Not starting debugger since process cannot load the jdwp agent.
02-10 13:49:03.247  1282  1282 E ashmem  : Pinning is deprecated since Android Q. Please use trim or other methods.
02-10 13:49:03.264  1328  1328 E m.android.phone: Not starting debugger since process cannot load the jdwp agent.
02-10 13:49:03.292   820   820 E SystemServerTiming: SystemServer init took too long. uptimeMillis=120087
02-10 13:49:03.434  1341  1341 E s.nexuslauncher: Not starting debugger since process cannot load the jdwp agent.
02-10 13:49:03.472   820   820 E WiredAccessoryManager: No state change.
02-10 13:49:03.557  1356  1356 E id.ext.services: Not starting debugger since process cannot load the jdwp agent.
02-10 13:49:03.625     0     0 E libprocessgroup: Failed to write 1 to /sys/fs/cgroup/system/uid_1000/pid_596/cgroup.kill: No such file or directory
02-10 13:49:03.634     0     0 E libprocessgroup: Failed to open /sys/fs/cgroup/system/uid_1000/pid_596/cgroup.procs: No such file or directory
02-10 13:49:03.757  1158  1256 E AppWidgetManager: Notify service of inheritance info
02-10 13:49:03.757  1158  1256 E AppWidgetManager: java.lang.IllegalStateException: User 0 must be unlocked for widgets to be available
02-10 13:49:03.757  1158  1256 E AppWidgetManager: 	at android.os.Parcel.createExceptionOrNull(Parcel.java:3348)
02-10 13:49:03.757  1158  1256 E AppWidgetManager: 	at android.os.Parcel.createException(Parcel.java:3324)
02-10 13:49:03.757  1158  1256 E AppWidgetManager: 	at android.os.Parcel.readException(Parcel.java:3307)
02-10 13:49:03.757  1158  1256 E AppWidgetManager: 	at android.os.Parcel.readException(Parcel.java:3249)
02-10 13:49:03.757  1158  1256 E AppWidgetManager: 	at com.android.internal.appwidget.IAppWidgetService$Stub$Proxy.getInstalledProvidersForProfile(IAppWidgetService.java:1071)
02-10 13:49:03.757  1158  1256 E AppWidgetManager: 	at android.appwidget.AppWidgetManager.getInstalledProvidersForProfile(AppWidgetManager.java:1107)
02-10 13:49:03.757  1158  1256 E AppWidgetManager: 	at android.appwidget.AppWidgetManager.getInstalledProvidersForPackage(AppWidgetManager.java:1041)
02-10 13:49:03.757  1158  1256 E AppWidgetManager: 	at android.appwidget.AppWidgetManager.lambda$new$3(AppWidgetManager.java:639)
02-10 13:49:03.757  1158  1256 E AppWidgetManager: 	at android.appwidget.AppWidgetManager.$r8$lambda$WKLPyaeqLNLNb3560d7QJuq2DwQ(Unknown Source:0)
02-10 13:49:03.757  1158  1256 E AppWidgetManager: 	at android.appwidget.AppWidgetManager$$ExternalSyntheticLambda7.run(D8$$SyntheticClass:0)
02-10 13:49:03.757  1158  1256 E AppWidgetManager: 	at android.os.Handler.handleCallback(Handler.java:995)
02-10 13:49:03.757  1158  1256 E AppWidgetManager: 	at android.os.Handler.dispatchMessage(Handler.java:103)
02-10 13:49:03.757  1158  1256 E AppWidgetManager: 	at android.os.Looper.loopOnce(Looper.java:248)
02-10 13:49:03.757  1158  1256 E AppWidgetManager: 	at android.os.Looper.loop(Looper.java:338)
02-10 13:49:03.757  1158  1256 E AppWidgetManager: 	at android.os.HandlerThread.run(HandlerThread.java:85)
02-10 13:49:03.757  1158  1256 E AppWidgetManager: Caused by: android.os.RemoteException: Remote stack trace:
02-10 13:49:03.757  1158  1256 E AppWidgetManager: 	at com.android.server.appwidget.AppWidgetServiceImpl.ensureGroupStateLoadedLocked(AppWidgetServiceImpl.java:1059)
02-10 13:49:03.757  1158  1256 E AppWidgetManager: 	at com.android.server.appwidget.AppWidgetServiceImpl.ensureGroupStateLoadedLocked(AppWidgetServiceImpl.java:1044)
02-10 13:49:03.757  1158  1256 E AppWidgetManager: 	at com.android.server.appwidget.AppWidgetServiceImpl.getInstalledProvidersForProfile(AppWidgetServiceImpl.java:2536)
02-10 13:49:03.757  1158  1256 E AppWidgetManager: 	at com.android.internal.appwidget.IAppWidgetService$Stub.onTransact(IAppWidgetService.java:543)
02-10 13:49:03.757  1158  1256 E AppWidgetManager: 	at android.os.Binder.execTransactInternal(Binder.java:1421)
02-10 13:49:03.757  1158  1256 E AppWidgetManager: 
02-10 13:49:03.959  1282  1282 E SystemServiceRegistry: No service published for: ethernet
02-10 13:49:03.959  1282  1282 E SystemServiceRegistry: android.os.ServiceManager$ServiceNotFoundException: No service published for: ethernet
02-10 13:49:03.959  1282  1282 E SystemServiceRegistry: 	at android.os.ServiceManager.getServiceOrThrow(ServiceManager.java:203)
02-10 13:49:03.959  1282  1282 E SystemServiceRegistry: 	at android.app.SystemServiceRegistry$149.createService(SystemServiceRegistry.java:2232)
02-10 13:49:03.959  1282  1282 E SystemServiceRegistry: 	at android.app.SystemServiceRegistry$CachedServiceFetcher.getService(SystemServiceRegistry.java:2343)
02-10 13:49:03.959  1282  1282 E SystemServiceRegistry: 	at android.app.SystemServiceRegistry.getSystemService(SystemServiceRegistry.java:1918)
02-10 13:49:03.959  1282  1282 E SystemServiceRegistry: 	at android.app.ContextImpl.getSystemService(ContextImpl.java:2315)
02-10 13:49:03.959  1282  1282 E SystemServiceRegistry: 	at android.content.ContextWrapper.getSystemService(ContextWrapper.java:964)
02-10 13:49:03.959  1282  1282 E SystemServiceRegistry: 	at com.android.networkstack.tethering.Tethering.isEthernetSupported(Tethering.java:1862)
02-10 13:49:03.959  1282  1282 E SystemServiceRegistry: 	at com.android.networkstack.tethering.Tethering.makeSupportedDownstreams(Tethering.java:2843)
02-10 13:49:03.959  1282  1282 E SystemServiceRegistry: 	at com.android.networkstack.tethering.Tethering.updateSupportedDownstreams(Tethering.java:2817)
02-10 13:49:03.959  1282  1282 E SystemServiceRegistry: 	at com.android.networkstack.tethering.Tethering.updateConfiguration(Tethering.java:564)
02-10 13:49:03.959  1282  1282 E SystemServiceRegistry: 	at com.android.networkstack.tethering.Tethering.<init>(Tethering.java:374)
02-10 13:49:03.959  1282  1282 E SystemServiceRegistry: 	at com.android.networkstack.tethering.TetheringService.makeTethering(TetheringService.java:95)
02-10 13:49:03.959  1282  1282 E SystemServiceRegistry: 	at com.android.networkstack.tethering.TetheringService.onCreate(TetheringService.java:84)
02-10 13:49:03.959  1282  1282 E SystemServiceRegistry: 	at android.app.ActivityThread.handleCreateService(ActivityThread.java:5282)
02-10 13:49:03.959  1282  1282 E SystemServiceRegistry: 	at android.app.ActivityThread.-$$Nest$mhandleCreateService(Unknown Source:0)
02-10 13:49:03.959  1282  1282 E SystemServiceRegistry: 	at android.app.ActivityThread$H.handleMessage(ActivityThread.java:2597)
02-10 13:49:03.959  1282  1282 E SystemServiceRegistry: 	at android.os.Handler.dispatchMessage(Handler.java:110)
02-10 13:49:03.959  1282  1282 E SystemServiceRegistry: 	at android.os.Looper.loopOnce(Looper.java:248)
02-10 13:49:03.959  1282  1282 E SystemServiceRegistry: 	at android.os.Looper.loop(Looper.java:338)
02-10 13:49:03.959  1282  1282 E SystemServiceRegistry: 	at android.app.ActivityThread.main(ActivityThread.java:9067)
02-10 13:49:03.959  1282  1282 E SystemServiceRegistry: 	at java.lang.reflect.Method.invoke(Native Method)
02-10 13:49:03.959  1282  1282 E SystemServiceRegistry: 	at com.android.internal.os.RuntimeInit$MethodAndArgsCaller.run(RuntimeInit.java:593)
02-10 13:49:03.959  1282  1282 E SystemServiceRegistry: 	at com.android.internal.os.ZygoteInit.main(ZygoteInit.java:932)
02-10 13:49:04.001  1341  1341 E ashmem  : Pinning is deprecated since Android Q. Please use trim or other methods.
02-10 13:49:04.050  1391  1391 E ndroid.settings: Not starting debugger since process cannot load the jdwp agent.
02-10 13:49:04.123  1341  1341 E ViewRootImpl: SensitiveContentProtectionService shouldn't be null
02-10 13:49:04.354   820   820 E AppOps  : package com.android.server.telecom.callsequencing.voip not found, can't check for attributionTag null
02-10 13:49:04.354   820   820 E AppOps  : Bad call made by uid 1000. Package "com.android.server.telecom.callsequencing.voip" does not belong to uid 1000.
02-10 13:49:04.355   820   820 E AppOps  : Cannot noteOperation: non-application UID 1000
02-10 13:49:04.384  1341  1410 E ViewRootImpl: SensitiveContentProtectionService shouldn't be null
02-10 13:49:04.391  1328  1328 E ashmem  : Pinning is deprecated since Android Q. Please use trim or other methods.
02-10 13:49:04.497  1328  1328 E CarrierIdProvider: read carrier list from ota pb failure: java.io.FileNotFoundException: /data/misc/carrierid/carrier_list.pb: open failed: ENOENT (No such file or directory)
02-10 13:49:04.724   820   820 E ContentSuggestionsPerUserService: Bad service name: com.google.android.as/com.google.android.apps.miphone.aiai.app.AiAiContentSuggestionsService
02-10 13:49:04.987  1299  1299 E ashmem  : Pinning is deprecated since Android Q. Please use trim or other methods.
02-10 13:49:05.250   551   662 E EGL_emulation: eglQueryContext 3100  EGL_BAD_ATTRIBUTE
02-10 13:49:05.250   551   662 E EGL_emulation: tid 662: eglQueryContext(2159): error 0x3004 (EGL_BAD_ATTRIBUTE)
02-10 13:49:05.372   820  1131 E WifiService: Attempt to retrieve passpoint with invalid scanResult List
02-10 13:49:05.571   551   714 E HwcComposer: getDisplayDecorationSupport failed Status(-8, EX_SERVICE_SPECIFIC): '8: '
02-10 13:49:05.572   551   714 E HWComposer: getDisplayDecorationSupport: getDisplayDecorationSupport failed for display 4619827259835644672: UNSUPPORTED (8)
02-10 13:49:05.635  1158  1461 E ViewRootImpl: SensitiveContentProtectionService shouldn't be null
02-10 13:49:05.741  1341  1465 E FileLog : Error writing logs to file
02-10 13:49:05.741  1341  1465 E FileLog : java.io.FileNotFoundException: /data/user/0/com.google.android.apps.nexuslauncher/files/log-1: open failed: ENOENT (No such file or directory)
02-10 13:49:05.741  1341  1465 E FileLog : 	at libcore.io.IoBridge.open(IoBridge.java:574)
02-10 13:49:05.741  1341  1465 E FileLog : 	at java.io.FileOutputStream.<init>(FileOutputStream.java:259)
02-10 13:49:05.741  1341  1465 E FileLog : 	at java.io.FileWriter.<init>(FileWriter.java:113)
02-10 13:49:05.741  1341  1465 E FileLog : 	at com.android.launcher3.logging.FileLog$LogWriterCallback.handleMessage(go/retraceme 43e00d9cd0eb17b3d9dd30fc1741b1c71445c4c0f7c8c9b81300265c86c5b873:168)
02-10 13:49:05.741  1341  1465 E FileLog : 	at android.os.Handler.dispatchMessage(Handler.java:106)
02-10 13:49:05.741  1341  1465 E FileLog : 	at android.os.Looper.loopOnce(Looper.java:248)
02-10 13:49:05.741  1341  1465 E FileLog : 	at android.os.Looper.loop(Looper.java:338)
02-10 13:49:05.741  1341  1465 E FileLog : 	at android.os.HandlerThread.run(HandlerThread.java:85)
02-10 13:49:05.741  1341  1465 E FileLog : Caused by: android.system.ErrnoException: open failed: ENOENT (No such file or directory)
02-10 13:49:05.741  1341  1465 E FileLog : 	at libcore.io.Linux.open(Native Method)
02-10 13:49:05.741  1341  1465 E FileLog : 	at libcore.io.ForwardingOs.open(ForwardingOs.java:568)
02-10 13:49:05.741  1341  1465 E FileLog : 	at libcore.io.BlockGuardOs.open(BlockGuardOs.java:274)
02-10 13:49:05.741  1341  1465 E FileLog : 	at libcore.io.ForwardingOs.open(ForwardingOs.java:568)
02-10 13:49:05.741  1341  1465 E FileLog : 	at android.app.ActivityThread$AndroidOs.open(ActivityThread.java:8953)
02-10 13:49:05.741  1341  1465 E FileLog : 	at libcore.io.IoBridge.open(IoBridge.java:560)
02-10 13:49:05.741  1341  1465 E FileLog : 	... 7 more
02-10 13:49:05.747  1158  1461 E ViewRootImpl: SensitiveContentProtectionService shouldn't be null
02-10 13:49:06.028  1299  1474 E bluetooth: system/gd/hal/socket_hal_android.cc:93 Start: The service android.hardware.bluetooth.socket.IBluetoothSocket/default is not declared
02-10 13:49:06.101  1328  1328 E SatelliteController: SatelliteController was not yet initialized.
02-10 13:49:06.103   508   508 E android.hardware.bluetooth.service.default: unable to open /dev/rfkill: Permission denied
02-10 13:49:06.104   508   508 E android.hardware.bluetooth.service.default: rfkill unavailable
02-10 13:49:06.335  1391  1391 E ashmem  : Pinning is deprecated since Android Q. Please use trim or other methods.
02-10 13:49:06.550  1490  1490 E .gms.persistent: Not starting debugger since process cannot load the jdwp agent.
02-10 13:49:07.118  1328  1328 E SmsApplication: com.google.android.apps.messaging lost android:read_cell_broadcasts:  (fixing)
02-10 13:49:07.366  1299  1299 E AvrcpTargetService: Please use AVRCP version 1.6 to enable cover art
02-10 13:49:07.417  1299  1299 E BluetoothHeadsetServiceJni: android/app/jni/com_android_bluetooth_hfp.cpp:973 enableSwbNative: Failed to disable
02-10 13:49:07.613  1328  1328 E SatelliteModemInterface: Unable to bind to the satellite service because the package is undefined.
02-10 13:49:07.626  1328  1328 E SessionMetricsStats: create new SessionMetricsStats.
02-10 13:49:07.630  1328  1328 E SatelliteController: registerForSatelliteCommunicationAccessStateChanged: SatelliteManager is null
02-10 13:49:07.906  1158  1158 E EdgeBackGestureHandler: No resource found for gesture-blocking activities
02-10 13:49:07.938  1328  1328 E AccessControllerMetricsStats: create new AccessControllerMetricsStats.
02-10 13:49:07.940  1328  1328 E SatelliteAccessController: loadConfigUpdaterConfigs: satelliteConfigVersion is invalid: 0
02-10 13:49:08.007  1328  1542 E SatelliteModemInterface: requestIsSatelliteEnabledForCarrier: Satellite service is unavailable.
02-10 13:49:08.019  1328  1542 E SatelliteController: EVENT_GET_SATELLITE_ENABLED_FOR_CARRIER_DONE: result is null
02-10 13:49:08.152   820   996 E Binder  : Outgoing transactions from this process must be FLAG_ONEWAY
02-10 13:49:08.152   820   996 E Binder  : java.lang.Throwable
02-10 13:49:08.152   820   996 E Binder  : 	at android.os.BinderProxy.transact(BinderProxy.java:549)
02-10 13:49:08.152   820   996 E Binder  : 	at android.bluetooth.IBluetooth$Stub$Proxy.getProfile(IBluetooth.java:4576)
02-10 13:49:08.152   820   996 E Binder  : 	at android.bluetooth.BluetoothAdapter.getProfile(BluetoothAdapter.java:4069)
02-10 13:49:08.152   820   996 E Binder  : 	at android.bluetooth.BluetoothAdapter.-$$Nest$mgetProfile(Unknown Source:0)
02-10 13:49:08.152   820   996 E Binder  : 	at android.bluetooth.BluetoothAdapter$7.lambda$connectAllProfileProxyLocked$1(BluetoothAdapter.java:3704)
02-10 13:49:08.152   820   996 E Binder  : 	at android.bluetooth.BluetoothAdapter$7.$r8$lambda$B5IIXcFbc84F3d5lEGZL2UZA3vU(Unknown Source:0)
02-10 13:49:08.152   820   996 E Binder  : 	at android.bluetooth.BluetoothAdapter$7$$ExternalSyntheticLambda0.accept(D8$$SyntheticClass:0)
02-10 13:49:08.152   820   996 E Binder  : 	at java.util.concurrent.ConcurrentHashMap.forEach(ConcurrentHashMap.java:1608)
02-10 13:49:08.152   820   996 E Binder  : 	at android.bluetooth.BluetoothAdapter$7.connectAllProfileProxyLocked(BluetoothAdapter.java:3700)
02-10 13:49:08.152   820   996 E Binder  : 	at android.bluetooth.BluetoothAdapter$7.onBluetoothOn(BluetoothAdapter.java:3720)
02-10 13:49:08.152   820   996 E Binder  : 	at android.bluetooth.BluetoothAdapter$6.onBluetoothOn(BluetoothAdapter.java:3600)
02-10 13:49:08.152   820   996 E Binder  : 	at com.android.server.bluetooth.BluetoothManagerService$$ExternalSyntheticLambda16.accept(R8$$SyntheticClass:0)
02-10 13:49:08.152   820   996 E Binder  : 	at com.android.server.bluetooth.BluetoothManagerService.broadcastToAdapters(BluetoothManagerService.java:1186)
02-10 13:49:08.152   820   996 E Binder  : 	at com.android.server.bluetooth.BluetoothManagerService.sendBluetoothOnCallback(BluetoothManagerService.java:1195)
02-10 13:49:08.152   820   996 E Binder  : 	at com.android.server.bluetooth.BluetoothManagerService.bluetoothStateChangeHandler(BluetoothManagerService.java:1897)
02-10 13:49:08.152   820   996 E Binder  : 	at com.android.server.bluetooth.BluetoothManagerService.-$$Nest$mbluetoothStateChangeHandler(BluetoothManagerService.java:0)
02-10 13:49:08.152   820   996 E Binder  : 	at com.android.server.bluetooth.BluetoothManagerService$BluetoothHandler.handleMessage(BluetoothManagerService.java:1383)
02-10 13:49:08.152   820   996 E Binder  : 	at android.os.Handler.dispatchMessage(Handler.java:110)
02-10 13:49:08.152   820   996 E Binder  : 	at android.os.Looper.loopOnce(Looper.java:248)
02-10 13:49:08.152   820   996 E Binder  : 	at android.os.Looper.loop(Looper.java:338)
02-10 13:49:08.152   820   996 E Binder  : 	at android.os.HandlerThread.run(HandlerThread.java:85)
02-10 13:49:08.233   820   996 E BluetoothAdapter: Failed to retrieve a binder for LE_AUDIO
02-10 13:49:08.234   820   996 E BluetoothAdapter: Failed to retrieve a binder for LE_AUDIO_BROADCAST
02-10 13:49:08.234   820   996 E BluetoothAdapter: Failed to retrieve a binder for LE_AUDIO
02-10 13:49:08.235   820   996 E BluetoothAdapter: Failed to retrieve a binder for A2DP_SINK
02-10 13:49:08.394  1299  1299 E BrowsedPlayerWrapper: BrowserSubscriptionCallback: Could not get folder items
02-10 13:49:08.480   820  1047 E AppOps  : attributionTag VCN not declared in manifest of android
02-10 13:49:08.487   820  1047 E AppOps  : attributionTag VCN not declared in manifest of android
02-10 13:49:08.508   820  1029 E NetworkPolicy: Missing subscriberId for subId 1
02-10 13:49:08.548   820   885 E StatsPullAtomService: subInfo of subId 1 is invalid, ignored.
02-10 13:49:08.970  1328  1328 E SatelliteController: registerForSatelliteModemStateChanged: mSatelliteSessionController is not initialized yet
02-10 13:49:09.440   820  1448 E JavaBinder: *** Uncaught remote exception! Exceptions are not yet supported across processes. Client PID 1328 UID 1001.
02-10 13:49:09.440   820  1448 E JavaBinder: java.lang.ArrayIndexOutOfBoundsException: length=1; index=-1
02-10 13:49:09.440   820  1448 E JavaBinder: 	at com.android.server.TelephonyRegistry.notifyCarrierRoamingNtnSignalStrengthChanged(TelephonyRegistry.java:3888)
02-10 13:49:09.440   820  1448 E JavaBinder: 	at com.android.internal.telephony.ITelephonyRegistry$Stub.onTransact(ITelephonyRegistry.java:1244)
02-10 13:49:09.440   820  1448 E JavaBinder: 	at android.os.Binder.execTransactInternal(Binder.java:1421)
02-10 13:49:09.440   820  1448 E JavaBinder: 	at android.os.Binder.execTransact(Binder.java:1365)
02-10 13:49:10.200  1158  1158 E DSRotLockSettingsMngr: No matching device state for posture: 0
02-10 13:49:10.222   820   873 E TestHarnessModeService: Failed to start Test Harness Mode; no implementation of PersistentDataBlockManagerInternal was bound!
02-10 13:49:10.229  1158  1158 E DSRotLockSettingsMngr: No matching device state for posture: 2
02-10 13:49:10.247  1158  1158 E DSRotLockSettingsMngr: No matching device state for posture: 1
02-10 13:49:10.603   820  1031 E WifiScoringParams: Invalid frequency(-1), using 5G as default rssi array
02-10 13:49:10.719   820  1031 E AppOps  : attributionTag UwbCountryCode not declared in manifest of android
02-10 13:49:10.731   820   873 E AppOps  : attributionTag UwbCountryCode not declared in manifest of android
02-10 13:49:10.763   820  1132 E uwb     : uwb_uci_jni_rust::helper: Java_com_android_server_uwb_jni_NativeUwbManager_nativeSetCountryCode failed with BadParameters
02-10 13:49:10.913   820   873 E SystemServerTiming: finishUserBoot took too long. elapsedTimeMs=127706
02-10 13:49:10.989  1630  1630 E .apps.wellbeing: Not starting debugger since process cannot load the jdwp agent.
02-10 13:49:11.049   820   873 E WindowManager: Display reconfigured outside of a transition: Display{#0 state=ON size=1080x2400 ROTATION_0}
02-10 13:49:11.326   820  1047 E AppOps  : attributionTag VCN not declared in manifest of android
02-10 13:49:11.380     0     0 E selinux : SELinux: Could not get canonical path for /sys/kernel/debug/tracing/instances/wifi restorecon: No such file or directory.
02-10 13:49:11.945   248   248 E lmkd    : memevent failed to attach bpf program to android_vendor_lmk/android_trigger_vendor_lmk_kill tracepoint: No such file or directory
02-10 13:49:11.946   248   248 E lmkd    : memevent failed to attach bpf program to kmem/mm_calculate_totalreserve_pages tracepoint: No such file or directory
02-10 13:49:12.362  1685  1685 E d.process.acore: Not starting debugger since process cannot load the jdwp agent.
02-10 13:49:12.379   820  1131 E AppOps  : attributionTag VCN not declared in manifest of android
02-10 13:49:12.714   602   738 E OmxInfoBuilder: Cannot find an IOmxStore service.
02-10 13:49:12.828  1708  1708 E dmesgd  : /data/misc/dmesgd/sent_reports.txt is empty: No such file or directory
02-10 13:49:12.923   820   886 E MusicRecognitionManagerPerUserService: Bad service name: com.google.android.googlequicksearchbox/com.google.android.apps.search.soundsearch.service.SoundSearchService
02-10 13:49:12.970   820  1047 E AppOps  : attributionTag VCN not declared in manifest of android
02-10 13:49:12.987  1716  1716 E rs.media.module: Not starting debugger since process cannot load the jdwp agent.
02-10 13:49:13.572  1734  1734 E ogle.android.as: Not starting debugger since process cannot load the jdwp agent.
02-10 13:49:13.919  1685  1751 E ashmem  : Pinning is deprecated since Android Q. Please use trim or other methods.
02-10 13:49:14.075  1490  1758 E ashmem  : Pinning is deprecated since Android Q. Please use trim or other methods.
02-10 13:49:14.329  1769  1769 E hbox:interactor: Not starting debugger since process cannot load the jdwp agent.
02-10 13:49:14.374   820  1070 E BackupPasswordManager: Unable to read backup pw version
02-10 13:49:14.487  1781  1781 E Parcel  : Reading a NULL string not supported here.
02-10 13:49:14.618  1781  1781 E IPCThreadState: Binder transaction failure. id: 41559, BR_*: 29201, error: -1 (Operation not permitted)
02-10 13:49:14.626  1781  1781 E IPCThreadState: Binder transaction failure. id: 41573, BR_*: 29201, error: -1 (Operation not permitted)
02-10 13:49:14.645  1781  1781 E IPCThreadState: Binder transaction failure. id: 41595, BR_*: 29201, error: -1 (Operation not permitted)
02-10 13:49:14.648  1781  1781 E IPCThreadState: Binder transaction failure. id: 41667, BR_*: 29201, error: -1 (Operation not permitted)
02-10 13:49:14.650  1781  1781 E IPCThreadState: Binder transaction failure. id: 41677, BR_*: 29201, error: -1 (Operation not permitted)
02-10 13:49:14.651  1781  1781 E IPCThreadState: Binder transaction failure. id: 41682, BR_*: 29201, error: -1 (Operation not permitted)
02-10 13:49:14.652  1781  1781 E IPCThreadState: Binder transaction failure. id: 41691, BR_*: 29201, error: -1 (Operation not permitted)
02-10 13:49:14.655  1781  1781 E IPCThreadState: Binder transaction failure. id: 41710, BR_*: 29201, error: -1 (Operation not permitted)
02-10 13:49:14.660  1781  1781 E IPCThreadState: Binder transaction failure. id: 41725, BR_*: 29201, error: -1 (Operation not permitted)
02-10 13:49:14.663  1781  1781 E IPCThreadState: Binder transaction failure. id: 41729, BR_*: 29201, error: -1 (Operation not permitted)
02-10 13:49:14.689  1781  1781 E IPCThreadState: Binder transaction failure. id: 41772, BR_*: 29201, error: -1 (Operation not permitted)
02-10 13:49:14.691   820  1070 E BackupPasswordManager: Unable to read saved backup pw hash
02-10 13:49:14.691  1781  1781 E IPCThreadState: Binder transaction failure. id: 41776, BR_*: 29201, error: -1 (Operation not permitted)
02-10 13:49:14.703  1781  1781 E IPCThreadState: Binder transaction failure. id: 41796, BR_*: 29201, error: -1 (Operation not permitted)
02-10 13:49:14.642     0     0 E audit   : rate limit exceeded
02-10 13:49:14.704  1781  1781 E IPCThreadState: Binder transaction failure. id: 41800, BR_*: 29201, error: -1 (Operation not permitted)
02-10 13:49:14.728     0     0 E servicemanager: VINTF HALs require names in the format type/instance (e.g. some.package.foo.IFoo/default) but got: media_quality
02-10 13:49:14.754  1789  1789 E id.printspooler: Not starting debugger since process cannot load the jdwp agent.
02-10 13:49:14.756  1158  1702 E MediaCodec: Media Quality Service not found.
02-10 13:49:14.766  1158  1710 E ndroid.systemui: Failed to query component interface for required system resources: 6
02-10 13:49:14.785  1781  1781 E IPCThreadState: Binder transaction failure. id: 41964, BR_*: 29201, error: -1 (Operation not permitted)
02-10 13:49:14.790  1781  1781 E IPCThreadState: Binder transaction failure. id: 41979, BR_*: 29201, error: -1 (Operation not permitted)
02-10 13:49:14.791  1781  1781 E IPCThreadState: Binder transaction failure. id: 41983, BR_*: 29201, error: -1 (Operation not permitted)
02-10 13:49:14.758     0     0 E servicemanager: VINTF HALs require names in the format type/instance (e.g. some.package.foo.IFoo/default) but got: media_quality
02-10 13:49:14.797  1781  1781 E IPCThreadState: Binder transaction failure. id: 41992, BR_*: 29201, error: -1 (Operation not permitted)
02-10 13:49:14.799  1781  1781 E IPCThreadState: Binder transaction failure. id: 41997, BR_*: 29201, error: -1 (Operation not permitted)
02-10 13:49:14.801  1781  1781 E IPCThreadState: Binder transaction failure. id: 42004, BR_*: 29201, error: -1 (Operation not permitted)
02-10 13:49:14.802  1781  1781 E IPCThreadState: Binder transaction failure. id: 42008, BR_*: 29201, error: -1 (Operation not permitted)
02-10 13:49:14.804  1781  1781 E IPCThreadState: Binder transaction failure. id: 42012, BR_*: 29201, error: -1 (Operation not permitted)
02-10 13:49:14.807  1781  1781 E IPCThreadState: Binder transaction failure. id: 42018, BR_*: 29201, error: -1 (Operation not permitted)
02-10 13:49:14.809  1781  1781 E IPCThreadState: Binder transaction failure. id: 42025, BR_*: 29201, error: -1 (Operation not permitted)
02-10 13:49:14.812  1781  1781 E IPCThreadState: Binder transaction failure. id: 42031, BR_*: 29201, error: -1 (Operation not permitted)
02-10 13:49:14.813  1781  1781 E IPCThreadState: Binder transaction failure. id: 42037, BR_*: 29201, error: -1 (Operation not permitted)
02-10 13:49:14.816  1781  1781 E IPCThreadState: Binder transaction failure. id: 42043, BR_*: 29201, error: -1 (Operation not permitted)
02-10 13:49:14.796     0     0 E SELinux : avc:  denied  { find } for pid=1781 uid=2000 name=android.hardware.security.keymint.IKeyMintDevice/default scontext=u:r:shell:s0 tcontext=u:object_r:hal_keymint_service:s0 tclass=service_manager permissive=0
02-10 13:49:14.809     0     0 E SELinux : avc:  denied  { find } for pid=1781 uid=2000 name=android.hardware.security.secureclock.ISecureClock/default scontext=u:r:shell:s0 tcontext=u:object_r:hal_secureclock_service:s0 tclass=service_manager permissive=0
02-10 13:49:14.818     0     0 E SELinux : avc:  denied  { find } for pid=1781 uid=2000 name=android.hardware.security.sharedsecret.ISharedSecret/default scontext=u:r:shell:s0 tcontext=u:object_r:hal_sharedsecret_service:s0 tclass=service_manager permissive=0
02-10 13:49:14.849  1781  1781 E IPCThreadState: Binder transaction failure. id: 42077, BR_*: 29201, error: -1 (Operation not permitted)
02-10 13:49:14.850  1781  1781 E IPCThreadState: Binder transaction failure. id: 42085, BR_*: 29201, error: -1 (Operation not permitted)
02-10 13:49:14.852  1781  1781 E IPCThreadState: Binder transaction failure. id: 42089, BR_*: 29201, error: -1 (Operation not permitted)
02-10 13:49:14.856  1781  1781 E IPCThreadState: Binder transaction failure. id: 42097, BR_*: 29201, error: -1 (Operation not permitted)
02-10 13:49:14.859  1781  1781 E IPCThreadState: Binder transaction failure. id: 42107, BR_*: 29201, error: -1 (Operation not permitted)
02-10 13:49:14.861   605   732 E Codec2-ComponentInterface: We have a failed config
02-10 13:49:14.864  1781  1781 E IPCThreadState: Binder transaction failure. id: 42116, BR_*: 29201, error: -1 (Operation not permitted)
02-10 13:49:14.868  1781  1781 E IPCThreadState: Binder transaction failure. id: 42125, BR_*: 29201, error: -1 (Operation not permitted)
02-10 13:49:14.871  1781  1781 E IPCThreadState: Binder transaction failure. id: 42129, BR_*: 29201, error: -1 (Operation not permitted)
02-10 13:49:14.877  1781  1781 E IPCThreadState: Binder transaction failure. id: 42135, BR_*: 29201, error: -1 (Operation not permitted)
02-10 13:49:14.880  1781  1781 E IPCThreadState: Binder transaction failure. id: 42146, BR_*: 29201, error: -1 (Operation not permitted)
02-10 13:49:14.903  1158  1706 E MediaCodec: Media Quality Service not found.
02-10 13:49:14.883     0     0 E SELinux : avc:  denied  { find } for pid=1781 uid=2000 name=android.service.gatekeeper.IGateKeeperService scontext=u:r:shell:s0 tcontext=u:object_r:gatekeeper_service:s0 tclass=service_manager permissive=0
02-10 13:49:14.929  1781  1781 E IPCThreadState: Binder transaction failure. id: 42256, BR_*: 29201, error: -1 (Operation not permitted)
02-10 13:49:14.930  1781  1781 E IPCThreadState: Binder transaction failure. id: 42262, BR_*: 29201, error: -1 (Operation not permitted)
02-10 13:49:14.937  1781  1781 E IPCThreadState: Binder transaction failure. id: 42274, BR_*: 29201, error: -1 (Operation not permitted)
02-10 13:49:14.916     0     0 E SELinux : avc:  denied  { find } for pid=1781 uid=2000 name=apexservice scontext=u:r:shell:s0 tcontext=u:object_r:apex_service:s0 tclass=service_manager permissive=0
02-10 13:49:14.946  1158  1707 E ndroid.systemui: Failed to query component interface for required system resources: 6
02-10 13:49:14.947  1781  1781 E Parcel  : Reading a NULL string not supported here.
02-10 13:49:14.981   605   732 E Codec2-ComponentInterface: We have a failed config
02-10 13:49:15.020  1781  1781 E Parcel  : Reading a NULL string not supported here.
02-10 13:49:15.031  1781  1781 E Parcel  : Reading a NULL string not supported here.
02-10 13:49:15.060  1781  1781 E Parcel  : Reading a NULL string not supported here.
02-10 13:49:15.170  1781  1781 E Parcel  : Reading a NULL string not supported here.
02-10 13:49:15.179  1781  1781 E Parcel  : Reading a NULL string not supported here.
02-10 13:49:15.186  1158  1158 E LauncherProxyService: Failed to get launcher proxy for disable flags.
02-10 13:49:15.204  1781  1781 E Parcel  : Reading a NULL string not supported here.
02-10 13:49:15.207  1781  1781 E Parcel  : Reading a NULL string not supported here.
02-10 13:49:15.250  1781  1781 E Parcel  : Reading a NULL string not supported here.
02-10 13:49:15.253  1781  1781 E Parcel  : Reading a NULL string not supported here.
02-10 13:49:15.234     0     0 E SELinux : avc:  denied  { find } for pid=1781 uid=2000 name=dnsresolver scontext=u:r:shell:s0 tcontext=u:object_r:dnsresolver_service:s0 tclass=service_manager permissive=0
02-10 13:49:15.405  1781  1781 E Parcel  : Reading a NULL string not supported here.
02-10 13:49:15.521  1781  1781 E Parcel  : Reading a NULL string not supported here.
02-10 13:49:15.540     0     0 E SELinux : avc:  denied  { find } for pid=1781 uid=2000 name=incident scontext=u:r:shell:s0 tcontext=u:object_r:incident_service:s0 tclass=service_manager permissive=0
02-10 13:49:15.597     0     0 E SELinux : avc:  denied  { find } for pid=1781 uid=2000 name=installd scontext=u:r:shell:s0 tcontext=u:object_r:installd_service:s0 tclass=service_manager permissive=0
02-10 13:49:15.647  1328  1328 E SatelliteController: registerForSatelliteModemStateChanged: mSatelliteSessionController is not initialized yet
02-10 13:49:15.652  1328  1328 E SatelliteController: registerForSatelliteModemStateChanged: mSatelliteSessionController is not initialized yet
02-10 13:49:15.689  1158  1702 E MediaCodec: Media Quality Service not found.
02-10 13:49:15.655     0     0 E servicemanager: VINTF HALs require names in the format type/instance (e.g. some.package.foo.IFoo/default) but got: media_quality
02-10 13:49:15.720  1158  1832 E ndroid.systemui: Failed to query component interface for required system resources: 6
02-10 13:49:15.722  1781  1781 E Parcel  : Reading a NULL string not supported here.
02-10 13:49:15.743  1781  1781 E Parcel  : Reading a NULL string not supported here.
02-10 13:49:15.731     0     0 E SELinux : avc:  denied  { find } for pid=1781 uid=2000 name=mdns scontext=u:r:shell:s0 tcontext=u:object_r:mdns_service:s0 tclass=service_manager permissive=0
02-10 13:49:15.788   605   734 E Codec2-ComponentInterface: We have a failed config
02-10 13:49:15.904  1716  1716 E ashmem  : Pinning is deprecated since Android Q. Please use trim or other methods.
02-10 13:49:15.918  1158  1158 E LauncherProxyService: Failed to get launcher proxy for disable flags.
02-10 13:49:15.992  1781  1781 E Parcel  : Reading a NULL string not supported here.
02-10 13:49:16.025  1328  1542 E SatelliteModemInterface: requestIsSatelliteSupported: Satellite service is unavailable.
02-10 13:49:16.025  1328  1542 E SatelliteServiceUtils: isSatelliteSupported SatelliteException: android.telephony.satellite.SatelliteManager$SatelliteException
02-10 13:49:16.014     0     0 E SELinux : avc:  denied  { find } for pid=1781 uid=2000 name=netd scontext=u:r:shell:s0 tcontext=u:object_r:netd_service:s0 tclass=service_manager permissive=0
02-10 13:49:16.079  1781  1781 E Parcel  : Reading a NULL string not supported here.
02-10 13:49:16.120  1781  1781 E IPCThreadState: Binder transaction failure. id: 44527, BR_*: 29201, error: -1 (Operation not permitted)
02-10 13:49:16.272  1630  1849 E PhenotypeCombinedFlags: Config package com.google.android.client_error_logging#com.google.android.apps.wellbeing cannot use PROCESS_STABLE backing without declarative registration. See go/phenotype-android-integration#phenotype for more information. This will lead to stale flags.
02-10 13:49:16.368  1853  1853 E gle.android.gms: Not starting debugger since process cannot load the jdwp agent.
02-10 13:49:16.472  1734  1734 E ashmem  : Pinning is deprecated since Android Q. Please use trim or other methods.
02-10 13:49:16.502  1866  1866 E or.multidisplay: Not starting debugger since process cannot load the jdwp agent.
02-10 13:49:16.514  1781  1781 E Parcel  : Reading a NULL string not supported here.
02-10 13:49:16.776  1781  1781 E Parcel  : Reading a NULL string not supported here.
02-10 13:49:16.823  1328  1542 E SatelliteController: registerForSatelliteCommunicationAccessStateChanged: SatelliteManager is null
02-10 13:49:16.972     0     0 E SELinux : avc:  denied  { find } for pid=1781 uid=2000 name=suspend_control scontext=u:r:shell:s0 tcontext=u:object_r:system_suspend_control_service:s0 tclass=service_manager permissive=0
02-10 13:49:16.988     0     0 E SELinux : avc:  denied  { find } for pid=1781 uid=2000 name=suspend_control_internal scontext=u:r:shell:s0 tcontext=u:object_r:system_suspend_control_internal_service:s0 tclass=service_manager permissive=0
02-10 13:49:17.048  1781  1781 E Parcel  : Reading a NULL string not supported here.
02-10 13:49:17.206  1781  1781 E Parcel  : Reading a NULL string not supported here.
02-10 13:49:17.508     0     0 E SELinux : avc:  denied  { find } for pid=1781 uid=2000 name=vold scontext=u:r:shell:s0 tcontext=u:object_r:vold_service:s0 tclass=service_manager permissive=0
02-10 13:49:17.656  1781  1781 E IPCThreadState: Binder transaction failure. id: 46433, BR_*: 29201, error: -1 (Operation not permitted)
02-10 13:49:17.701     0     0 E servicemanager: VINTF HALs require names in the format type/instance (e.g. some.package.foo.IFoo/default) but got: media_quality
02-10 13:49:17.757  1716  1943 E MediaCodec: Media Quality Service not found.
02-10 13:49:17.788  1964  1964 E Parcel  : Reading a NULL string not supported here.
02-10 13:49:18.148  1964  1964 E IPCThreadState: Binder transaction failure. id: 46996, BR_*: 29201, error: -1 (Operation not permitted)
02-10 13:49:18.164  1964  1964 E IPCThreadState: Binder transaction failure. id: 47012, BR_*: 29201, error: -1 (Operation not permitted)
02-10 13:49:18.182  1964  1964 E IPCThreadState: Binder transaction failure. id: 47026, BR_*: 29201, error: -1 (Operation not permitted)
02-10 13:49:18.187  1964  1964 E IPCThreadState: Binder transaction failure. id: 47042, BR_*: 29201, error: -1 (Operation not permitted)
02-10 13:49:18.189  1964  1964 E IPCThreadState: Binder transaction failure. id: 47049, BR_*: 29201, error: -1 (Operation not permitted)
02-10 13:49:18.190  1964  1964 E IPCThreadState: Binder transaction failure. id: 47054, BR_*: 29201, error: -1 (Operation not permitted)
02-10 13:49:18.190   820  1816 E AppSearchIcing: document-store.cc:518: Invalid vector contents for /data/system_ce/0/appsearch/icing/document_dir/uri_mapper/persistent_hash_map.kFailed to initialize KeyMapper
02-10 13:49:18.191  1964  1964 E IPCThreadState: Binder transaction failure. id: 47058, BR_*: 29201, error: -1 (Operation not permitted)
02-10 13:49:18.199  1964  1964 E IPCThreadState: Binder transaction failure. id: 47068, BR_*: 29201, error: -1 (Operation not permitted)
02-10 13:49:18.186     0     0 E audit   : rate limit exceeded
02-10 13:49:18.214  1964  1964 E IPCThreadState: Binder transaction failure. id: 47080, BR_*: 29201, error: -1 (Operation not permitted)
02-10 13:49:18.214  1964  1964 E IPCThreadState: Binder transaction failure. id: 47090, BR_*: 29201, error: -1 (Operation not permitted)
02-10 13:49:18.219  1964  1964 E IPCThreadState: Binder transaction failure. id: 47105, BR_*: 29201, error: -1 (Operation not permitted)
02-10 13:49:18.220  1964  1964 E IPCThreadState: Binder transaction failure. id: 47110, BR_*: 29201, error: -1 (Operation not permitted)
02-10 13:49:18.222  1964  1964 E IPCThreadState: Binder transaction failure. id: 47116, BR_*: 29201, error: -1 (Operation not permitted)
02-10 13:49:18.223  1964  1964 E IPCThreadState: Binder transaction failure. id: 47120, BR_*: 29201, error: -1 (Operation not permitted)
02-10 13:49:18.247  1964  1964 E IPCThreadState: Binder transaction failure. id: 47155, BR_*: 29201, error: -1 (Operation not permitted)
