02-10 13:50:13.977  1282  1381 E SystemServiceRegistry: 	at android.app.SystemServiceRegistry$149.createService(SystemServiceRegistry.java:2232)
02-10 13:50:13.977  1282  1381 E SystemServiceRegistry: 	at android.app.SystemServiceRegistry$CachedServiceFetcher.getService(SystemServiceRegistry.java:2343)
02-10 13:50:13.977  1282  1381 E SystemServiceRegistry: 	at android.app.SystemServiceRegistry.getSystemService(SystemServiceRegistry.java:1918)
02-10 13:50:13.977  1282  1381 E SystemServiceRegistry: 	at android.app.ContextImpl.getSystemService(ContextImpl.java:2315)
02-10 13:50:13.977  1282  1381 E SystemServiceRegistry: 	at android.content.ContextWrapper.getSystemService(ContextWrapper.java:964)
02-10 13:50:13.977  1282  1381 E SystemServiceRegistry: 	at com.android.networkstack.tethering.Tethering.isEthernetSupported(Tethering.java:1862)
02-10 13:50:13.977  1282  1381 E SystemServiceRegistry: 	at com.android.networkstack.tethering.Tethering.makeSupportedDownstreams(Tethering.java:2843)
02-10 13:50:13.977  1282  1381 E SystemServiceRegistry: 	at com.android.networkstack.tethering.Tethering.updateSupportedDownstreams(Tethering.java:2817)
02-10 13:50:13.977  1282  1381 E SystemServiceRegistry: 	at com.android.networkstack.tethering.Tethering.updateConfiguration(Tethering.java:564)
02-10 13:50:13.977  1282  1381 E SystemServiceRegistry: 	at com.android.networkstack.tethering.Tethering.-$$Nest$mupdateConfiguration(Tethering.java:0)
02-10 13:50:13.977  1282  1381 E SystemServiceRegistry: 	at com.android.networkstack.tethering.Tethering$StateReceiver.onReceive(Tethering.java:1396)
02-10 13:50:13.977  1282  1381 E SystemServiceRegistry: 	at android.app.LoadedApk$ReceiverDispatcher$Args.lambda$getRunnable$0(LoadedApk.java:1839)
02-10 13:50:13.977  1282  1381 E SystemServiceRegistry: 	at android.app.LoadedApk$ReceiverDispatcher$Args.$r8$lambda$mcNAAl1SQ4MyJPyDg8TJ2x2h0Rk(Unknown Source:0)
02-10 13:50:13.977  1282  1381 E SystemServiceRegistry: 	at android.app.LoadedApk$ReceiverDispatcher$Args$$ExternalSyntheticLambda0.run(D8$$SyntheticClass:0)
02-10 13:50:13.977  1282  1381 E SystemServiceRegistry: 	at android.os.Handler.handleCallback(Handler.java:995)
02-10 13:50:13.977  1282  1381 E SystemServiceRegistry: 	at android.os.Handler.dispatchMessage(Handler.java:103)
02-10 13:50:13.977  1282  1381 E SystemServiceRegistry: 	at android.os.Looper.loopOnce(Looper.java:248)
02-10 13:50:13.977  1282  1381 E SystemServiceRegistry: 	at android.os.Looper.loop(Looper.java:338)
02-10 13:50:13.977  1282  1381 E SystemServiceRegistry: 	at android.os.HandlerThread.run(HandlerThread.java:85)
02-10 13:50:14.195  1328  1328 E SmsApplication: com.google.android.apps.messaging lost android:read_cell_broadcasts:  (fixing)
02-10 13:50:14.346  1341  1341 E RecyclerView: Cannot scroll to position a LayoutManager set. Call setLayoutManager with a non-null argument.
02-10 13:50:14.347  1341  1341 E RecyclerView: Cannot scroll to position a LayoutManager set. Call setLayoutManager with a non-null argument.
02-10 13:50:14.732  2864  2864 E BatteryInfoBroadcast: failed to register observer for remaining time
02-10 13:50:14.732  2864  2864 E BatteryInfoBroadcast: java.lang.SecurityException: Failed to find provider com.google.android.apps.turbo.estimated_time_remaining for user 0; expected to find a valid ContentProvider for this authority
02-10 13:50:14.732  2864  2864 E BatteryInfoBroadcast: 	at android.os.Parcel.createExceptionOrNull(Parcel.java:3340)
02-10 13:50:14.732  2864  2864 E BatteryInfoBroadcast: 	at android.os.Parcel.createException(Parcel.java:3324)
02-10 13:50:14.732  2864  2864 E BatteryInfoBroadcast: 	at android.os.Parcel.readException(Parcel.java:3307)
02-10 13:50:14.732  2864  2864 E BatteryInfoBroadcast: 	at android.os.Parcel.readException(Parcel.java:3249)
02-10 13:50:14.732  2864  2864 E BatteryInfoBroadcast: 	at android.content.IContentService$Stub$Proxy.registerContentObserver(IContentService.java:1044)
02-10 13:50:14.732  2864  2864 E BatteryInfoBroadcast: 	at android.content.ContentResolver.registerContentObserver(ContentResolver.java:2730)
02-10 13:50:14.732  2864  2864 E BatteryInfoBroadcast: 	at com.google.android.systemui.power.BatteryInfoBroadcast.registerObserver(go/retraceme 5ef7505f3172d45c77e95a8eba788f1ba3487bafbb4dd5bf3a1ad9be0371fc04:9)
02-10 13:50:14.732  2864  2864 E BatteryInfoBroadcast: 	at com.google.android.systemui.power.BatteryInfoBroadcast.<init>(go/retraceme 5ef7505f3172d45c77e95a8eba788f1ba3487bafbb4dd5bf3a1ad9be0371fc04:160)
02-10 13:50:14.732  2864  2864 E BatteryInfoBroadcast: 	at com.google.android.systemui.power.PowerNotificationWarningsGoogleImpl$$ExternalSyntheticLambda0.run(go/retraceme 5ef7505f3172d45c77e95a8eba788f1ba3487bafbb4dd5bf3a1ad9be0371fc04:19)
02-10 13:50:14.732  2864  2864 E BatteryInfoBroadcast: 	at android.os.Handler.handleCallback(Handler.java:995)
02-10 13:50:14.732  2864  2864 E BatteryInfoBroadcast: 	at android.os.Handler.dispatchMessage(Handler.java:103)
02-10 13:50:14.732  2864  2864 E BatteryInfoBroadcast: 	at android.os.Looper.loopOnce(Looper.java:248)
02-10 13:50:14.732  2864  2864 E BatteryInfoBroadcast: 	at android.os.Looper.loop(Looper.java:338)
02-10 13:50:14.732  2864  2864 E BatteryInfoBroadcast: 	at android.app.ActivityThread.main(ActivityThread.java:9067)
02-10 13:50:14.732  2864  2864 E BatteryInfoBroadcast: 	at java.lang.reflect.Method.invoke(Native Method)
02-10 13:50:14.732  2864  2864 E BatteryInfoBroadcast: 	at com.android.internal.os.RuntimeInit$MethodAndArgsCaller.run(RuntimeInit.java:593)
02-10 13:50:14.732  2864  2864 E BatteryInfoBroadcast: 	at com.android.internal.os.ZygoteInit.main(ZygoteInit.java:932)
02-10 13:50:14.732  2864  2864 E BatteryInfoBroadcast: Caused by: android.os.RemoteException: Remote stack trace:
02-10 13:50:14.732  2864  2864 E BatteryInfoBroadcast: 	at com.android.server.content.ContentService.registerContentObserver(ContentService.java:382)
02-10 13:50:14.732  2864  2864 E BatteryInfoBroadcast: 	at android.content.IContentService$Stub.onTransact(IContentService.java:498)
02-10 13:50:14.732  2864  2864 E BatteryInfoBroadcast: 	at android.os.Binder.execTransactInternal(Binder.java:1421)
02-10 13:50:14.732  2864  2864 E BatteryInfoBroadcast: 	at android.os.Binder.execTransact(Binder.java:1365)
02-10 13:50:14.732  2864  2864 E BatteryInfoBroadcast: 
02-10 13:50:14.792  3566  3566 E ashmem  : Pinning is deprecated since Android Q. Please use trim or other methods.
02-10 13:50:14.895  2864  2864 E PhoneStatusBarView: mHasCornerCutoutFetcher unexpectedly null
02-10 13:50:14.895  2864  2864 E PhoneStatusBarView: mInsetsFetcher unexpectedly null
02-10 13:50:15.069  3616  3616 E externalstorage: Not starting debugger since process cannot load the jdwp agent.
02-10 13:50:15.302  3616  3616 E ashmem  : Pinning is deprecated since Android Q. Please use trim or other methods.
02-10 13:50:15.497  3629  3629 E droid.deskclock: Not starting debugger since process cannot load the jdwp agent.
02-10 13:50:15.905  3629  3644 E droid.deskclock: hiddenapi: Accessing hidden field Ljava/util/Collections$SynchronizedCollection;->mutex:Ljava/lang/Object; (runtime_flags=0, domain=core-platform, api=max-target-o) from Lj$/util/DesugarCollections; (domain=app) using reflection: denied
02-10 13:50:15.905  3629  3644 E droid.deskclock: hiddenapi: Accessing hidden method Ljava/util/Collections$SynchronizedSet;-><init>(Ljava/util/Set;Ljava/lang/Object;)V (runtime_flags=0, domain=core-platform, api=max-target-o) from Lj$/util/DesugarCollections; (domain=app) using reflection: denied
02-10 13:50:15.905  3629  3644 E droid.deskclock: hiddenapi: Accessing hidden method Ljava/util/Collections$SynchronizedCollection;-><init>(Ljava/util/Collection;Ljava/lang/Object;)V (runtime_flags=0, domain=core-platform, api=max-target-o) from Lj$/util/DesugarCollections; (domain=app) using reflection: denied
02-10 13:50:15.963  3629  3645 E ashmem  : Pinning is deprecated since Android Q. Please use trim or other methods.
02-10 13:50:15.986  3649  3649 E gs.intelligence: Not starting debugger since process cannot load the jdwp agent.
02-10 13:50:16.288  3649  3667 E ashmem  : Pinning is deprecated since Android Q. Please use trim or other methods.
02-10 13:50:16.466  2864  2864 E PhoneStatusBarView: mHasCornerCutoutFetcher unexpectedly null
02-10 13:50:16.466  2864  2864 E PhoneStatusBarView: mInsetsFetcher unexpectedly null
02-10 13:50:16.665  3675  3675 E .android.chrome: Not starting debugger since process cannot load the jdwp agent.
02-10 13:50:16.692   820   962 E JobScheduler.Quota: <0>com.android.chrome has 0 EJ quota without running anything
02-10 13:50:16.693   820   962 E JobScheduler.Quota: <0>com.android.chrome has 0 EJ quota without running anything
02-10 13:50:16.694   820   962 E JobScheduler.Quota: <0>com.android.chrome has 0 EJ quota without running anything
02-10 13:50:16.968  2864  2992 E ServiceManager: error in isDeclared
02-10 13:50:16.968  2864  2992 E ServiceManager: java.lang.SecurityException: SELinux denied for service.
02-10 13:50:16.968  2864  2992 E ServiceManager: 	at android.os.Parcel.createExceptionOrNull(Parcel.java:3340)
02-10 13:50:16.968  2864  2992 E ServiceManager: 	at android.os.Parcel.createException(Parcel.java:3324)
02-10 13:50:16.968  2864  2992 E ServiceManager: 	at android.os.Parcel.readException(Parcel.java:3307)
02-10 13:50:16.968  2864  2992 E ServiceManager: 	at android.os.Parcel.readException(Parcel.java:3249)
02-10 13:50:16.968  2864  2992 E ServiceManager: 	at android.os.IServiceManager$Stub$Proxy.isDeclared(IServiceManager.java:656)
02-10 13:50:16.968  2864  2992 E ServiceManager: 	at android.os.ServiceManagerProxy.isDeclared(ServiceManagerNative.java:104)
02-10 13:50:16.968  2864  2992 E ServiceManager: 	at android.os.ServiceManager.isDeclared(ServiceManager.java:297)
02-10 13:50:16.968  2864  2992 E ServiceManager: 	at android.os.ServiceManager.waitForDeclaredService(ServiceManager.java:353)
02-10 13:50:16.968  2864  2992 E ServiceManager: 	at com.google.android.systemui.googlebattery.GoogleBatteryManager.initHalInterface(go/retraceme 5ef7505f3172d45c77e95a8eba788f1ba3487bafbb4dd5bf3a1ad9be0371fc04:16)
02-10 13:50:16.968  2864  2992 E ServiceManager: 	at com.google.android.systemui.power.batteryhealth.HealthManager$initHalInterface$2.invokeSuspend(go/retraceme 5ef7505f3172d45c77e95a8eba788f1ba3487bafbb4dd5bf3a1ad9be0371fc04:21)
02-10 13:50:16.968  2864  2992 E ServiceManager: 	at com.google.android.systemui.power.batteryhealth.HealthManager$initHalInterface$2.invoke(go/retraceme 5ef7505f3172d45c77e95a8eba788f1ba3487bafbb4dd5bf3a1ad9be0371fc04:13)
02-10 13:50:16.968  2864  2992 E ServiceManager: 	at com.google.android.systemui.power.batteryhealth.HealthManager$runOnBackground$2.invokeSuspend(go/retraceme 5ef7505f3172d45c77e95a8eba788f1ba3487bafbb4dd5bf3a1ad9be0371fc04:33)
02-10 13:50:16.968  2864  2992 E ServiceManager: 	at kotlin.coroutines.jvm.internal.BaseContinuationImpl.resumeWith(go/retraceme 5ef7505f3172d45c77e95a8eba788f1ba3487bafbb4dd5bf3a1ad9be0371fc04:8)
02-10 13:50:16.968  2864  2992 E ServiceManager: 	at kotlinx.coroutines.DispatchedTask.run(go/retraceme 5ef7505f3172d45c77e95a8eba788f1ba3487bafbb4dd5bf3a1ad9be0371fc04:112)
02-10 13:50:16.968  2864  2992 E ServiceManager: 	at java.util.concurrent.Executors$RunnableAdapter.call(Executors.java:524)
02-10 13:50:16.968  2864  2992 E ServiceManager: 	at java.util.concurrent.FutureTask.run(FutureTask.java:317)
02-10 13:50:16.968  2864  2992 E ServiceManager: 	at java.util.concurrent.ScheduledThreadPoolExecutor$ScheduledFutureTask.run(ScheduledThreadPoolExecutor.java:348)
02-10 13:50:16.968  2864  2992 E ServiceManager: 	at java.util.concurrent.ThreadPoolExecutor.runWorker(ThreadPoolExecutor.java:1156)
02-10 13:50:16.968  2864  2992 E ServiceManager: 	at java.util.concurrent.ThreadPoolExecutor$Worker.run(ThreadPoolExecutor.java:651)
02-10 13:50:16.968  2864  2992 E ServiceManager: 	at java.lang.Thread.run(Thread.java:1119)
02-10 13:50:17.139  3133  3142 E FeatureFlagsImplExport: android.os.flagging.AconfigStorageReadException: ERROR_PACKAGE_NOT_FOUND: package com.android.settingslib.widget.theme.flags cannot be found on the device
02-10 13:50:17.690  3133  3142 E DSRotLockSettingsMngr: No matching device state for posture: 0
02-10 13:50:17.703  3133  3142 E DSRotLockSettingsMngr: No matching device state for posture: 2
02-10 13:50:17.705  3133  3142 E DSRotLockSettingsMngr: No matching device state for posture: 1
02-10 13:50:17.707  3133  3701 E DSRotLockSettingsMngr: No matching device state for posture: 0
02-10 13:50:17.708  3133  3701 E DSRotLockSettingsMngr: No matching device state for posture: 2
02-10 13:50:17.709  3133  3701 E DSRotLockSettingsMngr: No matching device state for posture: 1
02-10 13:50:17.780  3133  3142 E HardwareInfoFeatureProviderImpl: Could not parse manufactured year from serial.
02-10 13:50:17.780  3133  3142 E HardwareInfoFeatureProviderImpl: java.lang.NumberFormatException: For input string: "E"
02-10 13:50:17.780  3133  3142 E HardwareInfoFeatureProviderImpl: 	at java.lang.Integer.parseInt(Integer.java:781)
02-10 13:50:17.780  3133  3142 E HardwareInfoFeatureProviderImpl: 	at java.lang.Integer.valueOf(Integer.java:1108)
02-10 13:50:17.780  3133  3142 E HardwareInfoFeatureProviderImpl: 	at com.google.android.settings.hardwareinfo.HardwareInfoFeatureProviderGoogleImpl.getManufacturedYear(HardwareInfoFeatureProviderGoogleImpl.kt:24)
02-10 13:50:17.780  3133  3142 E HardwareInfoFeatureProviderImpl: 	at com.android.settings.deviceinfo.hardwareinfo.ManufacturedYearPreferenceController.<init>(ManufacturedYearPreferenceController.kt:26)
02-10 13:50:17.780  3133  3142 E HardwareInfoFeatureProviderImpl: 	at java.lang.reflect.Constructor.newInstance0(Native Method)
02-10 13:50:17.780  3133  3142 E HardwareInfoFeatureProviderImpl: 	at java.lang.reflect.Constructor.newInstance(Constructor.java:343)
02-10 13:50:17.780  3133  3142 E HardwareInfoFeatureProviderImpl: 	at com.android.settings.core.BasePreferenceController.createInstance(BasePreferenceController.java:190)
02-10 13:50:17.780  3133  3142 E HardwareInfoFeatureProviderImpl: 	at com.android.settings.core.PreferenceControllerListHelper.getPreferenceControllersFromXml(PreferenceControllerListHelper.java:86)
02-10 13:50:17.780  3133  3142 E HardwareInfoFeatureProviderImpl: 	at com.android.settings.search.BaseSearchIndexProvider.getPreferenceControllers(BaseSearchIndexProvider.java:195)
02-10 13:50:17.780  3133  3142 E HardwareInfoFeatureProviderImpl: 	at com.android.settings.search.BaseSearchIndexProvider.getDynamicRawDataToIndex(BaseSearchIndexProvider.java:102)
02-10 13:50:17.780  3133  3142 E HardwareInfoFeatureProviderImpl: 	at com.android.settings.search.SettingsSearchIndexablesProvider.getDynamicSearchIndexableRawData(SettingsSearchIndexablesProvider.java:379)
02-10 13:50:17.780  3133  3142 E HardwareInfoFeatureProviderImpl: 	at com.android.settings.search.SettingsSearchIndexablesProvider.queryDynamicRawData(SettingsSearchIndexablesProvider.java:181)
02-10 13:50:17.780  3133  3142 E HardwareInfoFeatureProviderImpl: 	at android.provider.SearchIndexablesProvider.query(SearchIndexablesProvider.java:133)
02-10 13:50:17.780  3133  3142 E HardwareInfoFeatureProviderImpl: 	at android.content.ContentProvider.query(ContentProvider.java:1625)
02-10 13:50:17.780  3133  3142 E HardwareInfoFeatureProviderImpl: 	at android.content.ContentProvider.query(ContentProvider.java:1721)
02-10 13:50:17.780  3133  3142 E HardwareInfoFeatureProviderImpl: 	at android.content.ContentProvider$Transport.query(ContentProvider.java:296)
02-10 13:50:17.780  3133  3142 E HardwareInfoFeatureProviderImpl: 	at android.content.ContentProviderNative.onTransact(ContentProviderNative.java:107)
02-10 13:50:17.780  3133  3142 E HardwareInfoFeatureProviderImpl: 	at android.os.Binder.execTransactInternal(Binder.java:1421)
02-10 13:50:17.780  3133  3142 E HardwareInfoFeatureProviderImpl: 	at android.os.Binder.execTransact(Binder.java:1365)
02-10 13:50:17.831  3133  3701 E HardwareInfoFeatureProviderImpl: Could not parse manufactured year from serial.
02-10 13:50:17.831  3133  3701 E HardwareInfoFeatureProviderImpl: java.lang.NumberFormatException: For input string: "E"
02-10 13:50:17.831  3133  3701 E HardwareInfoFeatureProviderImpl: 	at java.lang.Integer.parseInt(Integer.java:781)
02-10 13:50:17.831  3133  3701 E HardwareInfoFeatureProviderImpl: 	at java.lang.Integer.valueOf(Integer.java:1108)
02-10 13:50:17.831  3133  3701 E HardwareInfoFeatureProviderImpl: 	at com.google.android.settings.hardwareinfo.HardwareInfoFeatureProviderGoogleImpl.getManufacturedYear(HardwareInfoFeatureProviderGoogleImpl.kt:24)
02-10 13:50:17.831  3133  3701 E HardwareInfoFeatureProviderImpl: 	at com.android.settings.deviceinfo.hardwareinfo.ManufacturedYearPreferenceController.<init>(ManufacturedYearPreferenceController.kt:26)
02-10 13:50:17.831  3133  3701 E HardwareInfoFeatureProviderImpl: 	at java.lang.reflect.Constructor.newInstance0(Native Method)
02-10 13:50:17.831  3133  3701 E HardwareInfoFeatureProviderImpl: 	at java.lang.reflect.Constructor.newInstance(Constructor.java:343)
02-10 13:50:17.831  3133  3701 E HardwareInfoFeatureProviderImpl: 	at com.android.settings.core.BasePreferenceController.createInstance(BasePreferenceController.java:190)
02-10 13:50:17.831  3133  3701 E HardwareInfoFeatureProviderImpl: 	at com.android.settings.core.PreferenceControllerListHelper.getPreferenceControllersFromXml(PreferenceControllerListHelper.java:86)
02-10 13:50:17.831  3133  3701 E HardwareInfoFeatureProviderImpl: 	at com.android.settings.search.BaseSearchIndexProvider.getPreferenceControllers(BaseSearchIndexProvider.java:195)
02-10 13:50:17.831  3133  3701 E HardwareInfoFeatureProviderImpl: 	at com.android.settings.search.BaseSearchIndexProvider.updateNonIndexableKeysFromControllers(BaseSearchIndexProvider.java:142)
02-10 13:50:17.831  3133  3701 E HardwareInfoFeatureProviderImpl: 	at com.android.settings.search.BaseSearchIndexProvider.getNonIndexableKeys(BaseSearchIndexProvider.java:136)
02-10 13:50:17.831  3133  3701 E HardwareInfoFeatureProviderImpl: 	at com.android.settings.search.SettingsSearchIndexablesProvider.getNonIndexableKeysFromProvider(SettingsSearchIndexablesProvider.java:285)
02-10 13:50:17.831  3133  3701 E HardwareInfoFeatureProviderImpl: 	at com.android.settings.search.SettingsSearchIndexablesProvider.queryNonIndexableKeys(SettingsSearchIndexablesProvider.java:158)
02-10 13:50:17.831  3133  3701 E HardwareInfoFeatureProviderImpl: 	at android.provider.SearchIndexablesProvider.query(SearchIndexablesProvider.java:127)
02-10 13:50:17.831  3133  3701 E HardwareInfoFeatureProviderImpl: 	at android.content.ContentProvider.query(ContentProvider.java:1625)
02-10 13:50:17.831  3133  3701 E HardwareInfoFeatureProviderImpl: 	at android.content.ContentProvider.query(ContentProvider.java:1721)
02-10 13:50:17.831  3133  3701 E HardwareInfoFeatureProviderImpl: 	at android.content.ContentProvider$Transport.query(ContentProvider.java:296)
02-10 13:50:17.831  3133  3701 E HardwareInfoFeatureProviderImpl: 	at android.content.ContentProviderNative.onTransact(ContentProviderNative.java:107)
02-10 13:50:17.831  3133  3701 E HardwareInfoFeatureProviderImpl: 	at android.os.Binder.execTransactInternal(Binder.java:1421)
02-10 13:50:17.831  3133  3701 E HardwareInfoFeatureProviderImpl: 	at android.os.Binder.execTransact(Binder.java:1365)
02-10 13:50:18.952  3133  3142 E ScreenResolutionController: No support
02-10 13:50:18.997  3133  3142 E ScreenResolutionController: No support
02-10 13:50:19.119  3133  3701 E ScreenResolutionController: No support
02-10 13:50:19.231  3133  3701 E ScreenResolutionController: No support
02-10 13:50:17.189     0     0 E SELinux : avc:  denied  { find } for pid=3133 uid=1000 name=vendor.google.wireless_charger.IWirelessCharger/default scontext=u:r:system_app:s0 tcontext=u:object_r:default_android_service:s0 tclass=service_manager permissive=0
02-10 13:50:19.307  3133  3701 E SystemServiceRegistry: No service published for: ethernet
02-10 13:50:19.307  3133  3701 E SystemServiceRegistry: android.os.ServiceManager$ServiceNotFoundException: No service published for: ethernet
02-10 13:50:19.307  3133  3701 E SystemServiceRegistry: 	at android.os.ServiceManager.getServiceOrThrow(ServiceManager.java:203)
02-10 13:50:19.307  3133  3701 E SystemServiceRegistry: 	at android.app.SystemServiceRegistry$149.createService(SystemServiceRegistry.java:2232)
02-10 13:50:19.307  3133  3701 E SystemServiceRegistry: 	at android.app.SystemServiceRegistry$CachedServiceFetcher.getService(SystemServiceRegistry.java:2343)
02-10 13:50:19.307  3133  3701 E SystemServiceRegistry: 	at android.app.SystemServiceRegistry.getSystemService(SystemServiceRegistry.java:1918)
02-10 13:50:19.307  3133  3701 E SystemServiceRegistry: 	at android.app.ContextImpl.getSystemService(ContextImpl.java:2315)
02-10 13:50:19.307  3133  3701 E SystemServiceRegistry: 	at android.content.ContextWrapper.getSystemService(ContextWrapper.java:964)
02-10 13:50:19.307  3133  3701 E SystemServiceRegistry: 	at android.content.Context.getSystemService(Context.java:4630)
02-10 13:50:19.307  3133  3701 E SystemServiceRegistry: 	at com.android.settings.network.tether.TetherSettings$2.getNonIndexableKeys(TetherSettings.java:673)
02-10 13:50:19.307  3133  3701 E SystemServiceRegistry: 	at com.android.settings.search.SettingsSearchIndexablesProvider.getNonIndexableKeysFromProvider(SettingsSearchIndexablesProvider.java:285)
02-10 13:50:19.307  3133  3701 E SystemServiceRegistry: 	at com.android.settings.search.SettingsSearchIndexablesProvider.queryNonIndexableKeys(SettingsSearchIndexablesProvider.java:158)
02-10 13:50:19.307  3133  3701 E SystemServiceRegistry: 	at android.provider.SearchIndexablesProvider.query(SearchIndexablesProvider.java:127)
02-10 13:50:19.307  3133  3701 E SystemServiceRegistry: 	at android.content.ContentProvider.query(ContentProvider.java:1625)
02-10 13:50:19.307  3133  3701 E SystemServiceRegistry: 	at android.content.ContentProvider.query(ContentProvider.java:1721)
02-10 13:50:19.307  3133  3701 E SystemServiceRegistry: 	at android.content.ContentProvider$Transport.query(ContentProvider.java:296)
02-10 13:50:19.307  3133  3701 E SystemServiceRegistry: 	at android.content.ContentProviderNative.onTransact(ContentProviderNative.java:107)
02-10 13:50:19.307  3133  3701 E SystemServiceRegistry: 	at android.os.Binder.execTransactInternal(Binder.java:1421)
02-10 13:50:19.307  3133  3701 E SystemServiceRegistry: 	at android.os.Binder.execTransact(Binder.java:1365)
02-10 13:50:19.324  1853  3211 E Pay     : NfcAdapter is null while obtaining CardEmulation instance. [CONTEXT service_id=198 ]
02-10 13:50:19.324  1853  3211 E Pay     : CardEmulation is null while checking aid registration. [CONTEXT service_id=198 ]
02-10 13:50:19.866  3133  3701 E ConvertToEsimPreference: Fail to check pSIM conversion supported carrier: Attempt to invoke virtual method 'boolean android.telephony.euicc.EuiccManager.isPsimConversionSupported(int)' on a null object reference
02-10 13:50:19.867  3133  3701 E ConvertToEsimPreference: Fail to check pSIM conversion supported carrier: Attempt to invoke virtual method 'boolean android.telephony.euicc.EuiccManager.isPsimConversionSupported(int)' on a null object reference
02-10 13:50:19.947  2925  3748 E ashmem  : Pinning is deprecated since Android Q. Please use trim or other methods.
02-10 13:50:20.159  3767  3767 E .android.gms.ui: Not starting debugger since process cannot load the jdwp agent.
02-10 13:50:20.222   248   261 E lowmemorykiller: process_mrelease 2093 failed: No such process
02-10 13:50:20.243  3797  3797 E marvin.talkback: Not starting debugger since process cannot load the jdwp agent.
02-10 13:50:20.295   248   261 E lowmemorykiller: process_mrelease 1789 failed: No such process
02-10 13:50:20.460  3760  3760 E ty.switchaccess: Not starting debugger since process cannot load the jdwp agent.
02-10 13:50:20.497   248   262 E lowmemorykiller: process_mrelease 2320 failed: No such process
02-10 13:50:20.714  3797  3850 E ashmem  : Pinning is deprecated since Android Q. Please use trim or other methods.
02-10 13:50:21.149  3767  3890 E ashmem  : Pinning is deprecated since Android Q. Please use trim or other methods.
02-10 13:50:21.355  2078  2078 E rdv     : onError
02-10 13:50:21.355  2078  2078 E rdv     : afvv: errorCode: 65561, engine: 2
02-10 13:50:21.355  2078  2078 E rdv     : 	at auki.a(PG:23)
02-10 13:50:21.355  2078  2078 E rdv     : 	at abhl.hv(PG:13)
02-10 13:50:21.355  2078  2078 E rdv     : 	at fyqd.e(PG:9)
02-10 13:50:21.355  2078  2078 E rdv     : 	at ahbi.d(PG:154)
02-10 13:50:21.355  2078  2078 E rdv     : 	at ahbi.iW(PG:26)
02-10 13:50:21.355  2078  2078 E rdv     : 	at abhm.c(PG:102)
02-10 13:50:21.355  2078  2078 E rdv     : 	at abhn.run(PG:1)
02-10 13:50:21.355  2078  2078 E rdv     : 	at java.util.concurrent.Executors$RunnableAdapter.call(Executors.java:524)
02-10 13:50:21.355  2078  2078 E rdv     : 	at java.util.concurrent.FutureTask.run(FutureTask.java:317)
02-10 13:50:21.355  2078  2078 E rdv     : 	at aggv.run(PG:20)
02-10 13:50:21.355  2078  2078 E rdv     : 	at aght.run(PG:3)
02-10 13:50:21.355  2078  2078 E rdv     : 	at aght.run(PG:3)
02-10 13:50:21.355  2078  2078 E rdv     : 	at java.util.concurrent.ThreadPoolExecutor.runWorker(ThreadPoolExecutor.java:1156)
02-10 13:50:21.355  2078  2078 E rdv     : 	at java.util.concurrent.ThreadPoolExecutor$Worker.run(ThreadPoolExecutor.java:651)
02-10 13:50:21.355  2078  2078 E rdv     : 	at java.lang.Thread.run(Thread.java:1119)
02-10 13:50:21.355  2078  2078 E rdv     : 	at aggj.run(PG:42)
02-10 13:50:21.355  2078  2078 E rdv     : Caused by: afvx: errorCode: 65586, engine: 2
02-10 13:50:21.355  2078  2078 E rdv     : 	at abhl.hv(PG:6)
02-10 13:50:21.355  2078  2078 E rdv     : 	... 14 more
02-10 13:50:21.355  2078  2078 E rdv     : Caused by: afvt: errorCode: 401, engine: 2
02-10 13:50:21.355  2078  2078 E rdv     : 	at rds.b(PG:30)
02-10 13:50:21.355  2078  2078 E rdv     : 	at abii.hJ(PG:11)
02-10 13:50:21.355  2078  2078 E rdv     : 	at ahbi.d(PG:129)
02-10 13:50:21.355  2078  2078 E rdv     : 	... 12 more
02-10 13:50:20.517     0     0 E libprocessgroup: Failed to write 1 to /sys/fs/cgroup/system/uid_1000/pid_3553/cgroup.kill: No such file or directory
02-10 13:50:20.519     0     0 E libprocessgroup: Failed to open /sys/fs/cgroup/system/uid_1000/pid_3553/cgroup.procs: No such file or directory
02-10 13:50:28.284   820  2001 E TaskPersister: File error accessing recents directory (directory doesn't exist?).
02-10 13:50:29.165   551   714 E HwcComposer: getLuts failed Status(-8, EX_SERVICE_SPECIFIC): '8: '
02-10 13:50:29.167   551   714 E HWComposer: getLuts: getLuts failed for display 4619827259835644672: UNSUPPORTED (8)
02-10 13:50:29.226   820   906 E EGL_emulation: eglQueryContext 32c0  EGL_BAD_ATTRIBUTE
02-10 13:50:29.226   820   906 E EGL_emulation: tid 906: eglQueryContext(2159): error 0x3004 (EGL_BAD_ATTRIBUTE)
02-10 13:50:29.728   820   906 E Surface : freeAllBuffers: 1 buffers were freed while being dequeued!
02-10 13:50:29.740   820   906 E Surface : getSlotFromBufferLocked: unknown buffer: 0x0
02-10 13:50:29.741   820   906 E libEGL  : call to OpenGL ES API with no current context (logged once per thread)
02-10 13:50:29.815   278   674 E android.system.suspend-service: error writing zygote_kwl to /sys/power/wake_unlock: Invalid argument
02-10 13:50:29.867  2864  2994 E ServiceManager: error in isDeclared
02-10 13:50:29.867  2864  2994 E ServiceManager: java.lang.SecurityException: SELinux denied for service.
02-10 13:50:29.867  2864  2994 E ServiceManager: 	at android.os.Parcel.createExceptionOrNull(Parcel.java:3340)
02-10 13:50:29.867  2864  2994 E ServiceManager: 	at android.os.Parcel.createException(Parcel.java:3324)
02-10 13:50:29.867  2864  2994 E ServiceManager: 	at android.os.Parcel.readException(Parcel.java:3307)
02-10 13:50:29.867  2864  2994 E ServiceManager: 	at android.os.Parcel.readException(Parcel.java:3249)
02-10 13:50:29.867  2864  2994 E ServiceManager: 	at android.os.IServiceManager$Stub$Proxy.isDeclared(IServiceManager.java:656)
02-10 13:50:29.867  2864  2994 E ServiceManager: 	at android.os.ServiceManagerProxy.isDeclared(ServiceManagerNative.java:104)
02-10 13:50:29.867  2864  2994 E ServiceManager: 	at android.os.ServiceManager.isDeclared(ServiceManager.java:297)
02-10 13:50:29.867  2864  2994 E ServiceManager: 	at android.os.ServiceManager.waitForDeclaredService(ServiceManager.java:353)
02-10 13:50:29.867  2864  2994 E ServiceManager: 	at com.google.android.systemui.googlebattery.GoogleBatteryManager.initHalInterface(go/retraceme 5ef7505f3172d45c77e95a8eba788f1ba3487bafbb4dd5bf3a1ad9be0371fc04:16)
02-10 13:50:29.867  2864  2994 E ServiceManager: 	at com.google.android.systemui.power.batteryevent.repository.SystemEventDataSource$processIntent$2.invokeSuspend(go/retraceme 5ef7505f3172d45c77e95a8eba788f1ba3487bafbb4dd5bf3a1ad9be0371fc04:139)
02-10 13:50:29.867  2864  2994 E ServiceManager: 	at kotlin.coroutines.jvm.internal.BaseContinuationImpl.resumeWith(go/retraceme 5ef7505f3172d45c77e95a8eba788f1ba3487bafbb4dd5bf3a1ad9be0371fc04:8)
02-10 13:50:29.867  2864  2994 E ServiceManager: 	at kotlinx.coroutines.DispatchedTask.run(go/retraceme 5ef7505f3172d45c77e95a8eba788f1ba3487bafbb4dd5bf3a1ad9be0371fc04:112)
02-10 13:50:29.867  2864  2994 E ServiceManager: 	at java.util.concurrent.Executors$RunnableAdapter.call(Executors.java:524)
02-10 13:50:29.867  2864  2994 E ServiceManager: 	at java.util.concurrent.FutureTask.run(FutureTask.java:317)
02-10 13:50:29.867  2864  2994 E ServiceManager: 	at java.util.concurrent.ScheduledThreadPoolExecutor$ScheduledFutureTask.run(ScheduledThreadPoolExecutor.java:348)
02-10 13:50:29.867  2864  2994 E ServiceManager: 	at java.util.concurrent.ThreadPoolExecutor.runWorker(ThreadPoolExecutor.java:1156)
02-10 13:50:29.867  2864  2994 E ServiceManager: 	at java.util.concurrent.ThreadPoolExecutor$Worker.run(ThreadPoolExecutor.java:651)
02-10 13:50:29.867  2864  2994 E ServiceManager: 	at java.lang.Thread.run(Thread.java:1119)
02-10 13:50:30.245  2864  2987 E ServiceManager: error in isDeclared
02-10 13:50:30.245  2864  2987 E ServiceManager: java.lang.SecurityException: SELinux denied for service.
02-10 13:50:30.245  2864  2987 E ServiceManager: 	at android.os.Parcel.createExceptionOrNull(Parcel.java:3340)
02-10 13:50:30.245  2864  2987 E ServiceManager: 	at android.os.Parcel.createException(Parcel.java:3324)
02-10 13:50:30.245  2864  2987 E ServiceManager: 	at android.os.Parcel.readException(Parcel.java:3307)
02-10 13:50:30.245  2864  2987 E ServiceManager: 	at android.os.Parcel.readException(Parcel.java:3249)
02-10 13:50:30.245  2864  2987 E ServiceManager: 	at android.os.IServiceManager$Stub$Proxy.isDeclared(IServiceManager.java:656)
02-10 13:50:30.245  2864  2987 E ServiceManager: 	at android.os.ServiceManagerProxy.isDeclared(ServiceManagerNative.java:104)
02-10 13:50:30.245  2864  2987 E ServiceManager: 	at android.os.ServiceManager.isDeclared(ServiceManager.java:297)
02-10 13:50:30.245  2864  2987 E ServiceManager: 	at android.os.ServiceManager.waitForDeclaredService(ServiceManager.java:353)
02-10 13:50:30.245  2864  2987 E ServiceManager: 	at com.google.android.systemui.googlebattery.GoogleBatteryManager.initHalInterface(go/retraceme 5ef7505f3172d45c77e95a8eba788f1ba3487bafbb4dd5bf3a1ad9be0371fc04:16)
02-10 13:50:30.245  2864  2987 E ServiceManager: 	at com.google.android.systemui.power.batteryevent.repository.SystemEventDataSource$processIntent$2.invokeSuspend(go/retraceme 5ef7505f3172d45c77e95a8eba788f1ba3487bafbb4dd5bf3a1ad9be0371fc04:139)
02-10 13:50:30.245  2864  2987 E ServiceManager: 	at kotlin.coroutines.jvm.internal.BaseContinuationImpl.resumeWith(go/retraceme 5ef7505f3172d45c77e95a8eba788f1ba3487bafbb4dd5bf3a1ad9be0371fc04:8)
02-10 13:50:30.245  2864  2987 E ServiceManager: 	at kotlinx.coroutines.DispatchedTask.run(go/retraceme 5ef7505f3172d45c77e95a8eba788f1ba3487bafbb4dd5bf3a1ad9be0371fc04:112)
02-10 13:50:30.245  2864  2987 E ServiceManager: 	at java.util.concurrent.Executors$RunnableAdapter.call(Executors.java:524)
02-10 13:50:30.245  2864  2987 E ServiceManager: 	at java.util.concurrent.FutureTask.run(FutureTask.java:317)
02-10 13:50:30.245  2864  2987 E ServiceManager: 	at java.util.concurrent.ScheduledThreadPoolExecutor$ScheduledFutureTask.run(ScheduledThreadPoolExecutor.java:348)
02-10 13:50:30.245  2864  2987 E ServiceManager: 	at java.util.concurrent.ThreadPoolExecutor.runWorker(ThreadPoolExecutor.java:1156)
02-10 13:50:30.245  2864  2987 E ServiceManager: 	at java.util.concurrent.ThreadPoolExecutor$Worker.run(ThreadPoolExecutor.java:651)
02-10 13:50:30.245  2864  2987 E ServiceManager: 	at java.lang.Thread.run(Thread.java:1119)
02-10 13:50:31.269   551   649 E HwcComposer: getLuts failed Status(-8, EX_SERVICE_SPECIFIC): '8: '
02-10 13:50:31.270   551   649 E HWComposer: getLuts: getLuts failed for display 4619827259835644672: UNSUPPORTED (8)
02-10 13:50:31.281   820   906 E EGL_emulation: eglQueryContext 32c0  EGL_BAD_ATTRIBUTE
02-10 13:50:31.281   820   906 E EGL_emulation: tid 906: eglQueryContext(2159): error 0x3004 (EGL_BAD_ATTRIBUTE)
02-10 13:50:31.749   820   906 E Surface : freeAllBuffers: 1 buffers were freed while being dequeued!
02-10 13:50:31.749   820   906 E Surface : getSlotFromBufferLocked: unknown buffer: 0x0
02-10 13:50:31.810  2864  2987 E ServiceManager: error in isDeclared
02-10 13:50:31.810  2864  2987 E ServiceManager: java.lang.SecurityException: SELinux denied for service.
02-10 13:50:31.810  2864  2987 E ServiceManager: 	at android.os.Parcel.createExceptionOrNull(Parcel.java:3340)
02-10 13:50:31.810  2864  2987 E ServiceManager: 	at android.os.Parcel.createException(Parcel.java:3324)
02-10 13:50:31.810  2864  2987 E ServiceManager: 	at android.os.Parcel.readException(Parcel.java:3307)
02-10 13:50:31.810  2864  2987 E ServiceManager: 	at android.os.Parcel.readException(Parcel.java:3249)
02-10 13:50:31.810  2864  2987 E ServiceManager: 	at android.os.IServiceManager$Stub$Proxy.isDeclared(IServiceManager.java:656)
02-10 13:50:31.810  2864  2987 E ServiceManager: 	at android.os.ServiceManagerProxy.isDeclared(ServiceManagerNative.java:104)
02-10 13:50:31.810  2864  2987 E ServiceManager: 	at android.os.ServiceManager.isDeclared(ServiceManager.java:297)
02-10 13:50:31.810  2864  2987 E ServiceManager: 	at android.os.ServiceManager.waitForDeclaredService(ServiceManager.java:353)
02-10 13:50:31.810  2864  2987 E ServiceManager: 	at com.google.android.systemui.googlebattery.GoogleBatteryManager.initHalInterface(go/retraceme 5ef7505f3172d45c77e95a8eba788f1ba3487bafbb4dd5bf3a1ad9be0371fc04:16)
02-10 13:50:31.810  2864  2987 E ServiceManager: 	at com.google.android.systemui.power.batteryevent.repository.SystemEventDataSource$processIntent$2.invokeSuspend(go/retraceme 5ef7505f3172d45c77e95a8eba788f1ba3487bafbb4dd5bf3a1ad9be0371fc04:139)
02-10 13:50:31.810  2864  2987 E ServiceManager: 	at kotlin.coroutines.jvm.internal.BaseContinuationImpl.resumeWith(go/retraceme 5ef7505f3172d45c77e95a8eba788f1ba3487bafbb4dd5bf3a1ad9be0371fc04:8)
02-10 13:50:31.810  2864  2987 E ServiceManager: 	at kotlinx.coroutines.DispatchedTask.run(go/retraceme 5ef7505f3172d45c77e95a8eba788f1ba3487bafbb4dd5bf3a1ad9be0371fc04:112)
02-10 13:50:31.810  2864  2987 E ServiceManager: 	at java.util.concurrent.Executors$RunnableAdapter.call(Executors.java:524)
02-10 13:50:31.810  2864  2987 E ServiceManager: 	at java.util.concurrent.FutureTask.run(FutureTask.java:317)
02-10 13:50:31.810  2864  2987 E ServiceManager: 	at java.util.concurrent.ScheduledThreadPoolExecutor$ScheduledFutureTask.run(ScheduledThreadPoolExecutor.java:348)
02-10 13:50:31.810  2864  2987 E ServiceManager: 	at java.util.concurrent.ThreadPoolExecutor.runWorker(ThreadPoolExecutor.java:1156)
02-10 13:50:31.810  2864  2987 E ServiceManager: 	at java.util.concurrent.ThreadPoolExecutor$Worker.run(ThreadPoolExecutor.java:651)
02-10 13:50:31.810  2864  2987 E ServiceManager: 	at java.lang.Thread.run(Thread.java:1119)
02-10 13:50:31.891  2864  2993 E ServiceManager: error in isDeclared
02-10 13:50:31.891  2864  2993 E ServiceManager: java.lang.SecurityException: SELinux denied for service.
02-10 13:50:31.891  2864  2993 E ServiceManager: 	at android.os.Parcel.createExceptionOrNull(Parcel.java:3340)
02-10 13:50:31.891  2864  2993 E ServiceManager: 	at android.os.Parcel.createException(Parcel.java:3324)
02-10 13:50:31.891  2864  2993 E ServiceManager: 	at android.os.Parcel.readException(Parcel.java:3307)
02-10 13:50:31.891  2864  2993 E ServiceManager: 	at android.os.Parcel.readException(Parcel.java:3249)
02-10 13:50:31.891  2864  2993 E ServiceManager: 	at android.os.IServiceManager$Stub$Proxy.isDeclared(IServiceManager.java:656)
02-10 13:50:31.891  2864  2993 E ServiceManager: 	at android.os.ServiceManagerProxy.isDeclared(ServiceManagerNative.java:104)
02-10 13:50:31.891  2864  2993 E ServiceManager: 	at android.os.ServiceManager.isDeclared(ServiceManager.java:297)
02-10 13:50:31.891  2864  2993 E ServiceManager: 	at android.os.ServiceManager.waitForDeclaredService(ServiceManager.java:353)
02-10 13:50:31.891  2864  2993 E ServiceManager: 	at com.google.android.systemui.googlebattery.GoogleBatteryManager.initHalInterface(go/retraceme 5ef7505f3172d45c77e95a8eba788f1ba3487bafbb4dd5bf3a1ad9be0371fc04:16)
02-10 13:50:31.891  2864  2993 E ServiceManager: 	at com.google.android.systemui.power.batteryevent.repository.SystemEventDataSource$processIntent$2.invokeSuspend(go/retraceme 5ef7505f3172d45c77e95a8eba788f1ba3487bafbb4dd5bf3a1ad9be0371fc04:139)
02-10 13:50:31.891  2864  2993 E ServiceManager: 	at kotlin.coroutines.jvm.internal.BaseContinuationImpl.resumeWith(go/retraceme 5ef7505f3172d45c77e95a8eba788f1ba3487bafbb4dd5bf3a1ad9be0371fc04:8)
02-10 13:50:31.891  2864  2993 E ServiceManager: 	at kotlinx.coroutines.DispatchedTask.run(go/retraceme 5ef7505f3172d45c77e95a8eba788f1ba3487bafbb4dd5bf3a1ad9be0371fc04:112)
02-10 13:50:31.891  2864  2993 E ServiceManager: 	at java.util.concurrent.Executors$RunnableAdapter.call(Executors.java:524)
02-10 13:50:31.891  2864  2993 E ServiceManager: 	at java.util.concurrent.FutureTask.run(FutureTask.java:317)
02-10 13:50:31.891  2864  2993 E ServiceManager: 	at java.util.concurrent.ScheduledThreadPoolExecutor$ScheduledFutureTask.run(ScheduledThreadPoolExecutor.java:348)
02-10 13:50:31.891  2864  2993 E ServiceManager: 	at java.util.concurrent.ThreadPoolExecutor.runWorker(ThreadPoolExecutor.java:1156)
02-10 13:50:31.891  2864  2993 E ServiceManager: 	at java.util.concurrent.ThreadPoolExecutor$Worker.run(ThreadPoolExecutor.java:651)
02-10 13:50:31.891  2864  2993 E ServiceManager: 	at java.lang.Thread.run(Thread.java:1119)
02-10 13:50:34.089  2621  2686 E DialerRestVvmCarrierService: com.android.dialer.voicemail.service.impl.vvmclients.rest.RestVvmCarrierService.getMsisdn:420 Retrieved phone number in an unexpected format: +15551234567 [CONTEXT disable_client_error_logging=true ]
02-10 13:50:34.089  2621  2686 E DialerRestVvmCarrierService: zxo: MEDIUM
02-10 13:50:34.089  2621  2686 E DialerRestVvmCarrierService: 	at a.cN(PG:15)
02-10 13:50:34.089  2621  2686 E DialerRestVvmCarrierService: 	at pxq.apply(PG:489)
02-10 13:50:34.089  2621  2686 E DialerRestVvmCarrierService: 	at zcp.apply(PG:13)
02-10 13:50:34.089  2621  2686 E DialerRestVvmCarrierService: 	at aaka.d(PG:3)
02-10 13:50:34.089  2621  2686 E DialerRestVvmCarrierService: 	at aakb.run(PG:38)
02-10 13:50:34.089  2621  2686 E DialerRestVvmCarrierService: 	at umz.run(PG:7)
02-10 13:50:34.089  2621  2686 E DialerRestVvmCarrierService: 	at aadu.run(PG:44)
02-10 13:50:34.089  2621  2686 E DialerRestVvmCarrierService: 	at tdt.run(PG:78)
02-10 13:50:34.089  2621  2686 E DialerRestVvmCarrierService: 	at cp.run(PG:143)
02-10 13:50:34.089  2621  2686 E DialerRestVvmCarrierService: 	at java.lang.Thread.run(Thread.java:1119)
02-10 13:50:34.089  2621  2686 E DialerRestVvmCarrierService: 	at uoe.run(PG:61)
02-10 13:50:34.264  2621  2686 E DialerRestVvmCarrierService: com.android.dialer.voicemail.service.impl.vvmclients.rest.RestVvmCarrierService.getMsisdn:420 Retrieved phone number in an unexpected format: +15551234567 [CONTEXT disable_client_error_logging=true ]
02-10 13:50:34.264  2621  2686 E DialerRestVvmCarrierService: zxo: MEDIUM
02-10 13:50:34.264  2621  2686 E DialerRestVvmCarrierService: 	at a.cN(PG:15)
02-10 13:50:34.264  2621  2686 E DialerRestVvmCarrierService: 	at pxq.apply(PG:489)
02-10 13:50:34.264  2621  2686 E DialerRestVvmCarrierService: 	at zcp.apply(PG:13)
02-10 13:50:34.264  2621  2686 E DialerRestVvmCarrierService: 	at aaka.d(PG:3)
02-10 13:50:34.264  2621  2686 E DialerRestVvmCarrierService: 	at aakb.run(PG:38)
02-10 13:50:34.264  2621  2686 E DialerRestVvmCarrierService: 	at umz.run(PG:7)
02-10 13:50:34.264  2621  2686 E DialerRestVvmCarrierService: 	at aadu.run(PG:44)
02-10 13:50:34.264  2621  2686 E DialerRestVvmCarrierService: 	at tdt.run(PG:78)
02-10 13:50:34.264  2621  2686 E DialerRestVvmCarrierService: 	at cp.run(PG:143)
02-10 13:50:34.264  2621  2686 E DialerRestVvmCarrierService: 	at java.lang.Thread.run(Thread.java:1119)
02-10 13:50:34.264  2621  2686 E DialerRestVvmCarrierService: 	at uoe.run(PG:61)
02-10 13:50:34.599  2621  2686 E DialerRestVvmCarrierService: com.android.dialer.voicemail.service.impl.vvmclients.rest.RestVvmCarrierService.getMsisdn:420 Retrieved phone number in an unexpected format: +15551234567 [CONTEXT disable_client_error_logging=true ]
02-10 13:50:34.599  2621  2686 E DialerRestVvmCarrierService: zxo: MEDIUM
02-10 13:50:34.599  2621  2686 E DialerRestVvmCarrierService: 	at a.cN(PG:15)
02-10 13:50:34.599  2621  2686 E DialerRestVvmCarrierService: 	at pxq.apply(PG:489)
02-10 13:50:34.599  2621  2686 E DialerRestVvmCarrierService: 	at zcp.apply(PG:13)
02-10 13:50:34.599  2621  2686 E DialerRestVvmCarrierService: 	at aaka.d(PG:3)
02-10 13:50:34.599  2621  2686 E DialerRestVvmCarrierService: 	at aakb.run(PG:38)
02-10 13:50:34.599  2621  2686 E DialerRestVvmCarrierService: 	at umz.run(PG:7)
02-10 13:50:34.599  2621  2686 E DialerRestVvmCarrierService: 	at aadu.run(PG:44)
02-10 13:50:34.599  2621  2686 E DialerRestVvmCarrierService: 	at tdt.run(PG:78)
02-10 13:50:34.599  2621  2686 E DialerRestVvmCarrierService: 	at cp.run(PG:143)
02-10 13:50:34.599  2621  2686 E DialerRestVvmCarrierService: 	at java.lang.Thread.run(Thread.java:1119)
02-10 13:50:34.599  2621  2686 E DialerRestVvmCarrierService: 	at uoe.run(PG:61)
02-10 13:50:38.526   820  2001 E TaskPersister: File error accessing recents directory (directory doesn't exist?).
02-10 13:51:14.078  2078  2078 E rdv     : onError
02-10 13:51:14.078  2078  2078 E rdv     : afvv: errorCode: 65561, engine: 2
02-10 13:51:14.078  2078  2078 E rdv     : 	at auki.a(PG:23)
02-10 13:51:14.078  2078  2078 E rdv     : 	at abhl.hv(PG:13)
02-10 13:51:14.078  2078  2078 E rdv     : 	at fyqd.e(PG:9)
02-10 13:51:14.078  2078  2078 E rdv     : 	at ahbi.d(PG:154)
02-10 13:51:14.078  2078  2078 E rdv     : 	at ahbi.iW(PG:26)
02-10 13:51:14.078  2078  2078 E rdv     : 	at abhm.c(PG:102)
02-10 13:51:14.078  2078  2078 E rdv     : 	at abhn.run(PG:1)
02-10 13:51:14.078  2078  2078 E rdv     : 	at java.util.concurrent.Executors$RunnableAdapter.call(Executors.java:524)
02-10 13:51:14.078  2078  2078 E rdv     : 	at java.util.concurrent.FutureTask.run(FutureTask.java:317)
02-10 13:51:14.078  2078  2078 E rdv     : 	at aggv.run(PG:20)
02-10 13:51:14.078  2078  2078 E rdv     : 	at aght.run(PG:3)
02-10 13:51:14.078  2078  2078 E rdv     : 	at aght.run(PG:3)
02-10 13:51:14.078  2078  2078 E rdv     : 	at java.util.concurrent.ThreadPoolExecutor.runWorker(ThreadPoolExecutor.java:1156)
02-10 13:51:14.078  2078  2078 E rdv     : 	at java.util.concurrent.ThreadPoolExecutor$Worker.run(ThreadPoolExecutor.java:651)
02-10 13:51:14.078  2078  2078 E rdv     : 	at java.lang.Thread.run(Thread.java:1119)
02-10 13:51:14.078  2078  2078 E rdv     : 	at aggj.run(PG:42)
02-10 13:51:14.078  2078  2078 E rdv     : Caused by: afvx: errorCode: 65586, engine: 2
02-10 13:51:14.078  2078  2078 E rdv     : 	at abhl.hv(PG:6)
02-10 13:51:14.078  2078  2078 E rdv     : 	... 14 more
02-10 13:51:14.078  2078  2078 E rdv     : Caused by: afvt: errorCode: 401, engine: 2
02-10 13:51:14.078  2078  2078 E rdv     : 	at rds.b(PG:30)
02-10 13:51:14.078  2078  2078 E rdv     : 	at abii.hJ(PG:11)
02-10 13:51:14.078  2078  2078 E rdv     : 	at ahbi.d(PG:129)
02-10 13:51:14.078  2078  2078 E rdv     : 	... 12 more
02-10 13:51:14.103  2621  2686 E DialerRestVvmCarrierService: com.android.dialer.voicemail.service.impl.vvmclients.rest.RestVvmCarrierService.getMsisdn:420 Retrieved phone number in an unexpected format: +15551234567 [CONTEXT disable_client_error_logging=true ]
02-10 13:51:14.103  2621  2686 E DialerRestVvmCarrierService: zxo: MEDIUM
02-10 13:51:14.103  2621  2686 E DialerRestVvmCarrierService: 	at a.cN(PG:15)
02-10 13:51:14.103  2621  2686 E DialerRestVvmCarrierService: 	at pxq.apply(PG:489)
02-10 13:51:14.103  2621  2686 E DialerRestVvmCarrierService: 	at zcp.apply(PG:13)
02-10 13:51:14.103  2621  2686 E DialerRestVvmCarrierService: 	at aaka.d(PG:3)
02-10 13:51:14.103  2621  2686 E DialerRestVvmCarrierService: 	at aakb.run(PG:38)
02-10 13:51:14.103  2621  2686 E DialerRestVvmCarrierService: 	at umz.run(PG:7)
02-10 13:51:14.103  2621  2686 E DialerRestVvmCarrierService: 	at aadu.run(PG:44)
02-10 13:51:14.103  2621  2686 E DialerRestVvmCarrierService: 	at tdt.run(PG:78)
02-10 13:51:14.103  2621  2686 E DialerRestVvmCarrierService: 	at cp.run(PG:143)
02-10 13:51:14.103  2621  2686 E DialerRestVvmCarrierService: 	at java.lang.Thread.run(Thread.java:1119)
02-10 13:51:14.103  2621  2686 E DialerRestVvmCarrierService: 	at uoe.run(PG:61)
02-10 13:51:37.612  3133  4013 E WifiScanner: listener does not exist
02-10 13:51:37.641   820  1881 E WifiService: Attempt to retrieve passpoint with invalid scanResult List
02-10 13:52:06.213  2621  2686 E DialerRestVvmCarrierService: com.android.dialer.voicemail.service.impl.vvmclients.rest.RestVvmCarrierService.getMsisdn:420 Retrieved phone number in an unexpected format: +15551234567 [CONTEXT disable_client_error_logging=true ]
02-10 13:52:06.213  2621  2686 E DialerRestVvmCarrierService: zxo: MEDIUM
02-10 13:52:06.213  2621  2686 E DialerRestVvmCarrierService: 	at a.cN(PG:15)
02-10 13:52:06.213  2621  2686 E DialerRestVvmCarrierService: 	at pxq.apply(PG:489)
02-10 13:52:06.213  2621  2686 E DialerRestVvmCarrierService: 	at zcp.apply(PG:13)
02-10 13:52:06.213  2621  2686 E DialerRestVvmCarrierService: 	at aaka.d(PG:3)
02-10 13:52:06.213  2621  2686 E DialerRestVvmCarrierService: 	at aakb.run(PG:38)
02-10 13:52:06.213  2621  2686 E DialerRestVvmCarrierService: 	at umz.run(PG:7)
02-10 13:52:06.213  2621  2686 E DialerRestVvmCarrierService: 	at aadu.run(PG:44)
02-10 13:52:06.213  2621  2686 E DialerRestVvmCarrierService: 	at tdt.run(PG:78)
02-10 13:52:06.213  2621  2686 E DialerRestVvmCarrierService: 	at cp.run(PG:143)
02-10 13:52:06.213  2621  2686 E DialerRestVvmCarrierService: 	at java.lang.Thread.run(Thread.java:1119)
02-10 13:52:06.213  2621  2686 E DialerRestVvmCarrierService: 	at uoe.run(PG:61)
02-10 13:52:06.388  2621  2686 E DialerRestVvmCarrierService: com.android.dialer.voicemail.service.impl.vvmclients.rest.RestVvmCarrierService.getMsisdn:420 Retrieved phone number in an unexpected format: +15551234567 [CONTEXT disable_client_error_logging=true ]
02-10 13:52:06.388  2621  2686 E DialerRestVvmCarrierService: zxo: MEDIUM
02-10 13:52:06.388  2621  2686 E DialerRestVvmCarrierService: 	at a.cN(PG:15)
02-10 13:52:06.388  2621  2686 E DialerRestVvmCarrierService: 	at pxq.apply(PG:489)
02-10 13:52:06.388  2621  2686 E DialerRestVvmCarrierService: 	at zcp.apply(PG:13)
02-10 13:52:06.388  2621  2686 E DialerRestVvmCarrierService: 	at aaka.d(PG:3)
02-10 13:52:06.388  2621  2686 E DialerRestVvmCarrierService: 	at aakb.run(PG:38)
02-10 13:52:06.388  2621  2686 E DialerRestVvmCarrierService: 	at umz.run(PG:7)
02-10 13:52:06.388  2621  2686 E DialerRestVvmCarrierService: 	at aadu.run(PG:44)
02-10 13:52:06.388  2621  2686 E DialerRestVvmCarrierService: 	at tdt.run(PG:78)
02-10 13:52:06.388  2621  2686 E DialerRestVvmCarrierService: 	at cp.run(PG:143)
02-10 13:52:06.388  2621  2686 E DialerRestVvmCarrierService: 	at java.lang.Thread.run(Thread.java:1119)
02-10 13:52:06.388  2621  2686 E DialerRestVvmCarrierService: 	at uoe.run(PG:61)
02-10 13:52:06.481  2621  2697 E DialerRestVvmCarrierService: com.android.dialer.voicemail.service.impl.vvmclients.rest.RestVvmCarrierService.getMsisdn:420 Retrieved phone number in an unexpected format: +15551234567 [CONTEXT disable_client_error_logging=true ]
02-10 13:52:06.481  2621  2697 E DialerRestVvmCarrierService: zxo: MEDIUM
02-10 13:52:06.481  2621  2697 E DialerRestVvmCarrierService: 	at a.cN(PG:15)
02-10 13:52:06.481  2621  2697 E DialerRestVvmCarrierService: 	at pxq.apply(PG:489)
02-10 13:52:06.481  2621  2697 E DialerRestVvmCarrierService: 	at zcp.apply(PG:13)
02-10 13:52:06.481  2621  2697 E DialerRestVvmCarrierService: 	at aaka.d(PG:3)
02-10 13:52:06.481  2621  2697 E DialerRestVvmCarrierService: 	at aakb.run(PG:38)
02-10 13:52:06.481  2621  2697 E DialerRestVvmCarrierService: 	at umz.run(PG:7)
02-10 13:52:06.481  2621  2697 E DialerRestVvmCarrierService: 	at aadu.run(PG:44)
02-10 13:52:06.481  2621  2697 E DialerRestVvmCarrierService: 	at tdt.run(PG:78)
02-10 13:52:06.481  2621  2697 E DialerRestVvmCarrierService: 	at cp.run(PG:143)
02-10 13:52:06.481  2621  2697 E DialerRestVvmCarrierService: 	at java.lang.Thread.run(Thread.java:1119)
02-10 13:52:06.481  2621  2697 E DialerRestVvmCarrierService: 	at uoe.run(PG:61)
