02-10 13:49:53.612  2633  2633 E unknown:ReactHost: 	at com.android.internal.policy.DecorView.onWindowFocusChanged(DecorView.java:1818)
02-10 13:49:53.612  2633  2633 E unknown:ReactHost: 	at android.view.View.dispatchWindowFocusChanged(View.java:16952)
02-10 13:49:53.612  2633  2633 E unknown:ReactHost: 	at android.view.ViewGroup.dispatchWindowFocusChanged(ViewGroup.java:1530)
02-10 13:49:53.612  2633  2633 E unknown:ReactHost: 	at android.view.ViewRootImpl.dispatchFocusEvent(ViewRootImpl.java:4872)
02-10 13:49:53.612  2633  2633 E unknown:ReactHost: 	at android.view.ViewRootImpl.handleWindowFocusChanged(ViewRootImpl.java:4776)
02-10 13:49:53.612  2633  2633 E unknown:ReactHost: 	at android.view.ViewRootImpl.-$$Nest$mhandleWindowFocusChanged(Unknown Source:0)
02-10 13:49:53.612  2633  2633 E unknown:ReactHost: 	at android.view.ViewRootImpl$ViewRootHandler.handleMessageImpl(ViewRootImpl.java:7016)
02-10 13:49:53.612  2633  2633 E unknown:ReactHost: 	at android.view.ViewRootImpl$ViewRootHandler.handleMessage(ViewRootImpl.java:6926)
02-10 13:49:53.612  2633  2633 E unknown:ReactHost: 	at android.os.Handler.dispatchMessage(Handler.java:110)
02-10 13:49:53.612  2633  2633 E unknown:ReactHost: 	at android.os.Looper.loopOnce(Looper.java:248)
02-10 13:49:53.612  2633  2633 E unknown:ReactHost: 	at android.os.Looper.loop(Looper.java:338)
02-10 13:49:53.612  2633  2633 E unknown:ReactHost: 	at android.app.ActivityThread.main(ActivityThread.java:9067)
02-10 13:49:53.612  2633  2633 E unknown:ReactHost: 	at java.lang.reflect.Method.invoke(Native Method)
02-10 13:49:53.612  2633  2633 E unknown:ReactHost: 	at com.android.internal.os.RuntimeInit$MethodAndArgsCaller.run(RuntimeInit.java:593)
02-10 13:49:53.612  2633  2633 E unknown:ReactHost: 	at com.android.internal.os.ZygoteInit.main(ZygoteInit.java:932)
02-10 13:49:53.747   820  1041 E ConnectivityService: exception in interfaceSetMtu()android.os.ServiceSpecificException: Remote I/O error (code 121)
02-10 13:49:53.766   820   874 E IPCThreadState: Binder transaction failure. id: 89878, BR_*: 29189, error: -3 (No such process)
02-10 13:49:54.003   820  1969 E IPCThreadState: Binder transaction failure. id: 90193, BR_*: 29189, error: -3 (No such process)
02-10 13:49:54.213   487   527 E NetlinkEvent: NetlinkEvent::FindParam(): Parameter 'INTERFACE' not found
02-10 13:49:54.213   487   527 E NetlinkEvent: NetlinkEvent::FindParam(): Parameter 'STATE' not found
02-10 13:49:54.213   487   527 E NetlinkEvent: NetlinkEvent::FindParam(): Parameter 'TIME_NS' not found
02-10 13:49:54.213   487   527 E NetlinkEvent: NetlinkEvent::FindParam(): Parameter 'UID' not found
02-10 13:49:54.230   820  1041 E IPCThreadState: Binder transaction failure. id: 90838, BR_*: 29189, error: -3 (No such process)
02-10 13:49:54.233   820  1041 E ConnectivityService: RemoteException caught trying to send a callback msg for NetworkRequest [ LISTEN id=47, [ Transports: CELLULAR|WIFI Capabilities: NOT_VPN RequestorUid: 10185 RequestorPkg: com.android.systemui MatchNonThreadLocalNetworks UnderlyingNetworks: Null] ]
02-10 13:49:54.252   820   886 E IPCThreadState: Binder transaction failure. id: 90892, BR_*: 29189, error: -3 (No such process)
02-10 13:49:54.268   820  1029 E IPCThreadState: Binder transaction failure. id: 90775, BR_*: 29189, error: -3 (No such process)
02-10 13:49:54.344   820   992 E InputDispatcher: channel 'c69caa5 StatusBar' ~ Channel is unrecoverably broken and will be disposed!
02-10 13:49:54.346   820   992 E IPCThreadState: Binder transaction failure. id: 91065, BR_*: 29189, error: -3 (No such process)
02-10 13:49:54.355   820  1811 E BiometricService: Enabled callback binder died
02-10 13:49:54.461   820   992 E InputDispatcher: channel 'edfad34 ScreenDecorOverlayBottom' ~ Channel is unrecoverably broken and will be disposed!
02-10 13:49:54.461   820   992 E InputDispatcher: channel 'a83cd79 ScreenDecorOverlay' ~ Channel is unrecoverably broken and will be disposed!
02-10 13:49:54.461   820   992 E InputDispatcher: channel '354b9f3 com.android.systemui.wallpapers.ImageWallpaper' ~ Channel is unrecoverably broken and will be disposed!
02-10 13:49:54.471   820  1911 E BiometricService: Enabled callback binder died
02-10 13:49:54.477   820   888 E libprocessgroup: Failed to write 1 to /sys/fs/cgroup/apps/uid_10185/pid_1158/cgroup.kill: No such file or directory
02-10 13:49:54.477   820   888 E libprocessgroup: Failed to open /sys/fs/cgroup/apps/uid_10185/pid_1158/cgroup.procs: No such file or directory
02-10 13:49:54.495   820   946 E LockoutResetTracker: Callback binder died: android.os.BinderProxy@c380168
02-10 13:49:54.495   820   946 E LockoutResetTracker: Removing dead callback for: com.android.systemui
02-10 13:49:54.625   551   551 E BpTransactionCompletedListener: Failed to transact (-32)
02-10 13:49:54.627   551   551 E BpTransactionCompletedListener: Failed to transact (-32)
02-10 13:49:54.627   551   551 E BpTransactionCompletedListener: Failed to transact (-32)
02-10 13:49:54.628   551   551 E BpTransactionCompletedListener: Failed to transact (-32)
02-10 13:49:54.659  2633  2633 E unknown:ReactHost: Unhandled SoftException
02-10 13:49:54.659  2633  2633 E unknown:ReactHost: com.facebook.react.bridge.ReactNoCrashSoftException: raiseSoftException(onWindowFocusChange(hasFocus = "false")): Tried to access onWindowFocusChange while context is not ready
02-10 13:49:54.659  2633  2633 E unknown:ReactHost: 	at com.facebook.react.runtime.ReactHostImpl.raiseSoftException(ReactHostImpl.kt:861)
02-10 13:49:54.659  2633  2633 E unknown:ReactHost: 	at com.facebook.react.runtime.ReactHostImpl.raiseSoftException$default(ReactHostImpl.kt:852)
02-10 13:49:54.659  2633  2633 E unknown:ReactHost: 	at com.facebook.react.runtime.ReactHostImpl.onWindowFocusChange(ReactHostImpl.kt:625)
02-10 13:49:54.659  2633  2633 E unknown:ReactHost: 	at com.facebook.react.ReactDelegate.onWindowFocusChanged(ReactDelegate.kt:232)
02-10 13:49:54.659  2633  2633 E unknown:ReactHost: 	at com.facebook.react.ReactActivityDelegate.onWindowFocusChanged(ReactActivityDelegate.java:237)
02-10 13:49:54.659  2633  2633 E unknown:ReactHost: 	at com.facebook.react.ReactActivity.onWindowFocusChanged(ReactActivity.java:158)
02-10 13:49:54.659  2633  2633 E unknown:ReactHost: 	at androidx.appcompat.view.WindowCallbackWrapper.onWindowFocusChanged(WindowCallbackWrapper.java:124)
02-10 13:49:54.659  2633  2633 E unknown:ReactHost: 	at com.android.internal.policy.DecorView.onWindowFocusChanged(DecorView.java:1818)
02-10 13:49:54.659  2633  2633 E unknown:ReactHost: 	at android.view.View.dispatchWindowFocusChanged(View.java:16952)
02-10 13:49:54.659  2633  2633 E unknown:ReactHost: 	at android.view.ViewGroup.dispatchWindowFocusChanged(ViewGroup.java:1530)
02-10 13:49:54.659  2633  2633 E unknown:ReactHost: 	at android.view.ViewRootImpl.dispatchFocusEvent(ViewRootImpl.java:4872)
02-10 13:49:54.659  2633  2633 E unknown:ReactHost: 	at android.view.ViewRootImpl.handleWindowFocusChanged(ViewRootImpl.java:4776)
02-10 13:49:54.659  2633  2633 E unknown:ReactHost: 	at android.view.ViewRootImpl.-$$Nest$mhandleWindowFocusChanged(Unknown Source:0)
02-10 13:49:54.659  2633  2633 E unknown:ReactHost: 	at android.view.ViewRootImpl$ViewRootHandler.handleMessageImpl(ViewRootImpl.java:7016)
02-10 13:49:54.659  2633  2633 E unknown:ReactHost: 	at android.view.ViewRootImpl$ViewRootHandler.handleMessage(ViewRootImpl.java:6926)
02-10 13:49:54.659  2633  2633 E unknown:ReactHost: 	at android.os.Handler.dispatchMessage(Handler.java:110)
02-10 13:49:54.659  2633  2633 E unknown:ReactHost: 	at android.os.Looper.loopOnce(Looper.java:248)
02-10 13:49:54.659  2633  2633 E unknown:ReactHost: 	at android.os.Looper.loop(Looper.java:338)
02-10 13:49:54.659  2633  2633 E unknown:ReactHost: 	at android.app.ActivityThread.main(ActivityThread.java:9067)
02-10 13:49:54.659  2633  2633 E unknown:ReactHost: 	at java.lang.reflect.Method.invoke(Native Method)
02-10 13:49:54.659  2633  2633 E unknown:ReactHost: 	at com.android.internal.os.RuntimeInit$MethodAndArgsCaller.run(RuntimeInit.java:593)
02-10 13:49:54.659  2633  2633 E unknown:ReactHost: 	at com.android.internal.os.ZygoteInit.main(ZygoteInit.java:932)
02-10 13:49:54.860  2735  2791 E tflite  : third_party/tensorflow/lite/core/subgraph.cc:1062 tensor.data.raw != nullptr was not true.
02-10 13:49:55.164  2544  2788 E BugleRcs: RcsEngineLifecycleManagerV2: RcsServiceConnectionException was raised while waiting to connect to RcsEngineLifecycleServiceV2
02-10 13:49:55.164  2544  2788 E BugleRcs: cumf: RcsServiceConnectionException:com.google.android.rcs.client.lifecycle.RcsEngineLifecycleServiceV2:UNKNOWN
02-10 13:49:55.164  2544  2788 E BugleRcs: 	at culm.a(PG:54)
02-10 13:49:55.164  2544  2788 E BugleRcs: 	at kho.a(PG:19)
02-10 13:49:55.164  2544  2788 E BugleRcs: 	at culn.a(PG:14)
02-10 13:49:55.164  2544  2788 E BugleRcs: 	at elsk.a(PG:13)
02-10 13:49:55.164  2544  2788 E BugleRcs: 	at esfd.a(PG:3)
02-10 13:49:55.164  2544  2788 E BugleRcs: 	at eseb.run(PG:19)
02-10 13:49:55.164  2544  2788 E BugleRcs: 	at esff.run(PG:5)
02-10 13:49:55.164  2544  2788 E BugleRcs: 	at dubu.run(PG:7)
02-10 13:49:55.164  2544  2788 E BugleRcs: 	at java.util.concurrent.ThreadPoolExecutor.runWorker(ThreadPoolExecutor.java:1156)
02-10 13:49:55.164  2544  2788 E BugleRcs: 	at java.util.concurrent.ThreadPoolExecutor$Worker.run(ThreadPoolExecutor.java:651)
02-10 13:49:55.164  2544  2788 E BugleRcs: 	at dubb.run(PG:6)
02-10 13:49:55.164  2544  2788 E BugleRcs: 	at java.lang.Thread.run(Thread.java:1119)
02-10 13:49:55.164  2544  2788 E BugleRcs: 	at ducv.run(PG:61)
02-10 13:49:55.175  2544  2831 E BugleRcs: RcsEngineLifecycleManagerV2: RcsServiceConnectionException was raised while waiting to connect to RcsEngineLifecycleServiceV2
02-10 13:49:55.175  2544  2831 E BugleRcs: cumf: RcsServiceConnectionException:com.google.android.rcs.client.lifecycle.RcsEngineLifecycleServiceV2:UNKNOWN
02-10 13:49:55.175  2544  2831 E BugleRcs: 	at culm.a(PG:54)
02-10 13:49:55.175  2544  2831 E BugleRcs: 	at kho.a(PG:19)
02-10 13:49:55.175  2544  2831 E BugleRcs: 	at culn.a(PG:14)
02-10 13:49:55.175  2544  2831 E BugleRcs: 	at elsk.a(PG:13)
02-10 13:49:55.175  2544  2831 E BugleRcs: 	at esfd.a(PG:3)
02-10 13:49:55.175  2544  2831 E BugleRcs: 	at eseb.run(PG:19)
02-10 13:49:55.175  2544  2831 E BugleRcs: 	at esff.run(PG:5)
02-10 13:49:55.175  2544  2831 E BugleRcs: 	at dubu.run(PG:7)
02-10 13:49:55.175  2544  2831 E BugleRcs: 	at java.util.concurrent.ThreadPoolExecutor.runWorker(ThreadPoolExecutor.java:1156)
02-10 13:49:55.175  2544  2831 E BugleRcs: 	at java.util.concurrent.ThreadPoolExecutor$Worker.run(ThreadPoolExecutor.java:651)
02-10 13:49:55.175  2544  2831 E BugleRcs: 	at dubb.run(PG:6)
02-10 13:49:55.175  2544  2831 E BugleRcs: 	at java.lang.Thread.run(Thread.java:1119)
02-10 13:49:55.175  2544  2831 E BugleRcs: 	at ducv.run(PG:61)
02-10 13:49:55.295  2895  2895 E oid.photopicker: Not starting debugger since process cannot load the jdwp agent.
02-10 13:49:55.386   820   962 E JobScheduler.Quota: <0>com.google.android.apps.photos has 0 EJ quota without running anything
02-10 13:49:55.485  1734  2298 E AiAiEcho: EchoSearch: SettingsFetcherImpl: DB already exists.
02-10 13:49:55.486  2544  2831 E BugleRcs: RcsEngineLifecycleManagerV2: RcsServiceConnectionException was raised while waiting to connect to RcsEngineLifecycleServiceV2
02-10 13:49:55.486  2544  2831 E BugleRcs: cumf: RcsServiceConnectionException:com.google.android.rcs.client.lifecycle.RcsEngineLifecycleServiceV2:UNKNOWN
02-10 13:49:55.486  2544  2831 E BugleRcs: 	at culm.a(PG:54)
02-10 13:49:55.486  2544  2831 E BugleRcs: 	at kho.a(PG:19)
02-10 13:49:55.486  2544  2831 E BugleRcs: 	at culn.a(PG:14)
02-10 13:49:55.486  2544  2831 E BugleRcs: 	at elsk.a(PG:13)
02-10 13:49:55.486  2544  2831 E BugleRcs: 	at esfd.a(PG:3)
02-10 13:49:55.486  2544  2831 E BugleRcs: 	at eseb.run(PG:19)
02-10 13:49:55.486  2544  2831 E BugleRcs: 	at esff.run(PG:5)
02-10 13:49:55.486  2544  2831 E BugleRcs: 	at dubu.run(PG:7)
02-10 13:49:55.486  2544  2831 E BugleRcs: 	at java.util.concurrent.ThreadPoolExecutor.runWorker(ThreadPoolExecutor.java:1156)
02-10 13:49:55.486  2544  2831 E BugleRcs: 	at java.util.concurrent.ThreadPoolExecutor$Worker.run(ThreadPoolExecutor.java:651)
02-10 13:49:55.486  2544  2831 E BugleRcs: 	at dubb.run(PG:6)
02-10 13:49:55.486  2544  2831 E BugleRcs: 	at java.lang.Thread.run(Thread.java:1119)
02-10 13:49:55.486  2544  2831 E BugleRcs: 	at ducv.run(PG:61)
02-10 13:49:55.486  2544  2788 E BugleRcs: RcsEngineLifecycleManagerV2: RcsServiceConnectionException was raised while waiting to connect to RcsEngineLifecycleServiceV2
02-10 13:49:55.486  2544  2788 E BugleRcs: cumf: RcsServiceConnectionException:com.google.android.rcs.client.lifecycle.RcsEngineLifecycleServiceV2:UNKNOWN
02-10 13:49:55.486  2544  2788 E BugleRcs: 	at culm.a(PG:54)
02-10 13:49:55.486  2544  2788 E BugleRcs: 	at kho.a(PG:19)
02-10 13:49:55.486  2544  2788 E BugleRcs: 	at culn.a(PG:14)
02-10 13:49:55.486  2544  2788 E BugleRcs: 	at elsk.a(PG:13)
02-10 13:49:55.486  2544  2788 E BugleRcs: 	at esfd.a(PG:3)
02-10 13:49:55.486  2544  2788 E BugleRcs: 	at eseb.run(PG:19)
02-10 13:49:55.486  2544  2788 E BugleRcs: 	at esff.run(PG:5)
02-10 13:49:55.486  2544  2788 E BugleRcs: 	at dubu.run(PG:7)
02-10 13:49:55.486  2544  2788 E BugleRcs: 	at java.util.concurrent.ThreadPoolExecutor.runWorker(ThreadPoolExecutor.java:1156)
02-10 13:49:55.486  2544  2788 E BugleRcs: 	at java.util.concurrent.ThreadPoolExecutor$Worker.run(ThreadPoolExecutor.java:651)
02-10 13:49:55.486  2544  2788 E BugleRcs: 	at dubb.run(PG:6)
02-10 13:49:55.486  2544  2788 E BugleRcs: 	at java.lang.Thread.run(Thread.java:1119)
02-10 13:49:55.486  2544  2788 E BugleRcs: 	at ducv.run(PG:61)
02-10 13:49:55.547  2544  2788 E BugleRcs: RcsEngineLifecycleManagerV2: RcsServiceConnectionException was raised while waiting to connect to RcsEngineLifecycleServiceV2
02-10 13:49:55.547  2544  2788 E BugleRcs: cumf: RcsServiceConnectionException:com.google.android.rcs.client.lifecycle.RcsEngineLifecycleServiceV2:UNKNOWN
02-10 13:49:55.547  2544  2788 E BugleRcs: 	at culm.a(PG:54)
02-10 13:49:55.547  2544  2788 E BugleRcs: 	at kho.a(PG:19)
02-10 13:49:55.547  2544  2788 E BugleRcs: 	at culn.a(PG:14)
02-10 13:49:55.547  2544  2788 E BugleRcs: 	at elsk.a(PG:13)
02-10 13:49:55.547  2544  2788 E BugleRcs: 	at esfd.a(PG:3)
02-10 13:49:55.547  2544  2788 E BugleRcs: 	at eseb.run(PG:19)
02-10 13:49:55.547  2544  2788 E BugleRcs: 	at esff.run(PG:5)
02-10 13:49:55.547  2544  2788 E BugleRcs: 	at dubu.run(PG:7)
02-10 13:49:55.547  2544  2788 E BugleRcs: 	at java.util.concurrent.ThreadPoolExecutor.runWorker(ThreadPoolExecutor.java:1156)
02-10 13:49:55.547  2544  2788 E BugleRcs: 	at java.util.concurrent.ThreadPoolExecutor$Worker.run(ThreadPoolExecutor.java:651)
02-10 13:49:55.547  2544  2788 E BugleRcs: 	at dubb.run(PG:6)
02-10 13:49:55.547  2544  2788 E BugleRcs: 	at java.lang.Thread.run(Thread.java:1119)
02-10 13:49:55.547  2544  2788 E BugleRcs: 	at ducv.run(PG:61)
02-10 13:49:55.547  2544  2788 E BugleRcs: RcsEngineLifecycleManagerV2: RcsServiceConnectionException was raised while waiting to connect to RcsEngineLifecycleServiceV2
02-10 13:49:55.547  2544  2788 E BugleRcs: cumf: RcsServiceConnectionException:com.google.android.rcs.client.lifecycle.RcsEngineLifecycleServiceV2:UNKNOWN
02-10 13:49:55.547  2544  2788 E BugleRcs: 	at culm.a(PG:54)
02-10 13:49:55.547  2544  2788 E BugleRcs: 	at kho.a(PG:19)
02-10 13:49:55.547  2544  2788 E BugleRcs: 	at culn.a(PG:14)
02-10 13:49:55.547  2544  2788 E BugleRcs: 	at elsk.a(PG:13)
02-10 13:49:55.547  2544  2788 E BugleRcs: 	at esfd.a(PG:3)
02-10 13:49:55.547  2544  2788 E BugleRcs: 	at eseb.run(PG:19)
02-10 13:49:55.547  2544  2788 E BugleRcs: 	at esff.run(PG:5)
02-10 13:49:55.547  2544  2788 E BugleRcs: 	at dubu.run(PG:7)
02-10 13:49:55.547  2544  2788 E BugleRcs: 	at java.util.concurrent.ThreadPoolExecutor.runWorker(ThreadPoolExecutor.java:1156)
02-10 13:49:55.547  2544  2788 E BugleRcs: 	at java.util.concurrent.ThreadPoolExecutor$Worker.run(ThreadPoolExecutor.java:651)
02-10 13:49:55.547  2544  2788 E BugleRcs: 	at dubb.run(PG:6)
02-10 13:49:55.547  2544  2788 E BugleRcs: 	at java.lang.Thread.run(Thread.java:1119)
02-10 13:49:55.547  2544  2788 E BugleRcs: 	at ducv.run(PG:61)
02-10 13:49:55.576  2544  2831 E BugleRcs: RcsEngineLifecycleManagerV2: RcsServiceConnectionException was raised while waiting to connect to RcsEngineLifecycleServiceV2
02-10 13:49:55.576  2544  2831 E BugleRcs: cumf: RcsServiceConnectionException:com.google.android.rcs.client.lifecycle.RcsEngineLifecycleServiceV2:UNKNOWN
02-10 13:49:55.576  2544  2831 E BugleRcs: 	at culm.a(PG:54)
02-10 13:49:55.576  2544  2831 E BugleRcs: 	at kho.a(PG:19)
02-10 13:49:55.576  2544  2831 E BugleRcs: 	at culn.a(PG:14)
02-10 13:49:55.576  2544  2831 E BugleRcs: 	at elsk.a(PG:13)
02-10 13:49:55.576  2544  2831 E BugleRcs: 	at esfd.a(PG:3)
02-10 13:49:55.576  2544  2831 E BugleRcs: 	at eseb.run(PG:19)
02-10 13:49:55.576  2544  2831 E BugleRcs: 	at esff.run(PG:5)
02-10 13:49:55.576  2544  2831 E BugleRcs: 	at dubu.run(PG:7)
02-10 13:49:55.576  2544  2831 E BugleRcs: 	at java.util.concurrent.ThreadPoolExecutor.runWorker(ThreadPoolExecutor.java:1156)
02-10 13:49:55.576  2544  2831 E BugleRcs: 	at java.util.concurrent.ThreadPoolExecutor$Worker.run(ThreadPoolExecutor.java:651)
02-10 13:49:55.576  2544  2831 E BugleRcs: 	at dubb.run(PG:6)
02-10 13:49:55.576  2544  2831 E BugleRcs: 	at java.lang.Thread.run(Thread.java:1119)
02-10 13:49:55.576  2544  2831 E BugleRcs: 	at ducv.run(PG:61)
02-10 13:49:55.577  2544  2831 E BugleRcs: RcsEngineLifecycleManagerV2: RcsServiceConnectionException was raised while waiting to connect to RcsEngineLifecycleServiceV2
02-10 13:49:55.577  2544  2831 E BugleRcs: cumf: RcsServiceConnectionException:com.google.android.rcs.client.lifecycle.RcsEngineLifecycleServiceV2:UNKNOWN
02-10 13:49:55.577  2544  2831 E BugleRcs: 	at culm.a(PG:54)
02-10 13:49:55.577  2544  2831 E BugleRcs: 	at kho.a(PG:19)
02-10 13:49:55.577  2544  2831 E BugleRcs: 	at culn.a(PG:14)
02-10 13:49:55.577  2544  2831 E BugleRcs: 	at elsk.a(PG:13)
02-10 13:49:55.577  2544  2831 E BugleRcs: 	at esfd.a(PG:3)
02-10 13:49:55.577  2544  2831 E BugleRcs: 	at eseb.run(PG:19)
02-10 13:49:55.577  2544  2831 E BugleRcs: 	at esff.run(PG:5)
02-10 13:49:55.577  2544  2831 E BugleRcs: 	at dubu.run(PG:7)
02-10 13:49:55.577  2544  2831 E BugleRcs: 	at java.util.concurrent.ThreadPoolExecutor.runWorker(ThreadPoolExecutor.java:1156)
02-10 13:49:55.577  2544  2831 E BugleRcs: 	at java.util.concurrent.ThreadPoolExecutor$Worker.run(ThreadPoolExecutor.java:651)
02-10 13:49:55.577  2544  2831 E BugleRcs: 	at dubb.run(PG:6)
02-10 13:49:55.577  2544  2831 E BugleRcs: 	at java.lang.Thread.run(Thread.java:1119)
02-10 13:49:55.577  2544  2831 E BugleRcs: 	at ducv.run(PG:61)
02-10 13:49:55.978   820   962 E JobScheduler.JobStatus: App com.google.android.apps.photos became active but still in NEVER bucket
02-10 13:49:56.031   820   962 E JobScheduler.JobStatus: App com.google.android.apps.photos became active but still in NEVER bucket
02-10 13:49:56.031   820   962 E JobScheduler.JobStatus: App com.google.android.apps.photos became active but still in NEVER bucket
02-10 13:49:56.032   820   962 E JobScheduler.JobStatus: App com.google.android.apps.photos became active but still in NEVER bucket
02-10 13:49:56.032   820   962 E JobScheduler.JobStatus: App com.google.android.apps.photos became active but still in NEVER bucket
02-10 13:49:56.093  1490  2685 E WorkSourceUtil: Could not find package: com.google.android.gms.westworld
02-10 13:49:56.225  2925  2925 E android.traceur: Not starting debugger since process cannot load the jdwp agent.
02-10 13:49:56.314   820  1811 E JobScheduler.JobStatus: App com.google.android.apps.photos became active but still in NEVER bucket
02-10 13:49:56.348  2864  2864 E ashmem  : Pinning is deprecated since Android Q. Please use trim or other methods.
02-10 13:49:56.701   820   852 E JobScheduler.JobStatus: App com.google.android.apps.photos became active but still in NEVER bucket
02-10 13:49:56.790   820  1118 E JobScheduler.JobStatus: App com.google.android.apps.photos became active but still in NEVER bucket
02-10 13:49:56.818   820  1118 E JobScheduler.JobStatus: App com.google.android.apps.photos became active but still in NEVER bucket
02-10 13:49:56.869   820  1118 E JobScheduler.JobStatus: App com.google.android.apps.photos became active but still in NEVER bucket
02-10 13:49:56.961  2966  2966 E timeinitializer: Not starting debugger since process cannot load the jdwp agent.
02-10 13:49:57.674  3001  3001 E android.camera2: Not starting debugger since process cannot load the jdwp agent.
02-10 13:49:57.897   820  1881 E TransitionChain: Can't collect into a chain with no transition
02-10 13:49:57.898   820  1881 E TransitionChain: Can't collect into a chain with no transition
02-10 13:49:58.038  2864  2864 E UdfpsOverlayInteractor: invalid pixelPitch: -1.0. Pixel pitch must be updated per device.
02-10 13:49:58.064  3016  3016 E id.gms.unstable: Not starting debugger since process cannot load the jdwp agent.
02-10 13:49:58.633  2633  3045 E chromium: [0210/134958.629338:ERROR:variations_seed_loader.cc(39)] Seed missing signature.
02-10 13:49:58.726  3050  3050 E webview_service: Not starting debugger since process cannot load the jdwp agent.
02-10 13:49:59.428  3094  3094 E vicediagnostics: Not starting debugger since process cannot load the jdwp agent.
02-10 13:49:59.719  1734  1992 E SP.Service.AiAi: captions_i18n_v0_mandatory is opened by other clients. It will stay open until all clients close it.
02-10 13:49:59.720  1734  1992 E SP.Service.AiAi: captions_i18n_v0_en-US is opened by other clients. It will stay open until all clients close it.
02-10 13:49:59.805   820   820 E IPCThreadState: Binder transaction failure. id: 99908, BR_*: 29189, error: -22 (Invalid argument)
02-10 13:49:59.889   820   820 E IPCThreadState: Binder transaction failure. id: 100012, BR_*: 29189, error: -22 (Invalid argument)
02-10 13:50:00.767  2544  2788 E BugleRcs: RcsEngineLifecycleManagerV2: RcsServiceConnectionException was raised while waiting to connect to RcsEngineLifecycleServiceV2
02-10 13:50:00.767  2544  2788 E BugleRcs: cumf: RcsServiceConnectionException:com.google.android.rcs.client.lifecycle.RcsEngineLifecycleServiceV2:UNKNOWN
02-10 13:50:00.767  2544  2788 E BugleRcs: 	at culm.a(PG:54)
02-10 13:50:00.767  2544  2788 E BugleRcs: 	at kho.a(PG:19)
02-10 13:50:00.767  2544  2788 E BugleRcs: 	at culn.a(PG:14)
02-10 13:50:00.767  2544  2788 E BugleRcs: 	at elsk.a(PG:13)
02-10 13:50:00.767  2544  2788 E BugleRcs: 	at esfd.a(PG:3)
02-10 13:50:00.767  2544  2788 E BugleRcs: 	at eseb.run(PG:19)
02-10 13:50:00.767  2544  2788 E BugleRcs: 	at esff.run(PG:5)
02-10 13:50:00.767  2544  2788 E BugleRcs: 	at dubu.run(PG:7)
02-10 13:50:00.767  2544  2788 E BugleRcs: 	at java.util.concurrent.ThreadPoolExecutor.runWorker(ThreadPoolExecutor.java:1156)
02-10 13:50:00.767  2544  2788 E BugleRcs: 	at java.util.concurrent.ThreadPoolExecutor$Worker.run(ThreadPoolExecutor.java:651)
02-10 13:50:00.767  2544  2788 E BugleRcs: 	at dubb.run(PG:6)
02-10 13:50:00.767  2544  2788 E BugleRcs: 	at java.lang.Thread.run(Thread.java:1119)
02-10 13:50:00.767  2544  2788 E BugleRcs: 	at ducv.run(PG:61)
02-10 13:50:00.768  2544  2788 E BugleRcs: RcsEngineLifecycleManagerV2: RcsServiceConnectionException was raised while waiting to connect to RcsEngineLifecycleServiceV2
02-10 13:50:00.768  2544  2788 E BugleRcs: cumf: RcsServiceConnectionException:com.google.android.rcs.client.lifecycle.RcsEngineLifecycleServiceV2:UNKNOWN
02-10 13:50:00.768  2544  2788 E BugleRcs: 	at culm.a(PG:54)
02-10 13:50:00.768  2544  2788 E BugleRcs: 	at kho.a(PG:19)
02-10 13:50:00.768  2544  2788 E BugleRcs: 	at culn.a(PG:14)
02-10 13:50:00.768  2544  2788 E BugleRcs: 	at elsk.a(PG:13)
02-10 13:50:00.768  2544  2788 E BugleRcs: 	at esfd.a(PG:3)
02-10 13:50:00.768  2544  2788 E BugleRcs: 	at eseb.run(PG:19)
02-10 13:50:00.768  2544  2788 E BugleRcs: 	at esff.run(PG:5)
02-10 13:50:00.768  2544  2788 E BugleRcs: 	at dubu.run(PG:7)
02-10 13:50:00.768  2544  2788 E BugleRcs: 	at java.util.concurrent.ThreadPoolExecutor.runWorker(ThreadPoolExecutor.java:1156)
02-10 13:50:00.768  2544  2788 E BugleRcs: 	at java.util.concurrent.ThreadPoolExecutor$Worker.run(ThreadPoolExecutor.java:651)
02-10 13:50:00.768  2544  2788 E BugleRcs: 	at dubb.run(PG:6)
02-10 13:50:00.768  2544  2788 E BugleRcs: 	at java.lang.Thread.run(Thread.java:1119)
02-10 13:50:00.768  2544  2788 E BugleRcs: 	at ducv.run(PG:61)
02-10 13:50:00.910  3133  3133 E ndroid.settings: Not starting debugger since process cannot load the jdwp agent.
02-10 13:50:01.085  1490  2454 E AbstractGmsTracer: Traced class shouldn't be obfuscated: cykt [CONTEXT service_id=259 ]
02-10 13:50:01.758  2078  2384 E ajwr    : Couldn't get logged in Google account.
02-10 13:50:02.251  3016  3030 E ashmem  : Pinning is deprecated since Android Q. Please use trim or other methods.
02-10 13:50:02.267   551   662 E EGL_emulation: eglQueryContext 3100  EGL_BAD_ATTRIBUTE
02-10 13:50:02.267   551   662 E EGL_emulation: tid 662: eglQueryContext(2159): error 0x3004 (EGL_BAD_ATTRIBUTE)
02-10 13:50:02.501  3133  3133 E ashmem  : Pinning is deprecated since Android Q. Please use trim or other methods.
02-10 13:50:02.525  1490  1490 E GmsCoreLogger: Missing account for FACET_USAGE_GAIA_UNSAMPLED [CONTEXT service_id=299 ]
02-10 13:50:02.655  1490  1721 E WorkSourceUtil: Could not find package: gms_cast_prober
02-10 13:50:02.656  1490  1721 E WorkSourceUtil: Could not find package: gms_cast_prober
02-10 13:50:02.657  1490  1721 E WorkSourceUtil: Could not find package: gms_cast_prober
02-10 13:50:02.657  1490  1721 E WorkSourceUtil: Could not find package: gms_cast_prober
02-10 13:50:02.657  1490  1721 E WorkSourceUtil: Could not find package: gms_cast_prober
02-10 13:50:02.657  1490  1721 E WorkSourceUtil: Could not find package: gms_cast_prober
02-10 13:50:02.657  1490  1721 E WorkSourceUtil: Could not find package: gms_cast_prober
02-10 13:50:02.657  1490  1721 E WorkSourceUtil: Could not find package: gms_cast_prober
02-10 13:50:03.125  1490  1490 E GmsCoreLogger: Missing account for FACET_USAGE_GAIA_UNSAMPLED [CONTEXT service_id=299 ]
02-10 13:50:03.230  2621  2697 E DialerRestVvmCarrierService: com.android.dialer.voicemail.service.impl.vvmclients.rest.RestVvmCarrierService.getMsisdn:420 Retrieved phone number in an unexpected format: +15551234567 [CONTEXT disable_client_error_logging=true ]
02-10 13:50:03.230  2621  2697 E DialerRestVvmCarrierService: zxo: MEDIUM
02-10 13:50:03.230  2621  2697 E DialerRestVvmCarrierService: 	at a.cN(PG:15)
02-10 13:50:03.230  2621  2697 E DialerRestVvmCarrierService: 	at pxq.apply(PG:489)
02-10 13:50:03.230  2621  2697 E DialerRestVvmCarrierService: 	at zcp.apply(PG:13)
02-10 13:50:03.230  2621  2697 E DialerRestVvmCarrierService: 	at aaka.d(PG:3)
02-10 13:50:03.230  2621  2697 E DialerRestVvmCarrierService: 	at aakb.run(PG:38)
02-10 13:50:03.230  2621  2697 E DialerRestVvmCarrierService: 	at umz.run(PG:7)
02-10 13:50:03.230  2621  2697 E DialerRestVvmCarrierService: 	at aadu.run(PG:44)
02-10 13:50:03.230  2621  2697 E DialerRestVvmCarrierService: 	at tdt.run(PG:78)
02-10 13:50:03.230  2621  2697 E DialerRestVvmCarrierService: 	at cp.run(PG:143)
02-10 13:50:03.230  2621  2697 E DialerRestVvmCarrierService: 	at java.lang.Thread.run(Thread.java:1119)
02-10 13:50:03.230  2621  2697 E DialerRestVvmCarrierService: 	at uoe.run(PG:61)
02-10 13:50:03.255   820  1031 E WifiChipAidlImpl: getUsableChannels failed with service-specific exception: android.os.ServiceSpecificException:  (code 4)
02-10 13:50:03.396  3179  3179 E droid.dynsystem: Not starting debugger since process cannot load the jdwp agent.
02-10 13:50:03.408  2544  2831 E BugleRcs: RcsEngineLifecycleManagerV2: RcsServiceConnectionException was raised while waiting to connect to RcsEngineLifecycleServiceV2
02-10 13:50:03.408  2544  2831 E BugleRcs: cumf: RcsServiceConnectionException:com.google.android.rcs.client.lifecycle.RcsEngineLifecycleServiceV2:UNKNOWN
02-10 13:50:03.408  2544  2831 E BugleRcs: 	at culm.a(PG:54)
02-10 13:50:03.408  2544  2831 E BugleRcs: 	at kho.a(PG:19)
02-10 13:50:03.408  2544  2831 E BugleRcs: 	at culn.a(PG:14)
02-10 13:50:03.408  2544  2831 E BugleRcs: 	at elsk.a(PG:13)
02-10 13:50:03.408  2544  2831 E BugleRcs: 	at esfd.a(PG:3)
02-10 13:50:03.408  2544  2831 E BugleRcs: 	at eseb.run(PG:19)
02-10 13:50:03.408  2544  2831 E BugleRcs: 	at esff.run(PG:5)
02-10 13:50:03.408  2544  2831 E BugleRcs: 	at dubu.run(PG:7)
02-10 13:50:03.408  2544  2831 E BugleRcs: 	at java.util.concurrent.ThreadPoolExecutor.runWorker(ThreadPoolExecutor.java:1156)
02-10 13:50:03.408  2544  2831 E BugleRcs: 	at java.util.concurrent.ThreadPoolExecutor$Worker.run(ThreadPoolExecutor.java:651)
02-10 13:50:03.408  2544  2831 E BugleRcs: 	at dubb.run(PG:6)
02-10 13:50:03.408  2544  2831 E BugleRcs: 	at java.lang.Thread.run(Thread.java:1119)
02-10 13:50:03.408  2544  2831 E BugleRcs: 	at ducv.run(PG:61)
02-10 13:50:03.430  2544  2831 E BugleRcs: RcsEngineLifecycleManagerV2: RcsServiceConnectionException was raised while waiting to connect to RcsEngineLifecycleServiceV2
02-10 13:50:03.430  2544  2831 E BugleRcs: cumf: RcsServiceConnectionException:com.google.android.rcs.client.lifecycle.RcsEngineLifecycleServiceV2:UNKNOWN
02-10 13:50:03.430  2544  2831 E BugleRcs: 	at culm.a(PG:54)
02-10 13:50:03.430  2544  2831 E BugleRcs: 	at kho.a(PG:19)
02-10 13:50:03.430  2544  2831 E BugleRcs: 	at culn.a(PG:14)
02-10 13:50:03.430  2544  2831 E BugleRcs: 	at elsk.a(PG:13)
02-10 13:50:03.430  2544  2831 E BugleRcs: 	at esfd.a(PG:3)
02-10 13:50:03.430  2544  2831 E BugleRcs: 	at eseb.run(PG:19)
02-10 13:50:03.430  2544  2831 E BugleRcs: 	at esff.run(PG:5)
02-10 13:50:03.430  2544  2831 E BugleRcs: 	at dubu.run(PG:7)
02-10 13:50:03.430  2544  2831 E BugleRcs: 	at java.util.concurrent.ThreadPoolExecutor.runWorker(ThreadPoolExecutor.java:1156)
02-10 13:50:03.430  2544  2831 E BugleRcs: 	at java.util.concurrent.ThreadPoolExecutor$Worker.run(ThreadPoolExecutor.java:651)
02-10 13:50:03.430  2544  2831 E BugleRcs: 	at dubb.run(PG:6)
02-10 13:50:03.430  2544  2831 E BugleRcs: 	at java.lang.Thread.run(Thread.java:1119)
02-10 13:50:03.430  2544  2831 E BugleRcs: 	at ducv.run(PG:61)
02-10 13:50:03.666   551   705 E HwcComposer: getDisplayDecorationSupport failed Status(-8, EX_SERVICE_SPECIFIC): '8: '
02-10 13:50:03.669   551   705 E HWComposer: getDisplayDecorationSupport: getDisplayDecorationSupport failed for display 4619827259835644672: UNSUPPORTED (8)
02-10 13:50:03.722  2621  2686 E DialerRestVvmCarrierService: com.android.dialer.voicemail.service.impl.vvmclients.rest.RestVvmCarrierService.getMsisdn:420 Retrieved phone number in an unexpected format: +15551234567 [CONTEXT disable_client_error_logging=true ]
02-10 13:50:03.722  2621  2686 E DialerRestVvmCarrierService: zxo: MEDIUM
02-10 13:50:03.722  2621  2686 E DialerRestVvmCarrierService: 	at a.cN(PG:15)
02-10 13:50:03.722  2621  2686 E DialerRestVvmCarrierService: 	at pxq.apply(PG:489)
02-10 13:50:03.722  2621  2686 E DialerRestVvmCarrierService: 	at zcp.apply(PG:13)
02-10 13:50:03.722  2621  2686 E DialerRestVvmCarrierService: 	at aaka.d(PG:3)
02-10 13:50:03.722  2621  2686 E DialerRestVvmCarrierService: 	at aakb.run(PG:38)
02-10 13:50:03.722  2621  2686 E DialerRestVvmCarrierService: 	at umz.run(PG:7)
02-10 13:50:03.722  2621  2686 E DialerRestVvmCarrierService: 	at aadu.run(PG:44)
02-10 13:50:03.722  2621  2686 E DialerRestVvmCarrierService: 	at tdt.run(PG:78)
02-10 13:50:03.722  2621  2686 E DialerRestVvmCarrierService: 	at cp.run(PG:143)
02-10 13:50:03.722  2621  2686 E DialerRestVvmCarrierService: 	at java.lang.Thread.run(Thread.java:1119)
02-10 13:50:03.722  2621  2686 E DialerRestVvmCarrierService: 	at uoe.run(PG:61)
02-10 13:50:04.081  3199  3199 E ystem:dynsystem: Not starting debugger since process cannot load the jdwp agent.
02-10 13:50:04.180  1490  2668 E ctxmgr  : [ShushGestureSensor] Context hub handle not found [CONTEXT service_id=47 ]
02-10 13:50:04.348  3209  3209 E id.apps.restore: Not starting debugger since process cannot load the jdwp agent.
02-10 13:50:04.459  2621  2697 E DialerRestVvmCarrierService: com.android.dialer.voicemail.service.impl.vvmclients.rest.RestVvmCarrierService.getMsisdn:420 Retrieved phone number in an unexpected format: +15551234567 [CONTEXT disable_client_error_logging=true ]
02-10 13:50:04.459  2621  2697 E DialerRestVvmCarrierService: zxo: MEDIUM
02-10 13:50:04.459  2621  2697 E DialerRestVvmCarrierService: 	at a.cN(PG:15)
02-10 13:50:04.459  2621  2697 E DialerRestVvmCarrierService: 	at pxq.apply(PG:489)
02-10 13:50:04.459  2621  2697 E DialerRestVvmCarrierService: 	at zcp.apply(PG:13)
02-10 13:50:04.459  2621  2697 E DialerRestVvmCarrierService: 	at aaka.d(PG:3)
02-10 13:50:04.459  2621  2697 E DialerRestVvmCarrierService: 	at aakb.run(PG:38)
02-10 13:50:04.459  2621  2697 E DialerRestVvmCarrierService: 	at umz.run(PG:7)
02-10 13:50:04.459  2621  2697 E DialerRestVvmCarrierService: 	at aadu.run(PG:44)
02-10 13:50:04.459  2621  2697 E DialerRestVvmCarrierService: 	at tdt.run(PG:78)
02-10 13:50:04.459  2621  2697 E DialerRestVvmCarrierService: 	at cp.run(PG:143)
02-10 13:50:04.459  2621  2697 E DialerRestVvmCarrierService: 	at java.lang.Thread.run(Thread.java:1119)
02-10 13:50:04.459  2621  2697 E DialerRestVvmCarrierService: 	at uoe.run(PG:61)
02-10 13:50:05.130  3209  3240 E ashmem  : Pinning is deprecated since Android Q. Please use trim or other methods.
02-10 13:50:05.179  1490  3242 E ctxmgr  : [ShushGestureSensor] Context hub handle not found [CONTEXT service_id=47 ]
02-10 13:50:05.323  3247  3247 E gedprovisioning: Not starting debugger since process cannot load the jdwp agent.
02-10 13:50:05.675  3133  3133 E SmsApplication: com.google.android.apps.messaging lost android:read_cell_broadcasts:  (fixing)
02-10 13:50:05.756  3133  3133 E SmsApplication: com.google.android.apps.messaging lost android:read_cell_broadcasts:  (fixing)
02-10 13:50:05.764  3247  3247 E ashmem  : Pinning is deprecated since Android Q. Please use trim or other methods.
02-10 13:50:05.834  2078  2078 E rdv     : onError
02-10 13:50:05.834  2078  2078 E rdv     : afvv: errorCode: 65561, engine: 2
02-10 13:50:05.834  2078  2078 E rdv     : 	at auki.a(PG:23)
02-10 13:50:05.834  2078  2078 E rdv     : 	at abhl.hv(PG:13)
02-10 13:50:05.834  2078  2078 E rdv     : 	at fyqd.e(PG:9)
02-10 13:50:05.834  2078  2078 E rdv     : 	at ahbi.d(PG:154)
02-10 13:50:05.834  2078  2078 E rdv     : 	at ahbi.iW(PG:26)
02-10 13:50:05.834  2078  2078 E rdv     : 	at abhm.c(PG:102)
02-10 13:50:05.834  2078  2078 E rdv     : 	at abhn.run(PG:1)
02-10 13:50:05.834  2078  2078 E rdv     : 	at java.util.concurrent.Executors$RunnableAdapter.call(Executors.java:524)
02-10 13:50:05.834  2078  2078 E rdv     : 	at java.util.concurrent.FutureTask.run(FutureTask.java:317)
02-10 13:50:05.834  2078  2078 E rdv     : 	at aggv.run(PG:20)
02-10 13:50:05.834  2078  2078 E rdv     : 	at aght.run(PG:3)
02-10 13:50:05.834  2078  2078 E rdv     : 	at aght.run(PG:3)
02-10 13:50:05.834  2078  2078 E rdv     : 	at java.util.concurrent.ThreadPoolExecutor.runWorker(ThreadPoolExecutor.java:1156)
02-10 13:50:05.834  2078  2078 E rdv     : 	at java.util.concurrent.ThreadPoolExecutor$Worker.run(ThreadPoolExecutor.java:651)
02-10 13:50:05.834  2078  2078 E rdv     : 	at java.lang.Thread.run(Thread.java:1119)
02-10 13:50:05.834  2078  2078 E rdv     : 	at aggj.run(PG:42)
02-10 13:50:05.834  2078  2078 E rdv     : Caused by: afvx: errorCode: 65586, engine: 2
02-10 13:50:05.834  2078  2078 E rdv     : 	at abhl.hv(PG:6)
02-10 13:50:05.834  2078  2078 E rdv     : 	... 14 more
02-10 13:50:05.834  2078  2078 E rdv     : Caused by: afvt: errorCode: 401, engine: 2
02-10 13:50:05.834  2078  2078 E rdv     : 	at rds.b(PG:30)
02-10 13:50:05.834  2078  2078 E rdv     : 	at abii.hJ(PG:11)
02-10 13:50:05.834  2078  2078 E rdv     : 	at ahbi.d(PG:129)
02-10 13:50:05.834  2078  2078 E rdv     : 	... 12 more
02-10 13:50:06.146  3260  3260 E .apps.safetyhub: Not starting debugger since process cannot load the jdwp agent.
02-10 13:50:06.190  1490  2712 E ggdc    : RuntimeException while executing runnable ggdr{ajmv@25269da} with executor MoreExecutors.directExecutor()
02-10 13:50:06.190  1490  2712 E ggdc    : java.lang.NullPointerException: Attempt to get length of null array
02-10 13:50:06.190  1490  2712 E ggdc    : 	at android.util.Base64.encode(Base64.java:497)
02-10 13:50:06.190  1490  2712 E ggdc    : 	at android.util.Base64.encodeToString(Base64.java:459)
02-10 13:50:06.190  1490  2712 E ggdc    : 	at com.google.android.gms.auth.proximity.RemoteDevice.a(:com.google.android.gms@252635038@25.26.35 (260800-783060121):3)
02-10 13:50:06.190  1490  2712 E ggdc    : 	at ajmv.b(:com.google.android.gms@252635038@25.26.35 (260800-783060121):3)
02-10 13:50:06.190  1490  2712 E ggdc    : 	at ggdr.run(:com.google.android.gms@252635038@25.26.35 (260800-783060121):29)
02-10 13:50:06.190  1490  2712 E ggdc    : 	at ggcy.execute(:com.google.android.gms@252635038@25.26.35 (260800-783060121):1)
02-10 13:50:06.190  1490  2712 E ggdc    : 	at ggdc.c(:com.google.android.gms@252635038@25.26.35 (260800-783060121):1)
02-10 13:50:06.190  1490  2712 E ggdc    : 	at ggdc.b(:com.google.android.gms@252635038@25.26.35 (260800-783060121):32)
02-10 13:50:06.190  1490  2712 E ggdc    : 	at azpo.done(:com.google.android.gms@252635038@25.26.35 (260800-783060121):6)
02-10 13:50:06.190  1490  2712 E ggdc    : 	at java.util.concurrent.FutureTask.finishCompletion(FutureTask.java:434)
02-10 13:50:06.190  1490  2712 E ggdc    : 	at java.util.concurrent.FutureTask.set(FutureTask.java:285)
02-10 13:50:06.190  1490  2712 E ggdc    : 	at java.util.concurrent.FutureTask.run(FutureTask.java:325)
02-10 13:50:06.190  1490  2712 E ggdc    : 	at azpj.c(:com.google.android.gms@252635038@25.26.35 (260800-783060121):50)
02-10 13:50:06.190  1490  2712 E ggdc    : 	at azpj.run(:com.google.android.gms@252635038@25.26.35 (260800-783060121):70)
02-10 13:50:06.190  1490  2712 E ggdc    : 	at java.util.concurrent.ThreadPoolExecutor.runWorker(ThreadPoolExecutor.java:1156)
02-10 13:50:06.190  1490  2712 E ggdc    : 	at java.util.concurrent.ThreadPoolExecutor$Worker.run(ThreadPoolExecutor.java:651)
02-10 13:50:06.190  1490  2712 E ggdc    : 	at azva.run(:com.google.android.gms@252635038@25.26.35 (260800-783060121):8)
02-10 13:50:06.190  1490  2712 E ggdc    : 	at java.lang.Thread.run(Thread.java:1119)
02-10 13:50:06.324  1853  3193 E CastAuth: [CastAuthModuleInitIntent] Feature is not available, reason = CastAuth feature is disabled on this 1p device.. [CONTEXT service_id=360 ]
02-10 13:50:06.479  2864  2864 E EdgeBackGestureHandler: No resource found for gesture-blocking activities
02-10 13:50:06.519  1853  2536 E IPCThreadState: Binder transaction failure. id: 114120, BR_*: 29201, error: -28 (No space left on device)
02-10 13:50:06.519  1853  2536 E JavaBinder: !!! FAILED BINDER TRANSACTION !!!  (parcel size = 1056768)
02-10 13:50:06.540   820   851 E JobScheduler.JobStatus: App com.google.android.apps.photos became active but still in NEVER bucket
02-10 13:50:06.656  2078  2163 E fbby    : (REDACTED) Failed to recover geofences for LBT Routines using Geller data
02-10 13:50:06.656  2078  2163 E fbby    : com.google.android.libraries.geller.portable.GellerException: Code: INVALID_ARGUMENT, Message: Account name is null.
02-10 13:50:06.656  2078  2163 E fbby    : 	at emtm.a(PG:21)
02-10 13:50:06.656  2078  2163 E fbby    : 	at emtv.a(PG:9)
02-10 13:50:06.656  2078  2163 E fbby    : 	at fcqs.a(PG:13)
02-10 13:50:06.656  2078  2163 E fbby    : 	at fmpm.a(PG:3)
02-10 13:50:06.656  2078  2163 E fbby    : 	at fmrb.run(PG:19)
02-10 13:50:06.656  2078  2163 E fbby    : 	at djui.run(PG:5)
02-10 13:50:06.656  2078  2163 E fbby    : 	at fler.run(PG:44)
02-10 13:50:06.656  2078  2163 E fbby    : 	at djtz.run(PG:42)
02-10 13:50:06.656  2078  2163 E fbby    : 	at java.lang.Thread.run(Thread.java:1119)
02-10 13:50:06.656  2078  2163 E fbby    : 	at djvl.run(PG:62)
02-10 13:50:06.825  3260  3307 E ashmem  : Pinning is deprecated since Android Q. Please use trim or other methods.
02-10 13:50:06.847  3316  3316 E viders.calendar: Not starting debugger since process cannot load the jdwp agent.
02-10 13:50:07.288  3316  3316 E ashmem  : Pinning is deprecated since Android Q. Please use trim or other methods.
02-10 13:50:07.436  3331  3331 E m.android.shell: Not starting debugger since process cannot load the jdwp agent.
02-10 13:50:07.857  1490  1976 E .gms.persistent: hiddenapi: Accessing hidden method Landroid/net/ConnectivityManager;->isNetworkSupported(I)Z (runtime_flags=0, domain=platform, api=max-target-p) from Laztk; (domain=app) using reflection: denied
02-10 13:50:08.015  3354  3354 E d.configupdater: Not starting debugger since process cannot load the jdwp agent.
02-10 13:50:08.700  2864  2864 E DSRotLockSettingsMngr: No matching device state for posture: 0
02-10 13:50:08.715  2864  2864 E DSRotLockSettingsMngr: No matching device state for posture: 2
02-10 13:50:08.720  2864  2864 E DSRotLockSettingsMngr: No matching device state for posture: 1
02-10 13:50:08.826  3392  3392 E ederatedcompute: Not starting debugger since process cannot load the jdwp agent.
02-10 13:50:08.843  3354  3354 E ConfigUpdater: ignoring update request
02-10 13:50:08.854  3354  3354 E ConfigUpdater: ignoring update request
02-10 13:50:08.863  3354  3354 E ConfigUpdater: ignoring update request
02-10 13:50:08.874  3354  3354 E ConfigUpdater: ignoring update request
02-10 13:50:08.898  3354  3354 E ConfigUpdater: ignoring update request
02-10 13:50:08.916  3354  3354 E ConfigUpdater: ignoring update request
02-10 13:50:08.954  3354  3354 E ConfigUpdater: ignoring update request
02-10 13:50:08.973  3354  3354 E ConfigUpdater: ignoring update request
02-10 13:50:09.016  3354  3354 E ConfigUpdater: ignoring update request
02-10 13:50:09.026  3354  3354 E ConfigUpdater: ignoring update request
02-10 13:50:09.042  3354  3354 E ConfigUpdater: ignoring update request
02-10 13:50:09.061  3354  3354 E ConfigUpdater: ignoring update request
02-10 13:50:09.080   820   852 E JobScheduler.JobStatus: App com.google.android.apps.photos became active but still in NEVER bucket
02-10 13:50:09.299  3430  3430 E nect.controller: Not starting debugger since process cannot load the jdwp agent.
02-10 13:50:10.092  3453  3453 E android.rkpdapp: Not starting debugger since process cannot load the jdwp agent.
02-10 13:50:08.069     0     0 E servicemanager: VINTF HALs require names in the format type/instance (e.g. some.package.foo.IFoo/default) but got: media_quality
02-10 13:50:08.075     0     0 E servicemanager: VINTF HALs require names in the format type/instance (e.g. some.package.foo.IFoo/default) but got: media_quality
02-10 13:50:10.172  2864  3441 E MediaCodec: Media Quality Service not found.
02-10 13:50:10.176  2864  3444 E ndroid.systemui: Failed to query component interface for required system resources: 6
02-10 13:50:10.177  2864  3442 E MediaCodec: Media Quality Service not found.
02-10 13:50:10.182  2864  3447 E ndroid.systemui: Failed to query component interface for required system resources: 6
02-10 13:50:10.214   605   734 E Codec2-ComponentInterface: We have a failed config
02-10 13:50:10.215   605   732 E Codec2-ComponentInterface: We have a failed config
02-10 13:50:10.395   820  1893 E IPCThreadState: Binder transaction failure. id: 122655, BR_*: 29189, error: -22 (Invalid argument)
02-10 13:50:10.484  1853  2063 E ZappPhoneskyConn: Unable to bind to Phonesky
02-10 13:50:10.543  2864  3441 E MediaCodec: Media Quality Service not found.
02-10 13:50:08.443     0     0 E servicemanager: VINTF HALs require names in the format type/instance (e.g. some.package.foo.IFoo/default) but got: media_quality
02-10 13:50:10.551  2864  3475 E ndroid.systemui: Failed to query component interface for required system resources: 6
02-10 13:50:10.563   605   635 E Codec2-ComponentInterface: We have a failed config
02-10 13:50:10.661  2864  2864 E LauncherProxyService: Failed to get launcher proxy for disable flags.
02-10 13:50:10.837  2864  2864 E LauncherProxyService: Failed to get launcher proxy for disable flags.
02-10 13:50:10.875  3453  3483 E ashmem  : Pinning is deprecated since Android Q. Please use trim or other methods.
02-10 13:50:10.944  1853  2063 E ZappPhoneskyConn: Unable to bind to Phonesky
02-10 13:50:10.944  1853  2063 E DynamicModuleDownloader: Zapp module request failed: null
02-10 13:50:11.310  3490  3490 E zation.services: Not starting debugger since process cannot load the jdwp agent.
02-10 13:50:11.690  2078  2187 E ajwr    : Couldn't get logged in Google account.
02-10 13:50:12.172  3533  3533 E ackageinstaller: Not starting debugger since process cannot load the jdwp agent.
02-10 13:50:12.599  2864  2864 E LauncherProxyService: Failed to get launcher proxy for disable flags.
02-10 13:50:12.688   540   540 E WVCdm   : [oemcrypto_adapter_dynamic.cpp(1352):ValidateOrInstallL1KeyboxOrCert] L1 not initialized. Falling back to L3
02-10 13:50:12.711   540   540 E WVCdm   : [oemcrypto_adapter_dynamic.cpp(1352):ValidateOrInstallL1KeyboxOrCert] L1 not initialized. Falling back to L3
02-10 13:50:12.960  1490  1490 E GmsCoreLogger: Missing account for FACET_USAGE_GAIA_UNSAMPLED [CONTEXT service_id=299 ]
02-10 13:50:13.121  3566  3566 E id.partnersetup: Not starting debugger since process cannot load the jdwp agent.
02-10 13:50:13.133  2633  2732 E unknown:SurfaceMountingManager: Stopping surface [1]
02-10 13:50:13.135  2633  2633 E unknown:ReactNative: Tried to remove non-existent frame callback
02-10 13:50:13.326  2633  2633 E unknown:IntBufferBatchMountItem: Skipping batch of MountItems; was stopped [1].
02-10 13:50:13.432  2633  2633 E unknown:SurfaceMountingManager: Surface [1] was stopped on SurfaceMountingManager.
02-10 13:50:13.507  1853  3194 E GoogleSettingsUtils: Cannot write token, exception in Context lookup [CONTEXT service_id=130 ]
02-10 13:50:13.507  1853  3194 E GoogleSettingsUtils: java.io.FileNotFoundException: /data/user/0/com.google.android.gsf/files/security_token: open failed: ENOENT (No such file or directory)
02-10 13:50:13.507  1853  3194 E GoogleSettingsUtils: 	at libcore.io.IoBridge.open(IoBridge.java:574)
02-10 13:50:13.507  1853  3194 E GoogleSettingsUtils: 	at java.io.FileOutputStream.<init>(FileOutputStream.java:259)
02-10 13:50:13.507  1853  3194 E GoogleSettingsUtils: 	at android.app.ContextImpl.openFileOutput(ContextImpl.java:794)
02-10 13:50:13.507  1853  3194 E GoogleSettingsUtils: 	at atym.a(:com.google.android.gms@252635038@25.26.35 (260800-783060121):1738)
02-10 13:50:13.507  1853  3194 E GoogleSettingsUtils: 	at atzw.a(:com.google.android.gms@252635038@25.26.35 (260800-783060121):834)
02-10 13:50:13.507  1853  3194 E GoogleSettingsUtils: 	at com.google.android.gms.checkin.CheckinIntentOperation.onHandleIntent(:com.google.android.gms@252635038@25.26.35 (260800-783060121):30)
02-10 13:50:13.507  1853  3194 E GoogleSettingsUtils: 	at com.google.android.chimera.IntentOperation.onHandleIntent(:com.google.android.gms@252635038@25.26.35 (260800-783060121):2)
02-10 13:50:13.507  1853  3194 E GoogleSettingsUtils: 	at aumo.onHandleIntent(:com.google.android.gms@252635038@25.26.35 (260800-783060121):8)
02-10 13:50:13.507  1853  3194 E GoogleSettingsUtils: 	at vzd.run(:com.google.android.gms@252635038@25.26.35 (260800-783060121):64)
02-10 13:50:13.507  1853  3194 E GoogleSettingsUtils: 	at vzc.run(:com.google.android.gms@252635038@25.26.35 (260800-783060121):132)
02-10 13:50:13.507  1853  3194 E GoogleSettingsUtils: 	at fyac.run(:com.google.android.gms@252635038@25.26.35 (260800-783060121):21)
02-10 13:50:13.507  1853  3194 E GoogleSettingsUtils: 	at java.util.concurrent.ThreadPoolExecutor.runWorker(ThreadPoolExecutor.java:1156)
02-10 13:50:13.507  1853  3194 E GoogleSettingsUtils: 	at java.util.concurrent.ThreadPoolExecutor$Worker.run(ThreadPoolExecutor.java:651)
02-10 13:50:13.507  1853  3194 E GoogleSettingsUtils: 	at java.lang.Thread.run(Thread.java:1119)
02-10 13:50:13.507  1853  3194 E GoogleSettingsUtils: Caused by: android.system.ErrnoException: open failed: ENOENT (No such file or directory)
02-10 13:50:13.507  1853  3194 E GoogleSettingsUtils: 	at libcore.io.Linux.open(Native Method)
02-10 13:50:13.507  1853  3194 E GoogleSettingsUtils: 	at libcore.io.ForwardingOs.open(ForwardingOs.java:568)
02-10 13:50:13.507  1853  3194 E GoogleSettingsUtils: 	at libcore.io.BlockGuardOs.open(BlockGuardOs.java:274)
02-10 13:50:13.507  1853  3194 E GoogleSettingsUtils: 	at libcore.io.ForwardingOs.open(ForwardingOs.java:568)
02-10 13:50:13.507  1853  3194 E GoogleSettingsUtils: 	at android.app.ActivityThread$AndroidOs.open(ActivityThread.java:8953)
02-10 13:50:13.507  1853  3194 E GoogleSettingsUtils: 	at libcore.io.IoBridge.open(IoBridge.java:560)
02-10 13:50:13.507  1853  3194 E GoogleSettingsUtils: 	... 13 more
02-10 13:50:13.530  1853  2603 E SharedPreferencesImpl: Couldn't create directory for SharedPreferences file /data/user/0/com.google.android.gsf/shared_prefs/CheckinService.xml
02-10 13:50:13.779  1328  1328 E SmsApplication: com.google.android.apps.messaging lost android:read_cell_broadcasts:  (fixing)
02-10 13:50:13.977  1282  1381 E SystemServiceRegistry: No service published for: ethernet
02-10 13:50:13.977  1282  1381 E SystemServiceRegistry: android.os.ServiceManager$ServiceNotFoundException: No service published for: ethernet
02-10 13:50:13.977  1282  1381 E SystemServiceRegistry: 	at android.os.ServiceManager.getServiceOrThrow(ServiceManager.java:203)
